[exp2_wd_dropout] subtrain=769 val=210 test=240
[exp2_wd_dropout] calibrated v_thresh_init=13.1199
[exp2_wd_dropout] epoch 1/200 loss=1.6019 train_acc=0.4453 v_thresh=13.1195 (5s)
[exp2_wd_dropout] epoch 2/200 loss=0.9989 train_acc=0.6263 v_thresh=13.1201 (10s)
[exp2_wd_dropout] epoch 3/200 loss=0.7993 train_acc=0.6953 v_thresh=13.1209 (15s)
[exp2_wd_dropout] epoch 4/200 loss=0.7284 train_acc=0.7370 v_thresh=13.1208 (19s)
[exp2_wd_dropout] epoch 5/200 loss=0.6514 train_acc=0.7552 val_acc=0.6048 v_thresh=13.1278 (25s)
[exp2_wd_dropout] epoch 6/200 loss=0.7139 train_acc=0.7539 v_thresh=13.1278 (30s)
[exp2_wd_dropout] epoch 7/200 loss=0.6530 train_acc=0.7760 v_thresh=13.1180 (35s)
[exp2_wd_dropout] epoch 8/200 loss=0.6013 train_acc=0.7812 v_thresh=13.1158 (39s)
[exp2_wd_dropout] epoch 9/200 loss=0.6894 train_acc=0.7461 v_thresh=13.1156 (44s)
[exp2_wd_dropout] epoch 10/200 loss=0.6247 train_acc=0.7591 val_acc=0.6143 v_thresh=13.1156 (50s)
[exp2_wd_dropout] epoch 11/200 loss=0.5479 train_acc=0.8398 v_thresh=13.1156 (54s)
[exp2_wd_dropout] epoch 12/200 loss=0.4868 train_acc=0.8568 v_thresh=13.1156 (59s)
[exp2_wd_dropout] epoch 13/200 loss=0.4629 train_acc=0.8776 v_thresh=13.1156 (64s)
[exp2_wd_dropout] epoch 14/200 loss=0.5200 train_acc=0.8229 v_thresh=13.1156 (68s)
[exp2_wd_dropout] epoch 15/200 loss=0.4904 train_acc=0.8672 val_acc=0.6238 v_thresh=13.1156 (74s)
[exp2_wd_dropout] epoch 16/200 loss=0.4994 train_acc=0.8607 v_thresh=13.1156 (79s)
[exp2_wd_dropout] epoch 17/200 loss=0.4904 train_acc=0.8372 v_thresh=13.1156 (83s)
[exp2_wd_dropout] epoch 18/200 loss=0.5309 train_acc=0.8177 v_thresh=13.1156 (88s)
[exp2_wd_dropout] epoch 19/200 loss=0.4411 train_acc=0.8659 v_thresh=13.1156 (93s)
[exp2_wd_dropout] epoch 20/200 loss=0.3819 train_acc=0.8854 val_acc=0.6524 v_thresh=13.1156 (98s)
[exp2_wd_dropout] epoch 21/200 loss=0.3430 train_acc=0.9154 v_thresh=13.1156 (103s)
[exp2_wd_dropout] epoch 22/200 loss=0.3199 train_acc=0.9375 v_thresh=13.1156 (108s)
[exp2_wd_dropout] epoch 23/200 loss=0.3395 train_acc=0.9245 v_thresh=13.1156 (112s)
[exp2_wd_dropout] epoch 24/200 loss=0.3353 train_acc=0.9167 v_thresh=13.1156 (117s)
[exp2_wd_dropout] epoch 25/200 loss=0.3537 train_acc=0.8854 val_acc=0.6762 v_thresh=13.1156 (122s)
[exp2_wd_dropout] epoch 26/200 loss=0.3102 train_acc=0.9154 v_thresh=13.1156 (127s)
[exp2_wd_dropout] epoch 27/200 loss=0.3104 train_acc=0.9414 v_thresh=13.1156 (132s)
[exp2_wd_dropout] epoch 28/200 loss=0.2701 train_acc=0.9492 v_thresh=13.1156 (136s)
[exp2_wd_dropout] epoch 29/200 loss=0.2914 train_acc=0.9453 v_thresh=13.1156 (141s)
[exp2_wd_dropout] epoch 30/200 loss=0.2701 train_acc=0.9505 val_acc=0.6857 v_thresh=13.1156 (146s)
[exp2_wd_dropout] epoch 31/200 loss=0.3008 train_acc=0.9219 v_thresh=13.1156 (151s)
[exp2_wd_dropout] epoch 32/200 loss=0.2805 train_acc=0.9401 v_thresh=13.1156 (156s)
[exp2_wd_dropout] epoch 33/200 loss=0.2631 train_acc=0.9544 v_thresh=13.1156 (160s)
[exp2_wd_dropout] epoch 34/200 loss=0.2840 train_acc=0.9375 v_thresh=13.1156 (165s)
[exp2_wd_dropout] epoch 35/200 loss=0.2857 train_acc=0.9427 val_acc=0.7095 v_thresh=13.1156 (171s)
[exp2_wd_dropout] epoch 36/200 loss=0.2864 train_acc=0.9414 v_thresh=13.1155 (175s)
[exp2_wd_dropout] epoch 37/200 loss=0.3284 train_acc=0.9362 v_thresh=13.1154 (180s)
[exp2_wd_dropout] epoch 38/200 loss=0.3319 train_acc=0.9167 v_thresh=13.1154 (184s)
[exp2_wd_dropout] epoch 39/200 loss=0.3524 train_acc=0.8997 v_thresh=13.1154 (189s)
[exp2_wd_dropout] epoch 40/200 loss=0.3483 train_acc=0.8984 val_acc=0.6857 v_thresh=13.1155 (195s)
[exp2_wd_dropout] epoch 41/200 loss=0.3640 train_acc=0.8919 v_thresh=13.1235 (200s)
[exp2_wd_dropout] epoch 42/200 loss=0.3751 train_acc=0.8997 v_thresh=13.1292 (204s)
[exp2_wd_dropout] epoch 43/200 loss=0.3775 train_acc=0.9076 v_thresh=13.1297 (209s)
[exp2_wd_dropout] epoch 44/200 loss=0.3978 train_acc=0.8854 v_thresh=13.1297 (214s)
[exp2_wd_dropout] epoch 45/200 loss=0.3477 train_acc=0.9232 val_acc=0.6429 v_thresh=13.1298 (219s)
[exp2_wd_dropout] epoch 46/200 loss=0.3607 train_acc=0.9089 v_thresh=13.1298 (224s)
[exp2_wd_dropout] epoch 47/200 loss=0.3650 train_acc=0.9102 v_thresh=13.1298 (228s)
[exp2_wd_dropout] epoch 48/200 loss=0.3387 train_acc=0.9297 v_thresh=13.1298 (233s)
[exp2_wd_dropout] epoch 49/200 loss=0.3733 train_acc=0.9089 v_thresh=13.1298 (238s)
[exp2_wd_dropout] epoch 50/200 loss=0.3917 train_acc=0.8867 val_acc=0.6571 v_thresh=13.1298 (243s)
[exp2_wd_dropout] epoch 51/200 loss=0.3802 train_acc=0.9023 v_thresh=13.1298 (248s)
[exp2_wd_dropout] epoch 52/200 loss=0.3533 train_acc=0.9089 v_thresh=13.1299 (252s)
[exp2_wd_dropout] epoch 53/200 loss=0.3364 train_acc=0.9232 v_thresh=13.1300 (257s)
[exp2_wd_dropout] epoch 54/200 loss=0.3239 train_acc=0.9362 v_thresh=13.1300 (262s)
[exp2_wd_dropout] epoch 55/200 loss=0.3141 train_acc=0.9349 val_acc=0.6857 v_thresh=13.1300 (267s)
[exp2_wd_dropout] epoch 56/200 loss=0.3202 train_acc=0.9206 v_thresh=13.1300 (272s)
[exp2_wd_dropout] epoch 57/200 loss=0.3128 train_acc=0.9297 v_thresh=13.1300 (276s)
[exp2_wd_dropout] epoch 58/200 loss=0.3169 train_acc=0.9284 v_thresh=13.1300 (281s)
[exp2_wd_dropout] epoch 59/200 loss=0.3112 train_acc=0.9479 v_thresh=13.1300 (286s)
[exp2_wd_dropout] epoch 60/200 loss=0.3122 train_acc=0.9427 val_acc=0.7000 v_thresh=13.1300 (291s)
[exp2_wd_dropout] epoch 61/200 loss=0.3011 train_acc=0.9440 v_thresh=13.1299 (296s)
[exp2_wd_dropout] epoch 62/200 loss=0.3579 train_acc=0.9076 v_thresh=13.1298 (300s)
[exp2_wd_dropout] epoch 63/200 loss=0.3265 train_acc=0.9297 v_thresh=13.1298 (305s)
[exp2_wd_dropout] epoch 64/200 loss=0.2933 train_acc=0.9375 v_thresh=13.1298 (310s)
[exp2_wd_dropout] epoch 65/200 loss=0.3056 train_acc=0.9349 val_acc=0.6429 v_thresh=13.1298 (315s)
[exp2_wd_dropout] epoch 66/200 loss=0.3425 train_acc=0.9154 v_thresh=13.1299 (320s)
[exp2_wd_dropout] epoch 67/200 loss=0.3422 train_acc=0.9036 v_thresh=13.1299 (324s)
[exp2_wd_dropout] epoch 68/200 loss=0.3137 train_acc=0.9284 v_thresh=13.1299 (329s)
[exp2_wd_dropout] epoch 69/200 loss=0.3086 train_acc=0.9388 v_thresh=13.1321 (333s)
[exp2_wd_dropout] epoch 70/200 loss=0.3039 train_acc=0.9453 val_acc=0.6429 v_thresh=13.1323 (339s)
[exp2_wd_dropout] epoch 71/200 loss=0.2904 train_acc=0.9440 v_thresh=13.1324 (344s)
[exp2_wd_dropout] epoch 72/200 loss=0.2912 train_acc=0.9414 v_thresh=13.1324 (348s)
[exp2_wd_dropout] epoch 73/200 loss=0.2799 train_acc=0.9570 v_thresh=13.1324 (353s)
[exp2_wd_dropout] epoch 74/200 loss=0.2778 train_acc=0.9544 v_thresh=13.1324 (357s)
[exp2_wd_dropout] epoch 75/200 loss=0.2695 train_acc=0.9570 val_acc=0.6571 v_thresh=13.1324 (363s)
[exp2_wd_dropout] epoch 76/200 loss=0.2771 train_acc=0.9557 v_thresh=13.1324 (368s)
[exp2_wd_dropout] epoch 77/200 loss=0.2703 train_acc=0.9570 v_thresh=13.1324 (372s)
[exp2_wd_dropout] epoch 78/200 loss=0.2604 train_acc=0.9648 v_thresh=13.1324 (377s)
[exp2_wd_dropout] epoch 79/200 loss=0.2574 train_acc=0.9531 v_thresh=13.1324 (382s)
[exp2_wd_dropout] epoch 80/200 loss=0.2381 train_acc=0.9701 val_acc=0.6571 v_thresh=13.1324 (387s)
[exp2_wd_dropout] epoch 81/200 loss=0.2469 train_acc=0.9557 v_thresh=13.1324 (392s)
[exp2_wd_dropout] epoch 82/200 loss=0.2524 train_acc=0.9583 v_thresh=13.1324 (396s)
[exp2_wd_dropout] epoch 83/200 loss=0.2581 train_acc=0.9544 v_thresh=13.1324 (401s)
[exp2_wd_dropout] epoch 84/200 loss=0.2501 train_acc=0.9635 v_thresh=13.1324 (406s)
[exp2_wd_dropout] epoch 85/200 loss=0.2684 train_acc=0.9518 val_acc=0.7000 v_thresh=13.1324 (411s)
[exp2_wd_dropout] epoch 86/200 loss=0.2601 train_acc=0.9622 v_thresh=13.1324 (416s)
[exp2_wd_dropout] epoch 87/200 loss=0.2778 train_acc=0.9544 v_thresh=13.1325 (420s)
[exp2_wd_dropout] epoch 88/200 loss=0.3450 train_acc=0.9271 v_thresh=13.1327 (425s)
[exp2_wd_dropout] epoch 89/200 loss=0.3676 train_acc=0.9193 v_thresh=13.1327 (430s)
[exp2_wd_dropout] epoch 90/200 loss=0.3615 train_acc=0.9297 val_acc=0.6381 v_thresh=13.1327 (435s)
[exp2_wd_dropout] epoch 91/200 loss=0.3422 train_acc=0.9206 v_thresh=13.1327 (440s)
[exp2_wd_dropout] epoch 92/200 loss=0.3420 train_acc=0.9206 v_thresh=13.1327 (444s)
[exp2_wd_dropout] epoch 93/200 loss=0.3298 train_acc=0.9336 v_thresh=13.1327 (449s)
[exp2_wd_dropout] epoch 94/200 loss=0.3199 train_acc=0.9349 v_thresh=13.1327 (454s)
[exp2_wd_dropout] epoch 95/200 loss=0.3007 train_acc=0.9427 val_acc=0.6762 v_thresh=13.1327 (459s)
[exp2_wd_dropout] epoch 96/200 loss=0.2992 train_acc=0.9505 v_thresh=13.1327 (464s)
[exp2_wd_dropout] epoch 97/200 loss=0.3046 train_acc=0.9414 v_thresh=13.1327 (469s)
[exp2_wd_dropout] epoch 98/200 loss=0.3048 train_acc=0.9375 v_thresh=13.1327 (473s)
[exp2_wd_dropout] epoch 99/200 loss=0.3055 train_acc=0.9388 v_thresh=13.1327 (478s)
[exp2_wd_dropout] epoch 100/200 loss=0.3134 train_acc=0.9414 val_acc=0.6714 v_thresh=13.1327 (483s)
[exp2_wd_dropout] epoch 101/200 loss=0.3020 train_acc=0.9414 v_thresh=13.1327 (488s)
[exp2_wd_dropout] epoch 102/200 loss=0.3020 train_acc=0.9362 v_thresh=13.1327 (492s)
[exp2_wd_dropout] epoch 103/200 loss=0.3111 train_acc=0.9414 v_thresh=13.1327 (497s)
[exp2_wd_dropout] epoch 104/200 loss=0.2989 train_acc=0.9505 v_thresh=13.1327 (502s)
[exp2_wd_dropout] epoch 105/200 loss=0.2888 train_acc=0.9466 val_acc=0.6905 v_thresh=13.1327 (507s)
[exp2_wd_dropout] epoch 106/200 loss=0.2643 train_acc=0.9609 v_thresh=13.1327 (512s)
[exp2_wd_dropout] epoch 107/200 loss=0.2772 train_acc=0.9583 v_thresh=13.1327 (516s)
[exp2_wd_dropout] epoch 108/200 loss=0.2666 train_acc=0.9648 v_thresh=13.1327 (521s)
[exp2_wd_dropout] epoch 109/200 loss=0.2782 train_acc=0.9531 v_thresh=13.1327 (526s)
[exp2_wd_dropout] epoch 110/200 loss=0.2660 train_acc=0.9609 val_acc=0.6381 v_thresh=13.1327 (531s)
[exp2_wd_dropout] epoch 111/200 loss=0.2682 train_acc=0.9596 v_thresh=13.1327 (536s)
[exp2_wd_dropout] epoch 112/200 loss=0.2617 train_acc=0.9518 v_thresh=13.1327 (540s)
[exp2_wd_dropout] epoch 113/200 loss=0.2633 train_acc=0.9570 v_thresh=13.1327 (545s)
[exp2_wd_dropout] epoch 114/200 loss=0.2594 train_acc=0.9596 v_thresh=13.1327 (550s)
[exp2_wd_dropout] epoch 115/200 loss=0.2388 train_acc=0.9648 val_acc=0.6667 v_thresh=13.1327 (555s)
[exp2_wd_dropout] epoch 116/200 loss=0.2428 train_acc=0.9622 v_thresh=13.1327 (560s)
[exp2_wd_dropout] epoch 117/200 loss=0.2404 train_acc=0.9661 v_thresh=13.1327 (564s)
[exp2_wd_dropout] epoch 118/200 loss=0.2373 train_acc=0.9661 v_thresh=13.1327 (569s)
[exp2_wd_dropout] epoch 119/200 loss=0.2361 train_acc=0.9622 v_thresh=13.1327 (574s)
[exp2_wd_dropout] epoch 120/200 loss=0.2405 train_acc=0.9622 val_acc=0.6762 v_thresh=13.1327 (579s)
[exp2_wd_dropout] epoch 121/200 loss=0.2423 train_acc=0.9557 v_thresh=13.1327 (584s)
[exp2_wd_dropout] epoch 122/200 loss=0.2419 train_acc=0.9609 v_thresh=13.1327 (588s)
[exp2_wd_dropout] epoch 123/200 loss=0.2401 train_acc=0.9531 v_thresh=13.1327 (593s)
[exp2_wd_dropout] epoch 124/200 loss=0.2327 train_acc=0.9609 v_thresh=13.1327 (597s)
[exp2_wd_dropout] epoch 125/200 loss=0.2267 train_acc=0.9701 val_acc=0.6810 v_thresh=13.1327 (603s)
[exp2_wd_dropout] epoch 126/200 loss=0.2245 train_acc=0.9688 v_thresh=13.1327 (608s)
[exp2_wd_dropout] epoch 127/200 loss=0.2197 train_acc=0.9740 v_thresh=13.1327 (612s)
[exp2_wd_dropout] epoch 128/200 loss=0.2250 train_acc=0.9674 v_thresh=13.1327 (617s)
[exp2_wd_dropout] epoch 129/200 loss=0.2267 train_acc=0.9674 v_thresh=13.1327 (622s)
[exp2_wd_dropout] epoch 130/200 loss=0.2294 train_acc=0.9609 val_acc=0.6762 v_thresh=13.1327 (627s)
[exp2_wd_dropout] epoch 131/200 loss=0.2330 train_acc=0.9570 v_thresh=13.1327 (632s)
[exp2_wd_dropout] epoch 132/200 loss=0.2345 train_acc=0.9674 v_thresh=13.1327 (637s)
[exp2_wd_dropout] epoch 133/200 loss=0.2480 train_acc=0.9544 v_thresh=13.1327 (641s)
[exp2_wd_dropout] epoch 134/200 loss=0.2432 train_acc=0.9622 v_thresh=13.1327 (646s)
[exp2_wd_dropout] epoch 135/200 loss=0.2356 train_acc=0.9701 val_acc=0.6762 v_thresh=13.1327 (651s)
[exp2_wd_dropout] epoch 136/200 loss=0.2371 train_acc=0.9622 v_thresh=13.1327 (656s)
[exp2_wd_dropout] epoch 137/200 loss=0.2351 train_acc=0.9714 v_thresh=13.1327 (661s)
[exp2_wd_dropout] epoch 138/200 loss=0.2270 train_acc=0.9727 v_thresh=13.1327 (665s)
[exp2_wd_dropout] epoch 139/200 loss=0.2265 train_acc=0.9688 v_thresh=13.1327 (670s)
[exp2_wd_dropout] epoch 140/200 loss=0.2402 train_acc=0.9674 val_acc=0.7048 v_thresh=13.1327 (676s)
[exp2_wd_dropout] epoch 141/200 loss=0.2380 train_acc=0.9635 v_thresh=13.1327 (680s)
[exp2_wd_dropout] epoch 142/200 loss=0.2257 train_acc=0.9714 v_thresh=13.1327 (685s)
[exp2_wd_dropout] epoch 143/200 loss=0.2329 train_acc=0.9635 v_thresh=13.1327 (689s)
[exp2_wd_dropout] epoch 144/200 loss=0.2292 train_acc=0.9583 v_thresh=13.1327 (694s)
[exp2_wd_dropout] epoch 145/200 loss=0.2168 train_acc=0.9714 val_acc=0.7095 v_thresh=13.1327 (699s)
[exp2_wd_dropout] epoch 146/200 loss=0.2200 train_acc=0.9648 v_thresh=13.1327 (704s)
[exp2_wd_dropout] epoch 147/200 loss=0.2141 train_acc=0.9740 v_thresh=13.1327 (709s)
[exp2_wd_dropout] epoch 148/200 loss=0.2193 train_acc=0.9688 v_thresh=13.1327 (713s)
[exp2_wd_dropout] epoch 149/200 loss=0.2210 train_acc=0.9648 v_thresh=13.1327 (718s)
[exp2_wd_dropout] epoch 150/200 loss=0.2154 train_acc=0.9714 val_acc=0.6905 v_thresh=13.1327 (723s)
[exp2_wd_dropout] epoch 151/200 loss=0.2214 train_acc=0.9661 v_thresh=13.1327 (728s)
[exp2_wd_dropout] epoch 152/200 loss=0.2165 train_acc=0.9740 v_thresh=13.1327 (733s)
[exp2_wd_dropout] epoch 153/200 loss=0.2136 train_acc=0.9714 v_thresh=13.1327 (737s)
[exp2_wd_dropout] epoch 154/200 loss=0.2130 train_acc=0.9727 v_thresh=13.1327 (742s)
[exp2_wd_dropout] epoch 155/200 loss=0.2134 train_acc=0.9701 val_acc=0.7381 v_thresh=13.1327 (747s)
[exp2_wd_dropout] epoch 156/200 loss=0.2104 train_acc=0.9714 v_thresh=13.1327 (752s)
[exp2_wd_dropout] epoch 157/200 loss=0.2105 train_acc=0.9701 v_thresh=13.1327 (756s)
[exp2_wd_dropout] epoch 158/200 loss=0.2098 train_acc=0.9740 v_thresh=13.1327 (761s)
[exp2_wd_dropout] epoch 159/200 loss=0.2103 train_acc=0.9727 v_thresh=13.1327 (766s)
[exp2_wd_dropout] epoch 160/200 loss=0.2106 train_acc=0.9727 val_acc=0.7429 v_thresh=13.1327 (771s)
[exp2_wd_dropout] epoch 161/200 loss=0.2050 train_acc=0.9714 v_thresh=13.1327 (776s)
[exp2_wd_dropout] epoch 162/200 loss=0.2055 train_acc=0.9740 v_thresh=13.1327 (781s)
[exp2_wd_dropout] epoch 163/200 loss=0.2055 train_acc=0.9714 v_thresh=13.1326 (785s)
[exp2_wd_dropout] epoch 164/200 loss=0.2038 train_acc=0.9766 v_thresh=13.1326 (790s)
[exp2_wd_dropout] epoch 165/200 loss=0.2067 train_acc=0.9740 val_acc=0.7095 v_thresh=13.1326 (795s)
[exp2_wd_dropout] epoch 166/200 loss=0.2076 train_acc=0.9740 v_thresh=13.1326 (800s)
[exp2_wd_dropout] epoch 167/200 loss=0.2030 train_acc=0.9792 v_thresh=13.1326 (804s)
[exp2_wd_dropout] epoch 168/200 loss=0.2054 train_acc=0.9766 v_thresh=13.1326 (809s)
[exp2_wd_dropout] epoch 169/200 loss=0.2032 train_acc=0.9753 v_thresh=13.1326 (814s)
[exp2_wd_dropout] epoch 170/200 loss=0.2035 train_acc=0.9779 val_acc=0.7238 v_thresh=13.1326 (819s)
[exp2_wd_dropout] epoch 171/200 loss=0.2018 train_acc=0.9753 v_thresh=13.1326 (824s)
[exp2_wd_dropout] epoch 172/200 loss=0.2033 train_acc=0.9766 v_thresh=13.1326 (829s)
[exp2_wd_dropout] epoch 173/200 loss=0.2038 train_acc=0.9766 v_thresh=13.1326 (833s)
[exp2_wd_dropout] epoch 174/200 loss=0.2059 train_acc=0.9727 v_thresh=13.1326 (838s)
[exp2_wd_dropout] epoch 175/200 loss=0.2086 train_acc=0.9740 val_acc=0.7190 v_thresh=13.1326 (843s)
[exp2_wd_dropout] epoch 176/200 loss=0.2104 train_acc=0.9740 v_thresh=13.1326 (848s)
[exp2_wd_dropout] epoch 177/200 loss=0.2112 train_acc=0.9674 v_thresh=13.1326 (853s)
[exp2_wd_dropout] epoch 178/200 loss=0.2075 train_acc=0.9753 v_thresh=13.1326 (857s)
[exp2_wd_dropout] epoch 179/200 loss=0.2094 train_acc=0.9701 v_thresh=13.1326 (862s)
[exp2_wd_dropout] epoch 180/200 loss=0.2082 train_acc=0.9688 val_acc=0.7333 v_thresh=13.1326 (867s)
[exp2_wd_dropout] epoch 181/200 loss=0.2070 train_acc=0.9727 v_thresh=13.1326 (872s)
[exp2_wd_dropout] epoch 182/200 loss=0.2076 train_acc=0.9714 v_thresh=13.1326 (877s)
[exp2_wd_dropout] epoch 183/200 loss=0.2072 train_acc=0.9701 v_thresh=13.1326 (881s)
[exp2_wd_dropout] epoch 184/200 loss=0.2090 train_acc=0.9727 v_thresh=13.1326 (886s)
[exp2_wd_dropout] epoch 185/200 loss=0.2052 train_acc=0.9714 val_acc=0.7190 v_thresh=13.1326 (892s)
[exp2_wd_dropout] epoch 186/200 loss=0.2087 train_acc=0.9701 v_thresh=13.1326 (896s)
[exp2_wd_dropout] epoch 187/200 loss=0.2083 train_acc=0.9688 v_thresh=13.1326 (901s)
[exp2_wd_dropout] epoch 188/200 loss=0.2071 train_acc=0.9714 v_thresh=13.1326 (905s)
[exp2_wd_dropout] epoch 189/200 loss=0.2075 train_acc=0.9727 v_thresh=13.1326 (910s)
[exp2_wd_dropout] epoch 190/200 loss=0.2062 train_acc=0.9701 val_acc=0.7143 v_thresh=13.1326 (916s)
[exp2_wd_dropout] epoch 191/200 loss=0.2069 train_acc=0.9753 v_thresh=13.1326 (920s)
[exp2_wd_dropout] epoch 192/200 loss=0.2074 train_acc=0.9740 v_thresh=13.1326 (925s)
[exp2_wd_dropout] epoch 193/200 loss=0.2063 train_acc=0.9740 v_thresh=13.1326 (929s)
[exp2_wd_dropout] epoch 194/200 loss=0.2036 train_acc=0.9740 v_thresh=13.1326 (934s)
[exp2_wd_dropout] epoch 195/200 loss=0.2068 train_acc=0.9688 val_acc=0.7143 v_thresh=13.1326 (939s)
[exp2_wd_dropout] epoch 196/200 loss=0.2035 train_acc=0.9766 v_thresh=13.1326 (944s)
[exp2_wd_dropout] epoch 197/200 loss=0.2040 train_acc=0.9792 v_thresh=13.1326 (948s)
[exp2_wd_dropout] epoch 198/200 loss=0.2031 train_acc=0.9779 v_thresh=13.1326 (953s)
[exp2_wd_dropout] epoch 199/200 loss=0.2031 train_acc=0.9766 v_thresh=13.1326 (958s)
[exp2_wd_dropout] epoch 200/200 loss=0.2037 train_acc=0.9766 val_acc=0.7143 v_thresh=13.1326 (963s)
[exp2_wd_dropout] BEST val_acc=0.7429 at epoch 160 (selected without ever touching the test set)
[exp2_wd_dropout] wrote /home/ihs24/Desktop/CiM-HDC/phase1_firing_characterization/artifacts/dvs_accuracy/exp2_wd_dropout.json
