[exp9_gradclip_tighter] subtrain=769 val=210 test=240
[exp9_gradclip_tighter] calibrated v_thresh_init=13.1104
[exp9_gradclip_tighter] epoch 1/200 loss=2.2671 train_acc=0.4128 v_thresh=13.0879 (5s)
[exp9_gradclip_tighter] epoch 2/200 loss=1.6042 train_acc=0.6003 v_thresh=13.0679 (10s)
[exp9_gradclip_tighter] epoch 3/200 loss=0.8929 train_acc=0.6836 v_thresh=13.0458 (15s)
[exp9_gradclip_tighter] epoch 4/200 loss=1.6054 train_acc=0.6224 v_thresh=13.0241 (19s)
[exp9_gradclip_tighter] epoch 5/200 loss=1.2693 train_acc=0.6159 val_acc=0.4857 v_thresh=13.0043 (25s)
[exp9_gradclip_tighter] epoch 6/200 loss=1.2489 train_acc=0.6393 v_thresh=12.9834 (30s)
[exp9_gradclip_tighter] epoch 7/200 loss=0.8747 train_acc=0.7227 v_thresh=12.9655 (35s)
[exp9_gradclip_tighter] epoch 8/200 loss=1.0434 train_acc=0.7214 v_thresh=12.9447 (40s)
[exp9_gradclip_tighter] epoch 9/200 loss=0.9120 train_acc=0.7161 v_thresh=12.9264 (44s)
[exp9_gradclip_tighter] epoch 10/200 loss=0.7591 train_acc=0.7461 val_acc=0.6286 v_thresh=12.9110 (50s)
[exp9_gradclip_tighter] epoch 11/200 loss=0.6035 train_acc=0.7917 v_thresh=12.8920 (55s)
[exp9_gradclip_tighter] epoch 12/200 loss=0.6510 train_acc=0.7734 v_thresh=12.8724 (59s)
[exp9_gradclip_tighter] epoch 13/200 loss=0.9199 train_acc=0.7331 v_thresh=12.8544 (64s)
[exp9_gradclip_tighter] epoch 14/200 loss=0.8283 train_acc=0.7604 v_thresh=12.8338 (69s)
[exp9_gradclip_tighter] epoch 15/200 loss=1.2376 train_acc=0.7148 val_acc=0.6190 v_thresh=12.8185 (74s)
[exp9_gradclip_tighter] epoch 16/200 loss=0.8727 train_acc=0.7370 v_thresh=12.8023 (79s)
[exp9_gradclip_tighter] epoch 17/200 loss=0.8527 train_acc=0.7760 v_thresh=12.7863 (84s)
[exp9_gradclip_tighter] epoch 18/200 loss=0.8543 train_acc=0.7448 v_thresh=12.7701 (88s)
[exp9_gradclip_tighter] epoch 19/200 loss=0.6198 train_acc=0.8008 v_thresh=12.7538 (93s)
[exp9_gradclip_tighter] epoch 20/200 loss=0.6791 train_acc=0.7799 val_acc=0.6381 v_thresh=12.7364 (99s)
[exp9_gradclip_tighter] epoch 21/200 loss=0.7363 train_acc=0.7747 v_thresh=12.7193 (104s)
[exp9_gradclip_tighter] epoch 22/200 loss=0.5508 train_acc=0.7878 v_thresh=12.7017 (108s)
[exp9_gradclip_tighter] epoch 23/200 loss=0.7548 train_acc=0.7930 v_thresh=12.6834 (113s)
[exp9_gradclip_tighter] epoch 24/200 loss=1.1885 train_acc=0.7435 v_thresh=12.6665 (117s)
[exp9_gradclip_tighter] epoch 25/200 loss=1.0136 train_acc=0.7161 val_acc=0.6524 v_thresh=12.6445 (123s)
[exp9_gradclip_tighter] epoch 26/200 loss=0.5548 train_acc=0.8294 v_thresh=12.6287 (127s)
[exp9_gradclip_tighter] epoch 27/200 loss=0.5200 train_acc=0.8190 v_thresh=12.6089 (132s)
[exp9_gradclip_tighter] epoch 28/200 loss=0.4353 train_acc=0.8398 v_thresh=12.5926 (137s)
[exp9_gradclip_tighter] epoch 29/200 loss=0.4450 train_acc=0.8385 v_thresh=12.5778 (141s)
[exp9_gradclip_tighter] epoch 30/200 loss=0.6253 train_acc=0.7839 val_acc=0.5714 v_thresh=12.5589 (147s)
[exp9_gradclip_tighter] epoch 31/200 loss=0.7280 train_acc=0.7956 v_thresh=12.5390 (152s)
[exp9_gradclip_tighter] epoch 32/200 loss=0.4700 train_acc=0.8307 v_thresh=12.5210 (156s)
[exp9_gradclip_tighter] epoch 33/200 loss=0.4014 train_acc=0.8568 v_thresh=12.5050 (161s)
[exp9_gradclip_tighter] epoch 34/200 loss=0.6676 train_acc=0.7721 v_thresh=12.4892 (166s)
[exp9_gradclip_tighter] epoch 35/200 loss=0.6828 train_acc=0.8255 val_acc=0.6286 v_thresh=12.4712 (171s)
[exp9_gradclip_tighter] epoch 36/200 loss=0.6869 train_acc=0.8268 v_thresh=12.4561 (176s)
[exp9_gradclip_tighter] epoch 37/200 loss=0.5211 train_acc=0.8594 v_thresh=12.4400 (181s)
[exp9_gradclip_tighter] epoch 38/200 loss=0.6439 train_acc=0.8021 v_thresh=12.4302 (185s)
[exp9_gradclip_tighter] epoch 39/200 loss=0.8297 train_acc=0.7695 v_thresh=12.4126 (190s)
[exp9_gradclip_tighter] epoch 40/200 loss=0.5639 train_acc=0.8177 val_acc=0.6857 v_thresh=12.3947 (196s)
[exp9_gradclip_tighter] epoch 41/200 loss=0.5036 train_acc=0.8424 v_thresh=12.3770 (200s)
[exp9_gradclip_tighter] epoch 42/200 loss=0.5890 train_acc=0.8125 v_thresh=12.3591 (205s)
[exp9_gradclip_tighter] epoch 43/200 loss=0.2950 train_acc=0.9089 v_thresh=12.3438 (210s)
[exp9_gradclip_tighter] epoch 44/200 loss=0.3324 train_acc=0.8867 v_thresh=12.3266 (214s)
[exp9_gradclip_tighter] epoch 45/200 loss=0.6283 train_acc=0.7956 val_acc=0.7048 v_thresh=12.3072 (220s)
[exp9_gradclip_tighter] epoch 46/200 loss=0.3990 train_acc=0.8594 v_thresh=12.2868 (225s)
[exp9_gradclip_tighter] epoch 47/200 loss=0.3791 train_acc=0.8750 v_thresh=12.2717 (229s)
[exp9_gradclip_tighter] epoch 48/200 loss=0.2228 train_acc=0.9206 v_thresh=12.2552 (234s)
[exp9_gradclip_tighter] epoch 49/200 loss=0.3748 train_acc=0.8919 v_thresh=12.2418 (239s)
[exp9_gradclip_tighter] epoch 50/200 loss=0.2097 train_acc=0.9284 val_acc=0.6952 v_thresh=12.2258 (244s)
[exp9_gradclip_tighter] epoch 51/200 loss=0.2944 train_acc=0.8880 v_thresh=12.2079 (249s)
[exp9_gradclip_tighter] epoch 52/200 loss=0.3351 train_acc=0.8919 v_thresh=12.1901 (253s)
[exp9_gradclip_tighter] epoch 53/200 loss=0.4023 train_acc=0.8750 v_thresh=12.1740 (258s)
[exp9_gradclip_tighter] epoch 54/200 loss=0.6667 train_acc=0.8203 v_thresh=12.1605 (263s)
[exp9_gradclip_tighter] epoch 55/200 loss=0.4815 train_acc=0.8594 val_acc=0.5905 v_thresh=12.1434 (268s)
[exp9_gradclip_tighter] epoch 56/200 loss=0.3432 train_acc=0.8828 v_thresh=12.1330 (273s)
[exp9_gradclip_tighter] epoch 57/200 loss=0.4228 train_acc=0.8568 v_thresh=12.1201 (278s)
[exp9_gradclip_tighter] epoch 58/200 loss=0.2837 train_acc=0.9023 v_thresh=12.1075 (282s)
[exp9_gradclip_tighter] epoch 59/200 loss=0.3131 train_acc=0.8919 v_thresh=12.0911 (287s)
[exp9_gradclip_tighter] epoch 60/200 loss=0.2987 train_acc=0.9036 val_acc=0.6048 v_thresh=12.0753 (293s)
[exp9_gradclip_tighter] epoch 61/200 loss=0.3057 train_acc=0.9023 v_thresh=12.0615 (297s)
[exp9_gradclip_tighter] epoch 62/200 loss=0.3506 train_acc=0.8841 v_thresh=12.0478 (302s)
[exp9_gradclip_tighter] epoch 63/200 loss=0.3703 train_acc=0.8750 v_thresh=12.0363 (307s)
[exp9_gradclip_tighter] epoch 64/200 loss=0.3322 train_acc=0.8867 v_thresh=12.0219 (311s)
[exp9_gradclip_tighter] epoch 65/200 loss=0.3225 train_acc=0.8932 val_acc=0.6429 v_thresh=12.0118 (317s)
[exp9_gradclip_tighter] epoch 66/200 loss=0.3147 train_acc=0.8919 v_thresh=12.0013 (322s)
[exp9_gradclip_tighter] epoch 67/200 loss=0.2403 train_acc=0.9023 v_thresh=11.9877 (326s)
[exp9_gradclip_tighter] epoch 68/200 loss=0.2880 train_acc=0.8997 v_thresh=11.9729 (331s)
[exp9_gradclip_tighter] epoch 69/200 loss=0.2654 train_acc=0.9180 v_thresh=11.9611 (336s)
[exp9_gradclip_tighter] epoch 70/200 loss=0.3197 train_acc=0.8958 val_acc=0.7333 v_thresh=11.9468 (341s)
[exp9_gradclip_tighter] epoch 71/200 loss=0.2372 train_acc=0.9167 v_thresh=11.9323 (346s)
[exp9_gradclip_tighter] epoch 72/200 loss=0.2485 train_acc=0.9141 v_thresh=11.9205 (351s)
[exp9_gradclip_tighter] epoch 73/200 loss=0.4890 train_acc=0.8620 v_thresh=11.9081 (355s)
[exp9_gradclip_tighter] epoch 74/200 loss=0.2444 train_acc=0.9141 v_thresh=11.8960 (360s)
[exp9_gradclip_tighter] epoch 75/200 loss=0.1432 train_acc=0.9609 val_acc=0.7048 v_thresh=11.8797 (365s)
[exp9_gradclip_tighter] epoch 76/200 loss=0.1784 train_acc=0.9466 v_thresh=11.8679 (370s)
[exp9_gradclip_tighter] epoch 77/200 loss=0.1427 train_acc=0.9544 v_thresh=11.8555 (375s)
[exp9_gradclip_tighter] epoch 78/200 loss=0.2343 train_acc=0.9297 v_thresh=11.8399 (379s)
[exp9_gradclip_tighter] epoch 79/200 loss=0.2054 train_acc=0.9323 v_thresh=11.8272 (384s)
[exp9_gradclip_tighter] epoch 80/200 loss=0.1748 train_acc=0.9427 val_acc=0.6810 v_thresh=11.8162 (390s)
[exp9_gradclip_tighter] epoch 81/200 loss=0.0991 train_acc=0.9753 v_thresh=11.8022 (394s)
[exp9_gradclip_tighter] epoch 82/200 loss=0.0881 train_acc=0.9779 v_thresh=11.7892 (399s)
[exp9_gradclip_tighter] epoch 83/200 loss=0.0881 train_acc=0.9766 v_thresh=11.7816 (404s)
[exp9_gradclip_tighter] epoch 84/200 loss=0.0749 train_acc=0.9792 v_thresh=11.7725 (408s)
[exp9_gradclip_tighter] epoch 85/200 loss=0.0547 train_acc=0.9883 val_acc=0.7810 v_thresh=11.7607 (414s)
[exp9_gradclip_tighter] epoch 86/200 loss=0.0470 train_acc=0.9948 v_thresh=11.7484 (418s)
[exp9_gradclip_tighter] epoch 87/200 loss=0.0379 train_acc=0.9948 v_thresh=11.7384 (423s)
[exp9_gradclip_tighter] epoch 88/200 loss=0.0599 train_acc=0.9831 v_thresh=11.7280 (428s)
[exp9_gradclip_tighter] epoch 89/200 loss=0.0721 train_acc=0.9870 v_thresh=11.7163 (433s)
[exp9_gradclip_tighter] epoch 90/200 loss=0.0798 train_acc=0.9792 val_acc=0.7810 v_thresh=11.7044 (438s)
[exp9_gradclip_tighter] epoch 91/200 loss=0.0561 train_acc=0.9883 v_thresh=11.6957 (443s)
[exp9_gradclip_tighter] epoch 92/200 loss=0.0410 train_acc=0.9922 v_thresh=11.6831 (447s)
[exp9_gradclip_tighter] epoch 93/200 loss=0.0539 train_acc=0.9870 v_thresh=11.6724 (452s)
[exp9_gradclip_tighter] epoch 94/200 loss=0.0314 train_acc=0.9948 v_thresh=11.6608 (457s)
[exp9_gradclip_tighter] epoch 95/200 loss=0.0297 train_acc=0.9974 val_acc=0.7762 v_thresh=11.6504 (462s)
[exp9_gradclip_tighter] epoch 96/200 loss=0.0334 train_acc=0.9935 v_thresh=11.6405 (467s)
[exp9_gradclip_tighter] epoch 97/200 loss=0.0273 train_acc=0.9974 v_thresh=11.6334 (472s)
[exp9_gradclip_tighter] epoch 98/200 loss=0.0377 train_acc=0.9909 v_thresh=11.6255 (476s)
[exp9_gradclip_tighter] epoch 99/200 loss=0.0309 train_acc=0.9961 v_thresh=11.6163 (481s)
[exp9_gradclip_tighter] epoch 100/200 loss=0.0401 train_acc=0.9909 val_acc=0.8190 v_thresh=11.6071 (487s)
[exp9_gradclip_tighter] epoch 101/200 loss=0.0226 train_acc=0.9987 v_thresh=11.5985 (491s)
[exp9_gradclip_tighter] epoch 102/200 loss=0.0163 train_acc=1.0000 v_thresh=11.5894 (496s)
[exp9_gradclip_tighter] epoch 103/200 loss=0.0160 train_acc=1.0000 v_thresh=11.5809 (501s)
[exp9_gradclip_tighter] epoch 104/200 loss=0.0143 train_acc=1.0000 v_thresh=11.5725 (505s)
[exp9_gradclip_tighter] epoch 105/200 loss=0.0234 train_acc=0.9974 val_acc=0.8095 v_thresh=11.5630 (511s)
[exp9_gradclip_tighter] epoch 106/200 loss=0.0155 train_acc=0.9987 v_thresh=11.5558 (515s)
[exp9_gradclip_tighter] epoch 107/200 loss=0.0130 train_acc=1.0000 v_thresh=11.5479 (520s)
[exp9_gradclip_tighter] epoch 108/200 loss=0.0115 train_acc=1.0000 v_thresh=11.5411 (525s)
[exp9_gradclip_tighter] epoch 109/200 loss=0.0124 train_acc=1.0000 v_thresh=11.5346 (529s)
[exp9_gradclip_tighter] epoch 110/200 loss=0.0110 train_acc=1.0000 val_acc=0.8286 v_thresh=11.5274 (535s)
[exp9_gradclip_tighter] epoch 111/200 loss=0.0122 train_acc=1.0000 v_thresh=11.5202 (540s)
[exp9_gradclip_tighter] epoch 112/200 loss=0.0122 train_acc=1.0000 v_thresh=11.5122 (544s)
[exp9_gradclip_tighter] epoch 113/200 loss=0.0135 train_acc=1.0000 v_thresh=11.5036 (549s)
[exp9_gradclip_tighter] epoch 114/200 loss=0.0099 train_acc=1.0000 v_thresh=11.4957 (553s)
[exp9_gradclip_tighter] epoch 115/200 loss=0.0121 train_acc=1.0000 val_acc=0.8190 v_thresh=11.4891 (559s)
[exp9_gradclip_tighter] epoch 116/200 loss=0.0078 train_acc=1.0000 v_thresh=11.4811 (564s)
[exp9_gradclip_tighter] epoch 117/200 loss=0.0085 train_acc=1.0000 v_thresh=11.4755 (568s)
[exp9_gradclip_tighter] epoch 118/200 loss=0.0077 train_acc=1.0000 v_thresh=11.4690 (573s)
[exp9_gradclip_tighter] epoch 119/200 loss=0.0070 train_acc=1.0000 v_thresh=11.4614 (578s)
[exp9_gradclip_tighter] epoch 120/200 loss=0.0073 train_acc=1.0000 val_acc=0.8286 v_thresh=11.4548 (583s)
[exp9_gradclip_tighter] epoch 121/200 loss=0.0086 train_acc=0.9987 v_thresh=11.4479 (588s)
[exp9_gradclip_tighter] epoch 122/200 loss=0.0069 train_acc=1.0000 v_thresh=11.4411 (593s)
[exp9_gradclip_tighter] epoch 123/200 loss=0.0060 train_acc=1.0000 v_thresh=11.4334 (597s)
[exp9_gradclip_tighter] epoch 124/200 loss=0.0052 train_acc=1.0000 v_thresh=11.4274 (602s)
[exp9_gradclip_tighter] epoch 125/200 loss=0.0053 train_acc=1.0000 val_acc=0.8429 v_thresh=11.4217 (608s)
[exp9_gradclip_tighter] epoch 126/200 loss=0.0052 train_acc=1.0000 v_thresh=11.4148 (612s)
[exp9_gradclip_tighter] epoch 127/200 loss=0.0048 train_acc=1.0000 v_thresh=11.4092 (617s)
[exp9_gradclip_tighter] epoch 128/200 loss=0.0048 train_acc=1.0000 v_thresh=11.4037 (622s)
[exp9_gradclip_tighter] epoch 129/200 loss=0.0048 train_acc=1.0000 v_thresh=11.3984 (626s)
[exp9_gradclip_tighter] epoch 130/200 loss=0.0048 train_acc=1.0000 val_acc=0.8524 v_thresh=11.3941 (632s)
[exp9_gradclip_tighter] epoch 131/200 loss=0.0048 train_acc=1.0000 v_thresh=11.3899 (637s)
[exp9_gradclip_tighter] epoch 132/200 loss=0.0041 train_acc=1.0000 v_thresh=11.3850 (642s)
[exp9_gradclip_tighter] epoch 133/200 loss=0.0040 train_acc=1.0000 v_thresh=11.3804 (646s)
[exp9_gradclip_tighter] epoch 134/200 loss=0.0038 train_acc=1.0000 v_thresh=11.3764 (651s)
[exp9_gradclip_tighter] epoch 135/200 loss=0.0036 train_acc=1.0000 val_acc=0.8524 v_thresh=11.3719 (656s)
[exp9_gradclip_tighter] epoch 136/200 loss=0.0035 train_acc=1.0000 v_thresh=11.3674 (661s)
[exp9_gradclip_tighter] epoch 137/200 loss=0.0037 train_acc=1.0000 v_thresh=11.3628 (666s)
[exp9_gradclip_tighter] epoch 138/200 loss=0.0032 train_acc=1.0000 v_thresh=11.3580 (670s)
[exp9_gradclip_tighter] epoch 139/200 loss=0.0031 train_acc=1.0000 v_thresh=11.3536 (675s)
[exp9_gradclip_tighter] epoch 140/200 loss=0.0034 train_acc=1.0000 val_acc=0.8524 v_thresh=11.3501 (681s)
[exp9_gradclip_tighter] epoch 141/200 loss=0.0032 train_acc=1.0000 v_thresh=11.3464 (685s)
[exp9_gradclip_tighter] epoch 142/200 loss=0.0031 train_acc=1.0000 v_thresh=11.3427 (690s)
[exp9_gradclip_tighter] epoch 143/200 loss=0.0029 train_acc=1.0000 v_thresh=11.3385 (695s)
[exp9_gradclip_tighter] epoch 144/200 loss=0.0032 train_acc=1.0000 v_thresh=11.3351 (700s)
[exp9_gradclip_tighter] epoch 145/200 loss=0.0035 train_acc=1.0000 val_acc=0.8619 v_thresh=11.3314 (705s)
[exp9_gradclip_tighter] epoch 146/200 loss=0.0032 train_acc=1.0000 v_thresh=11.3280 (710s)
[exp9_gradclip_tighter] epoch 147/200 loss=0.0029 train_acc=1.0000 v_thresh=11.3243 (714s)
[exp9_gradclip_tighter] epoch 148/200 loss=0.0027 train_acc=1.0000 v_thresh=11.3211 (719s)
[exp9_gradclip_tighter] epoch 149/200 loss=0.0029 train_acc=1.0000 v_thresh=11.3178 (724s)
[exp9_gradclip_tighter] epoch 150/200 loss=0.0029 train_acc=1.0000 val_acc=0.8429 v_thresh=11.3148 (729s)
[exp9_gradclip_tighter] epoch 151/200 loss=0.0028 train_acc=1.0000 v_thresh=11.3120 (734s)
[exp9_gradclip_tighter] epoch 152/200 loss=0.0027 train_acc=1.0000 v_thresh=11.3097 (739s)
[exp9_gradclip_tighter] epoch 153/200 loss=0.0027 train_acc=1.0000 v_thresh=11.3076 (743s)
[exp9_gradclip_tighter] epoch 154/200 loss=0.0027 train_acc=1.0000 v_thresh=11.3052 (748s)
[exp9_gradclip_tighter] epoch 155/200 loss=0.0026 train_acc=1.0000 val_acc=0.8524 v_thresh=11.3025 (754s)
[exp9_gradclip_tighter] epoch 156/200 loss=0.0025 train_acc=1.0000 v_thresh=11.3001 (758s)
[exp9_gradclip_tighter] epoch 157/200 loss=0.0026 train_acc=1.0000 v_thresh=11.2979 (763s)
[exp9_gradclip_tighter] epoch 158/200 loss=0.0026 train_acc=1.0000 v_thresh=11.2960 (768s)
[exp9_gradclip_tighter] epoch 159/200 loss=0.0025 train_acc=1.0000 v_thresh=11.2939 (773s)
[exp9_gradclip_tighter] epoch 160/200 loss=0.0023 train_acc=1.0000 val_acc=0.8381 v_thresh=11.2921 (778s)
[exp9_gradclip_tighter] epoch 161/200 loss=0.0024 train_acc=1.0000 v_thresh=11.2905 (783s)
[exp9_gradclip_tighter] epoch 162/200 loss=0.0024 train_acc=1.0000 v_thresh=11.2885 (787s)
[exp9_gradclip_tighter] epoch 163/200 loss=0.0024 train_acc=1.0000 v_thresh=11.2865 (792s)
[exp9_gradclip_tighter] epoch 164/200 loss=0.0023 train_acc=1.0000 v_thresh=11.2848 (797s)
[exp9_gradclip_tighter] epoch 165/200 loss=0.0022 train_acc=1.0000 val_acc=0.8476 v_thresh=11.2831 (802s)
[exp9_gradclip_tighter] epoch 166/200 loss=0.0021 train_acc=1.0000 v_thresh=11.2818 (807s)
[exp9_gradclip_tighter] epoch 167/200 loss=0.0022 train_acc=1.0000 v_thresh=11.2804 (812s)
[exp9_gradclip_tighter] epoch 168/200 loss=0.0022 train_acc=1.0000 v_thresh=11.2792 (816s)
[exp9_gradclip_tighter] epoch 169/200 loss=0.0022 train_acc=1.0000 v_thresh=11.2779 (821s)
[exp9_gradclip_tighter] epoch 170/200 loss=0.0022 train_acc=1.0000 val_acc=0.8571 v_thresh=11.2768 (826s)
[exp9_gradclip_tighter] epoch 171/200 loss=0.0021 train_acc=1.0000 v_thresh=11.2758 (831s)
[exp9_gradclip_tighter] epoch 172/200 loss=0.0021 train_acc=1.0000 v_thresh=11.2747 (836s)
[exp9_gradclip_tighter] epoch 173/200 loss=0.0021 train_acc=1.0000 v_thresh=11.2738 (841s)
[exp9_gradclip_tighter] epoch 174/200 loss=0.0021 train_acc=1.0000 v_thresh=11.2730 (845s)
[exp9_gradclip_tighter] epoch 175/200 loss=0.0021 train_acc=1.0000 val_acc=0.8571 v_thresh=11.2722 (851s)
[exp9_gradclip_tighter] epoch 176/200 loss=0.0021 train_acc=1.0000 v_thresh=11.2715 (856s)
[exp9_gradclip_tighter] epoch 177/200 loss=0.0021 train_acc=1.0000 v_thresh=11.2707 (860s)
[exp9_gradclip_tighter] epoch 178/200 loss=0.0020 train_acc=1.0000 v_thresh=11.2701 (865s)
[exp9_gradclip_tighter] epoch 179/200 loss=0.0019 train_acc=1.0000 v_thresh=11.2694 (870s)
[exp9_gradclip_tighter] epoch 180/200 loss=0.0020 train_acc=1.0000 val_acc=0.8524 v_thresh=11.2689 (875s)
[exp9_gradclip_tighter] epoch 181/200 loss=0.0020 train_acc=1.0000 v_thresh=11.2684 (880s)
[exp9_gradclip_tighter] epoch 182/200 loss=0.0020 train_acc=1.0000 v_thresh=11.2680 (885s)
[exp9_gradclip_tighter] epoch 183/200 loss=0.0020 train_acc=1.0000 v_thresh=11.2676 (889s)
[exp9_gradclip_tighter] epoch 184/200 loss=0.0019 train_acc=1.0000 v_thresh=11.2672 (894s)
[exp9_gradclip_tighter] epoch 185/200 loss=0.0019 train_acc=1.0000 val_acc=0.8619 v_thresh=11.2669 (900s)
[exp9_gradclip_tighter] epoch 186/200 loss=0.0019 train_acc=1.0000 v_thresh=11.2666 (905s)
[exp9_gradclip_tighter] epoch 187/200 loss=0.0019 train_acc=1.0000 v_thresh=11.2664 (909s)
[exp9_gradclip_tighter] epoch 188/200 loss=0.0019 train_acc=1.0000 v_thresh=11.2662 (914s)
[exp9_gradclip_tighter] epoch 189/200 loss=0.0019 train_acc=1.0000 v_thresh=11.2660 (919s)
[exp9_gradclip_tighter] epoch 190/200 loss=0.0019 train_acc=1.0000 val_acc=0.8571 v_thresh=11.2658 (924s)
[exp9_gradclip_tighter] epoch 191/200 loss=0.0019 train_acc=1.0000 v_thresh=11.2657 (929s)
[exp9_gradclip_tighter] epoch 192/200 loss=0.0019 train_acc=1.0000 v_thresh=11.2656 (933s)
[exp9_gradclip_tighter] epoch 193/200 loss=0.0019 train_acc=1.0000 v_thresh=11.2655 (938s)
[exp9_gradclip_tighter] epoch 194/200 loss=0.0019 train_acc=1.0000 v_thresh=11.2655 (943s)
[exp9_gradclip_tighter] epoch 195/200 loss=0.0018 train_acc=1.0000 val_acc=0.8524 v_thresh=11.2654 (948s)
[exp9_gradclip_tighter] epoch 196/200 loss=0.0018 train_acc=1.0000 v_thresh=11.2654 (953s)
[exp9_gradclip_tighter] epoch 197/200 loss=0.0018 train_acc=1.0000 v_thresh=11.2654 (958s)
[exp9_gradclip_tighter] epoch 198/200 loss=0.0018 train_acc=1.0000 v_thresh=11.2654 (962s)
[exp9_gradclip_tighter] epoch 199/200 loss=0.0019 train_acc=1.0000 v_thresh=11.2654 (967s)
[exp9_gradclip_tighter] epoch 200/200 loss=0.0019 train_acc=1.0000 val_acc=0.8524 v_thresh=11.2654 (973s)
[exp9_gradclip_tighter] BEST val_acc=0.8619 at epoch 145 (selected without ever touching the test set)
[exp9_gradclip_tighter] wrote /home/ihs24/Desktop/CiM-HDC/phase1_firing_characterization/artifacts/dvs_accuracy/exp9_gradclip_tighter.json
