[dvsgesture] train=979 test=240 classes=10
[dvsgesture] epoch 1/200 loss=3.1185 train_acc=0.1094 v_thresh=0.9880 (5s)
[dvsgesture] epoch 2/200 loss=2.5959 train_acc=0.1156 v_thresh=0.9809 (12s)
[dvsgesture] epoch 3/200 loss=2.4655 train_acc=0.1260 v_thresh=0.9736 (18s)
[dvsgesture] epoch 4/200 loss=2.5536 train_acc=0.1469 v_thresh=0.9524 (25s)
[dvsgesture] epoch 5/200 loss=2.3191 train_acc=0.1656 v_thresh=0.9222 (32s)
[dvsgesture] epoch 6/200 loss=2.1466 train_acc=0.2094 v_thresh=0.8886 (38s)
[dvsgesture] epoch 7/200 loss=2.0060 train_acc=0.3094 v_thresh=0.8564 (43s)
[dvsgesture] epoch 8/200 loss=1.7038 train_acc=0.3531 v_thresh=0.8284 (49s)
[dvsgesture] epoch 9/200 loss=1.5193 train_acc=0.3885 v_thresh=0.8051 (55s)
[dvsgesture] epoch 10/200 loss=1.4588 train_acc=0.4469 v_thresh=0.7838 (62s)
[dvsgesture] epoch 11/200 loss=1.5321 train_acc=0.4375 v_thresh=0.7628 (68s)
[dvsgesture] epoch 12/200 loss=1.3267 train_acc=0.4792 v_thresh=0.7449 (76s)
[dvsgesture] epoch 13/200 loss=1.1711 train_acc=0.5240 v_thresh=0.7299 (82s)
[dvsgesture] epoch 14/200 loss=1.1519 train_acc=0.5344 v_thresh=0.7163 (89s)
[dvsgesture] epoch 15/200 loss=1.1607 train_acc=0.5208 v_thresh=0.7028 (95s)
[dvsgesture] epoch 16/200 loss=1.0804 train_acc=0.5563 v_thresh=0.6901 (102s)
[dvsgesture] epoch 17/200 loss=1.1077 train_acc=0.5448 v_thresh=0.6780 (109s)
[dvsgesture] epoch 18/200 loss=1.0581 train_acc=0.5771 v_thresh=0.6669 (115s)
[dvsgesture] epoch 19/200 loss=1.0067 train_acc=0.5906 v_thresh=0.6563 (122s)
[dvsgesture] epoch 20/200 loss=0.9573 train_acc=0.5938 v_thresh=0.6474 (128s)
[dvsgesture] epoch 21/200 loss=0.9355 train_acc=0.6135 v_thresh=0.6382 (134s)
[dvsgesture] epoch 22/200 loss=0.9394 train_acc=0.6135 v_thresh=0.6295 (141s)
[dvsgesture] epoch 23/200 loss=0.9027 train_acc=0.6333 v_thresh=0.6213 (148s)
[dvsgesture] epoch 24/200 loss=0.8950 train_acc=0.6656 v_thresh=0.6127 (154s)
[dvsgesture] epoch 25/200 loss=0.8621 train_acc=0.6510 v_thresh=0.6041 (161s)
[dvsgesture] epoch 26/200 loss=0.8332 train_acc=0.6885 v_thresh=0.5962 (167s)
[dvsgesture] epoch 27/200 loss=0.8456 train_acc=0.6521 v_thresh=0.5876 (174s)
[dvsgesture] epoch 28/200 loss=0.8417 train_acc=0.6438 v_thresh=0.5794 (180s)
[dvsgesture] epoch 29/200 loss=0.8793 train_acc=0.6427 v_thresh=0.5713 (186s)
[dvsgesture] epoch 30/200 loss=0.8263 train_acc=0.6833 v_thresh=0.5644 (193s)
[dvsgesture] epoch 31/200 loss=0.8300 train_acc=0.6625 v_thresh=0.5567 (200s)
[dvsgesture] epoch 32/200 loss=0.8189 train_acc=0.6615 v_thresh=0.5483 (206s)
[dvsgesture] epoch 33/200 loss=0.7674 train_acc=0.6990 v_thresh=0.5417 (213s)
[dvsgesture] epoch 34/200 loss=0.7564 train_acc=0.6990 v_thresh=0.5354 (219s)
[dvsgesture] epoch 35/200 loss=0.7416 train_acc=0.6990 v_thresh=0.5290 (226s)
[dvsgesture] epoch 36/200 loss=0.7595 train_acc=0.6958 v_thresh=0.5221 (232s)
[dvsgesture] epoch 37/200 loss=0.7409 train_acc=0.7115 v_thresh=0.5152 (239s)
[dvsgesture] epoch 38/200 loss=0.7238 train_acc=0.7052 v_thresh=0.5085 (245s)
[dvsgesture] epoch 39/200 loss=0.7232 train_acc=0.7156 v_thresh=0.5023 (251s)
[dvsgesture] epoch 40/200 loss=0.7295 train_acc=0.7135 v_thresh=0.4966 (258s)
[dvsgesture] epoch 41/200 loss=0.7030 train_acc=0.7271 v_thresh=0.4905 (264s)
[dvsgesture] epoch 42/200 loss=0.7345 train_acc=0.7073 v_thresh=0.4841 (271s)
[dvsgesture] epoch 43/200 loss=0.6792 train_acc=0.7260 v_thresh=0.4782 (277s)
[dvsgesture] epoch 44/200 loss=0.6591 train_acc=0.7552 v_thresh=0.4731 (284s)
[dvsgesture] epoch 45/200 loss=0.6650 train_acc=0.7427 v_thresh=0.4678 (291s)
[dvsgesture] epoch 46/200 loss=0.6455 train_acc=0.7594 v_thresh=0.4625 (297s)
[dvsgesture] epoch 47/200 loss=0.6495 train_acc=0.7562 v_thresh=0.4570 (303s)
[dvsgesture] epoch 48/200 loss=0.6423 train_acc=0.7448 v_thresh=0.4518 (310s)
[dvsgesture] epoch 49/200 loss=0.6360 train_acc=0.7625 v_thresh=0.4461 (316s)
[dvsgesture] epoch 50/200 loss=0.6142 train_acc=0.7708 v_thresh=0.4408 (323s)
[dvsgesture] epoch 51/200 loss=0.5803 train_acc=0.8010 v_thresh=0.4365 (329s)
[dvsgesture] epoch 52/200 loss=0.6163 train_acc=0.7625 v_thresh=0.4316 (335s)
[dvsgesture] epoch 53/200 loss=0.6420 train_acc=0.7583 v_thresh=0.4268 (341s)
[dvsgesture] epoch 54/200 loss=0.6254 train_acc=0.7469 v_thresh=0.4213 (349s)
[dvsgesture] epoch 55/200 loss=0.6392 train_acc=0.7427 v_thresh=0.4161 (355s)
[dvsgesture] epoch 56/200 loss=0.6194 train_acc=0.7490 v_thresh=0.4111 (362s)
[dvsgesture] epoch 57/200 loss=0.5894 train_acc=0.7667 v_thresh=0.4068 (368s)
[dvsgesture] epoch 58/200 loss=0.5502 train_acc=0.8052 v_thresh=0.4032 (375s)
[dvsgesture] epoch 59/200 loss=0.5670 train_acc=0.8010 v_thresh=0.3990 (381s)
[dvsgesture] epoch 60/200 loss=0.5566 train_acc=0.7979 v_thresh=0.3955 (387s)
[dvsgesture] epoch 61/200 loss=0.5605 train_acc=0.7844 v_thresh=0.3913 (393s)
[dvsgesture] epoch 62/200 loss=0.5473 train_acc=0.7969 v_thresh=0.3873 (400s)
[dvsgesture] epoch 63/200 loss=0.5280 train_acc=0.8125 v_thresh=0.3840 (407s)
[dvsgesture] epoch 64/200 loss=0.5320 train_acc=0.8125 v_thresh=0.3805 (413s)
[dvsgesture] epoch 65/200 loss=0.5519 train_acc=0.7969 v_thresh=0.3763 (420s)
[dvsgesture] epoch 66/200 loss=0.5206 train_acc=0.8260 v_thresh=0.3727 (426s)
[dvsgesture] epoch 67/200 loss=0.5488 train_acc=0.7885 v_thresh=0.3686 (432s)
[dvsgesture] epoch 68/200 loss=0.5170 train_acc=0.8229 v_thresh=0.3660 (439s)
[dvsgesture] epoch 69/200 loss=0.5155 train_acc=0.8021 v_thresh=0.3627 (445s)
[dvsgesture] epoch 70/200 loss=0.5021 train_acc=0.8271 v_thresh=0.3598 (451s)
[dvsgesture] epoch 71/200 loss=0.4922 train_acc=0.8323 v_thresh=0.3574 (457s)
[dvsgesture] epoch 72/200 loss=0.4754 train_acc=0.8406 v_thresh=0.3543 (464s)
[dvsgesture] epoch 73/200 loss=0.4919 train_acc=0.8354 v_thresh=0.3518 (471s)
[dvsgesture] epoch 74/200 loss=0.4811 train_acc=0.8292 v_thresh=0.3492 (477s)
[dvsgesture] epoch 75/200 loss=0.4675 train_acc=0.8385 v_thresh=0.3466 (483s)
[dvsgesture] epoch 76/200 loss=0.4742 train_acc=0.8396 v_thresh=0.3439 (490s)
[dvsgesture] epoch 77/200 loss=0.4692 train_acc=0.8406 v_thresh=0.3412 (496s)
[dvsgesture] epoch 78/200 loss=0.4696 train_acc=0.8365 v_thresh=0.3389 (503s)
[dvsgesture] epoch 79/200 loss=0.4410 train_acc=0.8667 v_thresh=0.3377 (509s)
[dvsgesture] epoch 80/200 loss=0.4555 train_acc=0.8458 v_thresh=0.3353 (515s)
[dvsgesture] epoch 81/200 loss=0.4525 train_acc=0.8521 v_thresh=0.3328 (522s)
[dvsgesture] epoch 82/200 loss=0.4512 train_acc=0.8354 v_thresh=0.3310 (528s)
[dvsgesture] epoch 83/200 loss=0.4465 train_acc=0.8479 v_thresh=0.3284 (534s)
[dvsgesture] epoch 84/200 loss=0.4268 train_acc=0.8583 v_thresh=0.3269 (540s)
[dvsgesture] epoch 85/200 loss=0.4190 train_acc=0.8740 v_thresh=0.3245 (546s)
[dvsgesture] epoch 86/200 loss=0.4280 train_acc=0.8531 v_thresh=0.3231 (553s)
[dvsgesture] epoch 87/200 loss=0.4341 train_acc=0.8427 v_thresh=0.3220 (559s)
[dvsgesture] epoch 88/200 loss=0.4370 train_acc=0.8417 v_thresh=0.3203 (565s)
[dvsgesture] epoch 89/200 loss=0.4277 train_acc=0.8615 v_thresh=0.3181 (571s)
[dvsgesture] epoch 90/200 loss=0.4436 train_acc=0.8573 v_thresh=0.3157 (578s)
[dvsgesture] epoch 91/200 loss=0.4318 train_acc=0.8521 v_thresh=0.3153 (584s)
[dvsgesture] epoch 92/200 loss=0.4081 train_acc=0.8812 v_thresh=0.3135 (590s)
[dvsgesture] epoch 93/200 loss=0.3993 train_acc=0.8844 v_thresh=0.3123 (596s)
[dvsgesture] epoch 94/200 loss=0.4044 train_acc=0.8823 v_thresh=0.3109 (602s)
[dvsgesture] epoch 95/200 loss=0.4053 train_acc=0.8719 v_thresh=0.3091 (609s)
[dvsgesture] epoch 96/200 loss=0.3966 train_acc=0.8885 v_thresh=0.3082 (615s)
[dvsgesture] epoch 97/200 loss=0.3894 train_acc=0.8927 v_thresh=0.3066 (621s)
[dvsgesture] epoch 98/200 loss=0.3817 train_acc=0.8990 v_thresh=0.3054 (628s)
[dvsgesture] epoch 99/200 loss=0.3842 train_acc=0.8906 v_thresh=0.3043 (634s)
[dvsgesture] epoch 100/200 loss=0.3695 train_acc=0.9073 v_thresh=0.3030 (640s)
[dvsgesture] epoch 101/200 loss=0.3811 train_acc=0.8938 v_thresh=0.3011 (646s)
[dvsgesture] epoch 102/200 loss=0.3819 train_acc=0.8854 v_thresh=0.3000 (652s)
[dvsgesture] epoch 103/200 loss=0.3855 train_acc=0.8917 v_thresh=0.3000 (659s)
[dvsgesture] epoch 104/200 loss=0.3911 train_acc=0.8812 v_thresh=0.2982 (665s)
[dvsgesture] epoch 105/200 loss=0.3957 train_acc=0.8740 v_thresh=0.2963 (671s)
[dvsgesture] epoch 106/200 loss=0.3849 train_acc=0.9000 v_thresh=0.2953 (677s)
[dvsgesture] epoch 107/200 loss=0.3640 train_acc=0.8979 v_thresh=0.2944 (683s)
[dvsgesture] epoch 108/200 loss=0.3585 train_acc=0.9010 v_thresh=0.2937 (690s)
[dvsgesture] epoch 109/200 loss=0.3788 train_acc=0.8927 v_thresh=0.2932 (696s)
[dvsgesture] epoch 110/200 loss=0.3511 train_acc=0.9187 v_thresh=0.2921 (702s)
[dvsgesture] epoch 111/200 loss=0.3579 train_acc=0.9146 v_thresh=0.2908 (708s)
[dvsgesture] epoch 112/200 loss=0.3614 train_acc=0.9146 v_thresh=0.2900 (714s)
[dvsgesture] epoch 113/200 loss=0.3570 train_acc=0.9125 v_thresh=0.2897 (721s)
[dvsgesture] epoch 114/200 loss=0.3502 train_acc=0.9146 v_thresh=0.2893 (727s)
[dvsgesture] epoch 115/200 loss=0.3476 train_acc=0.9115 v_thresh=0.2884 (733s)
[dvsgesture] epoch 116/200 loss=0.3528 train_acc=0.9198 v_thresh=0.2885 (739s)
[dvsgesture] epoch 117/200 loss=0.3514 train_acc=0.9125 v_thresh=0.2886 (745s)
[dvsgesture] epoch 118/200 loss=0.3381 train_acc=0.9177 v_thresh=0.2872 (752s)
[dvsgesture] epoch 119/200 loss=0.3373 train_acc=0.9302 v_thresh=0.2871 (758s)
[dvsgesture] epoch 120/200 loss=0.3462 train_acc=0.9156 v_thresh=0.2859 (765s)
[dvsgesture] epoch 121/200 loss=0.3388 train_acc=0.9104 v_thresh=0.2856 (771s)
[dvsgesture] epoch 122/200 loss=0.3365 train_acc=0.9198 v_thresh=0.2851 (778s)
[dvsgesture] epoch 123/200 loss=0.3309 train_acc=0.9198 v_thresh=0.2841 (785s)
[dvsgesture] epoch 124/200 loss=0.3282 train_acc=0.9187 v_thresh=0.2832 (792s)
[dvsgesture] epoch 125/200 loss=0.3266 train_acc=0.9302 v_thresh=0.2826 (799s)
[dvsgesture] epoch 126/200 loss=0.3386 train_acc=0.9198 v_thresh=0.2820 (805s)
[dvsgesture] epoch 127/200 loss=0.3340 train_acc=0.9177 v_thresh=0.2808 (811s)
[dvsgesture] epoch 128/200 loss=0.3234 train_acc=0.9323 v_thresh=0.2806 (818s)
[dvsgesture] epoch 129/200 loss=0.3316 train_acc=0.9219 v_thresh=0.2791 (823s)
[dvsgesture] epoch 130/200 loss=0.3362 train_acc=0.9187 v_thresh=0.2794 (828s)
[dvsgesture] epoch 131/200 loss=0.3496 train_acc=0.9000 v_thresh=0.2784 (833s)
[dvsgesture] epoch 132/200 loss=0.3342 train_acc=0.9167 v_thresh=0.2781 (839s)
[dvsgesture] epoch 133/200 loss=0.3178 train_acc=0.9375 v_thresh=0.2773 (844s)
[dvsgesture] epoch 134/200 loss=0.3303 train_acc=0.9156 v_thresh=0.2768 (850s)
[dvsgesture] epoch 135/200 loss=0.3330 train_acc=0.9229 v_thresh=0.2761 (855s)
[dvsgesture] epoch 136/200 loss=0.3252 train_acc=0.9208 v_thresh=0.2752 (860s)
[dvsgesture] epoch 137/200 loss=0.3197 train_acc=0.9208 v_thresh=0.2751 (865s)
[dvsgesture] epoch 138/200 loss=0.3239 train_acc=0.9229 v_thresh=0.2744 (870s)
[dvsgesture] epoch 139/200 loss=0.3164 train_acc=0.9229 v_thresh=0.2749 (876s)
[dvsgesture] epoch 140/200 loss=0.3240 train_acc=0.9229 v_thresh=0.2745 (881s)
[dvsgesture] epoch 141/200 loss=0.3172 train_acc=0.9240 v_thresh=0.2746 (886s)
[dvsgesture] epoch 142/200 loss=0.3188 train_acc=0.9260 v_thresh=0.2737 (891s)
[dvsgesture] epoch 143/200 loss=0.3198 train_acc=0.9187 v_thresh=0.2726 (896s)
[dvsgesture] epoch 144/200 loss=0.3219 train_acc=0.9208 v_thresh=0.2729 (902s)
[dvsgesture] epoch 145/200 loss=0.3086 train_acc=0.9219 v_thresh=0.2717 (907s)
[dvsgesture] epoch 146/200 loss=0.3136 train_acc=0.9167 v_thresh=0.2715 (912s)
[dvsgesture] epoch 147/200 loss=0.3261 train_acc=0.9094 v_thresh=0.2705 (917s)
[dvsgesture] epoch 148/200 loss=0.3052 train_acc=0.9323 v_thresh=0.2695 (922s)
[dvsgesture] epoch 149/200 loss=0.3104 train_acc=0.9260 v_thresh=0.2682 (928s)
[dvsgesture] epoch 150/200 loss=0.3286 train_acc=0.9229 v_thresh=0.2669 (933s)
[dvsgesture] epoch 151/200 loss=0.2991 train_acc=0.9385 v_thresh=0.2659 (938s)
[dvsgesture] epoch 152/200 loss=0.3077 train_acc=0.9271 v_thresh=0.2646 (943s)
[dvsgesture] epoch 153/200 loss=0.2956 train_acc=0.9385 v_thresh=0.2646 (948s)
[dvsgesture] epoch 154/200 loss=0.3084 train_acc=0.9281 v_thresh=0.2637 (954s)
[dvsgesture] epoch 155/200 loss=0.2906 train_acc=0.9427 v_thresh=0.2625 (959s)
[dvsgesture] epoch 156/200 loss=0.2974 train_acc=0.9344 v_thresh=0.2622 (964s)
[dvsgesture] epoch 157/200 loss=0.2927 train_acc=0.9448 v_thresh=0.2621 (969s)
[dvsgesture] epoch 158/200 loss=0.2906 train_acc=0.9458 v_thresh=0.2612 (974s)
[dvsgesture] epoch 159/200 loss=0.2932 train_acc=0.9448 v_thresh=0.2602 (979s)
[dvsgesture] epoch 160/200 loss=0.2914 train_acc=0.9396 v_thresh=0.2606 (984s)
[dvsgesture] epoch 161/200 loss=0.2983 train_acc=0.9344 v_thresh=0.2601 (990s)
[dvsgesture] epoch 162/200 loss=0.2936 train_acc=0.9396 v_thresh=0.2585 (995s)
[dvsgesture] epoch 163/200 loss=0.2900 train_acc=0.9396 v_thresh=0.2579 (1000s)
[dvsgesture] epoch 164/200 loss=0.2824 train_acc=0.9479 v_thresh=0.2586 (1005s)
[dvsgesture] epoch 165/200 loss=0.2833 train_acc=0.9469 v_thresh=0.2579 (1010s)
[dvsgesture] epoch 166/200 loss=0.2839 train_acc=0.9417 v_thresh=0.2577 (1015s)
[dvsgesture] epoch 167/200 loss=0.2870 train_acc=0.9437 v_thresh=0.2569 (1020s)
[dvsgesture] epoch 168/200 loss=0.2959 train_acc=0.9375 v_thresh=0.2568 (1025s)
[dvsgesture] epoch 169/200 loss=0.2785 train_acc=0.9479 v_thresh=0.2565 (1031s)
[dvsgesture] epoch 170/200 loss=0.2800 train_acc=0.9510 v_thresh=0.2552 (1036s)
[dvsgesture] epoch 171/200 loss=0.2740 train_acc=0.9531 v_thresh=0.2551 (1041s)
[dvsgesture] epoch 172/200 loss=0.2740 train_acc=0.9510 v_thresh=0.2549 (1046s)
[dvsgesture] epoch 173/200 loss=0.2728 train_acc=0.9521 v_thresh=0.2549 (1051s)
[dvsgesture] epoch 174/200 loss=0.2714 train_acc=0.9510 v_thresh=0.2543 (1057s)
[dvsgesture] epoch 175/200 loss=0.2788 train_acc=0.9448 v_thresh=0.2533 (1062s)
[dvsgesture] epoch 176/200 loss=0.2725 train_acc=0.9500 v_thresh=0.2531 (1067s)
[dvsgesture] epoch 177/200 loss=0.2705 train_acc=0.9594 v_thresh=0.2528 (1072s)
[dvsgesture] epoch 178/200 loss=0.2761 train_acc=0.9458 v_thresh=0.2522 (1077s)
[dvsgesture] epoch 179/200 loss=0.2710 train_acc=0.9396 v_thresh=0.2518 (1083s)
[dvsgesture] epoch 180/200 loss=0.2734 train_acc=0.9437 v_thresh=0.2516 (1088s)
[dvsgesture] epoch 181/200 loss=0.2692 train_acc=0.9531 v_thresh=0.2510 (1093s)
[dvsgesture] epoch 182/200 loss=0.2686 train_acc=0.9521 v_thresh=0.2506 (1098s)
[dvsgesture] epoch 183/200 loss=0.2738 train_acc=0.9417 v_thresh=0.2504 (1103s)
[dvsgesture] epoch 184/200 loss=0.2732 train_acc=0.9385 v_thresh=0.2497 (1109s)
[dvsgesture] epoch 185/200 loss=0.2741 train_acc=0.9479 v_thresh=0.2495 (1114s)
[dvsgesture] epoch 186/200 loss=0.2752 train_acc=0.9344 v_thresh=0.2481 (1119s)
[dvsgesture] epoch 187/200 loss=0.2745 train_acc=0.9375 v_thresh=0.2483 (1124s)
[dvsgesture] epoch 188/200 loss=0.2653 train_acc=0.9573 v_thresh=0.2477 (1129s)
[dvsgesture] epoch 189/200 loss=0.2610 train_acc=0.9479 v_thresh=0.2470 (1135s)
[dvsgesture] epoch 190/200 loss=0.2663 train_acc=0.9490 v_thresh=0.2468 (1140s)
[dvsgesture] epoch 191/200 loss=0.2603 train_acc=0.9542 v_thresh=0.2470 (1145s)
[dvsgesture] epoch 192/200 loss=0.2588 train_acc=0.9583 v_thresh=0.2465 (1150s)
[dvsgesture] epoch 193/200 loss=0.2487 train_acc=0.9594 v_thresh=0.2457 (1155s)
[dvsgesture] epoch 194/200 loss=0.2505 train_acc=0.9615 v_thresh=0.2461 (1161s)
[dvsgesture] epoch 195/200 loss=0.2513 train_acc=0.9583 v_thresh=0.2449 (1166s)
[dvsgesture] epoch 196/200 loss=0.2464 train_acc=0.9677 v_thresh=0.2453 (1171s)
[dvsgesture] epoch 197/200 loss=0.2532 train_acc=0.9583 v_thresh=0.2444 (1176s)
[dvsgesture] epoch 198/200 loss=0.2519 train_acc=0.9573 v_thresh=0.2446 (1182s)
[dvsgesture] epoch 199/200 loss=0.2545 train_acc=0.9500 v_thresh=0.2449 (1187s)
[dvsgesture] epoch 200/200 loss=0.2419 train_acc=0.9625 v_thresh=0.2442 (1192s)
[dvsgesture] FINAL test_acc=0.5500
fatal: not a git repository (or any of the parent directories): .git
[dvsgesture] wrote /home/ihs24/Desktop/CiM-HDC/phase1_firing_characterization/artifacts/rasters/dvsgesture_n20_T100_seed0.npz
[dvsgesture] wrote sidecar json
