[exp6_head_dropout] subtrain=769 val=210 test=240
[exp6_head_dropout] calibrated v_thresh_init=13.1104
[exp6_head_dropout] epoch 1/200 loss=1.7080 train_acc=0.4180 v_thresh=13.1045 (5s)
[exp6_head_dropout] epoch 2/200 loss=1.0577 train_acc=0.6276 v_thresh=13.0970 (10s)
[exp6_head_dropout] epoch 3/200 loss=0.8597 train_acc=0.7005 v_thresh=13.0957 (15s)
[exp6_head_dropout] epoch 4/200 loss=0.7825 train_acc=0.7031 v_thresh=13.0951 (19s)
[exp6_head_dropout] epoch 5/200 loss=0.6917 train_acc=0.7526 val_acc=0.5952 v_thresh=13.0952 (25s)
[exp6_head_dropout] epoch 6/200 loss=0.7057 train_acc=0.7305 v_thresh=13.0951 (30s)
[exp6_head_dropout] epoch 7/200 loss=0.6332 train_acc=0.7747 v_thresh=13.0949 (35s)
[exp6_head_dropout] epoch 8/200 loss=0.5274 train_acc=0.8021 v_thresh=13.0979 (39s)
[exp6_head_dropout] epoch 9/200 loss=0.5519 train_acc=0.7956 v_thresh=13.0985 (44s)
[exp6_head_dropout] epoch 10/200 loss=0.4525 train_acc=0.8398 val_acc=0.5762 v_thresh=13.0988 (49s)
[exp6_head_dropout] epoch 11/200 loss=0.4302 train_acc=0.8581 v_thresh=13.0988 (54s)
[exp6_head_dropout] epoch 12/200 loss=0.4252 train_acc=0.8503 v_thresh=13.1036 (59s)
[exp6_head_dropout] epoch 13/200 loss=0.4316 train_acc=0.8542 v_thresh=13.0946 (64s)
[exp6_head_dropout] epoch 14/200 loss=0.4169 train_acc=0.8659 v_thresh=13.0916 (68s)
[exp6_head_dropout] epoch 15/200 loss=0.4359 train_acc=0.8385 val_acc=0.5952 v_thresh=13.0920 (74s)
[exp6_head_dropout] epoch 16/200 loss=0.4360 train_acc=0.8451 v_thresh=13.0920 (78s)
[exp6_head_dropout] epoch 17/200 loss=0.4091 train_acc=0.8594 v_thresh=13.0921 (83s)
[exp6_head_dropout] epoch 18/200 loss=0.4590 train_acc=0.8177 v_thresh=13.0921 (88s)
[exp6_head_dropout] epoch 19/200 loss=0.4300 train_acc=0.8568 v_thresh=13.0922 (93s)
[exp6_head_dropout] epoch 20/200 loss=0.4161 train_acc=0.8568 val_acc=0.6000 v_thresh=13.0922 (98s)
[exp6_head_dropout] epoch 21/200 loss=0.3750 train_acc=0.8659 v_thresh=13.0921 (103s)
[exp6_head_dropout] epoch 22/200 loss=0.3759 train_acc=0.8711 v_thresh=13.0921 (108s)
[exp6_head_dropout] epoch 23/200 loss=0.4371 train_acc=0.8346 v_thresh=13.0922 (112s)
[exp6_head_dropout] epoch 24/200 loss=0.3958 train_acc=0.8542 v_thresh=13.0922 (117s)
[exp6_head_dropout] epoch 25/200 loss=0.4038 train_acc=0.8503 val_acc=0.6381 v_thresh=13.0919 (122s)
[exp6_head_dropout] epoch 26/200 loss=0.4298 train_acc=0.8451 v_thresh=13.0919 (127s)
[exp6_head_dropout] epoch 27/200 loss=0.4273 train_acc=0.8503 v_thresh=13.0912 (132s)
[exp6_head_dropout] epoch 28/200 loss=0.4471 train_acc=0.8451 v_thresh=13.0909 (136s)
[exp6_head_dropout] epoch 29/200 loss=0.4871 train_acc=0.8216 v_thresh=13.0908 (141s)
[exp6_head_dropout] epoch 30/200 loss=0.4792 train_acc=0.8177 val_acc=0.6095 v_thresh=13.0909 (147s)
[exp6_head_dropout] epoch 31/200 loss=0.5040 train_acc=0.8138 v_thresh=13.0910 (151s)
[exp6_head_dropout] epoch 32/200 loss=0.4655 train_acc=0.8307 v_thresh=13.0910 (156s)
[exp6_head_dropout] epoch 33/200 loss=0.4328 train_acc=0.8346 v_thresh=13.0909 (161s)
[exp6_head_dropout] epoch 34/200 loss=0.4299 train_acc=0.8451 v_thresh=13.0907 (165s)
[exp6_head_dropout] epoch 35/200 loss=0.4192 train_acc=0.8555 val_acc=0.6286 v_thresh=13.0907 (171s)
[exp6_head_dropout] epoch 36/200 loss=0.3843 train_acc=0.8802 v_thresh=13.0915 (175s)
[exp6_head_dropout] epoch 37/200 loss=0.4550 train_acc=0.8203 v_thresh=13.0923 (180s)
[exp6_head_dropout] epoch 38/200 loss=0.4411 train_acc=0.8594 v_thresh=13.0923 (185s)
[exp6_head_dropout] epoch 39/200 loss=0.4289 train_acc=0.8568 v_thresh=13.0923 (189s)
[exp6_head_dropout] epoch 40/200 loss=0.4156 train_acc=0.8555 val_acc=0.6429 v_thresh=13.0924 (195s)
[exp6_head_dropout] epoch 41/200 loss=0.4242 train_acc=0.8607 v_thresh=13.0783 (200s)
[exp6_head_dropout] epoch 42/200 loss=0.4092 train_acc=0.8542 v_thresh=13.0767 (205s)
[exp6_head_dropout] epoch 43/200 loss=0.3849 train_acc=0.8581 v_thresh=13.0766 (209s)
[exp6_head_dropout] epoch 44/200 loss=0.3696 train_acc=0.8854 v_thresh=13.0765 (214s)
[exp6_head_dropout] epoch 45/200 loss=0.3621 train_acc=0.8828 val_acc=0.5952 v_thresh=13.0765 (219s)
[exp6_head_dropout] epoch 46/200 loss=0.3274 train_acc=0.9128 v_thresh=13.0765 (224s)
[exp6_head_dropout] epoch 47/200 loss=0.3309 train_acc=0.9089 v_thresh=13.0765 (229s)
[exp6_head_dropout] epoch 48/200 loss=0.3398 train_acc=0.9089 v_thresh=13.0768 (233s)
[exp6_head_dropout] epoch 49/200 loss=0.3117 train_acc=0.9115 v_thresh=13.0774 (238s)
[exp6_head_dropout] epoch 50/200 loss=0.3361 train_acc=0.8958 val_acc=0.5810 v_thresh=13.0777 (244s)
[exp6_head_dropout] epoch 51/200 loss=0.3464 train_acc=0.8958 v_thresh=13.0782 (248s)
[exp6_head_dropout] epoch 52/200 loss=0.3693 train_acc=0.8854 v_thresh=13.0784 (253s)
[exp6_head_dropout] epoch 53/200 loss=0.3202 train_acc=0.9062 v_thresh=13.0784 (257s)
[exp6_head_dropout] epoch 54/200 loss=0.3252 train_acc=0.9010 v_thresh=13.0784 (262s)
[exp6_head_dropout] epoch 55/200 loss=0.3113 train_acc=0.9076 val_acc=0.6238 v_thresh=13.0785 (268s)
[exp6_head_dropout] epoch 56/200 loss=0.3499 train_acc=0.8802 v_thresh=13.0784 (272s)
[exp6_head_dropout] epoch 57/200 loss=0.3270 train_acc=0.8854 v_thresh=13.0782 (277s)
[exp6_head_dropout] epoch 58/200 loss=0.3363 train_acc=0.8945 v_thresh=13.0783 (282s)
[exp6_head_dropout] epoch 59/200 loss=0.3604 train_acc=0.8997 v_thresh=13.0783 (286s)
[exp6_head_dropout] epoch 60/200 loss=0.3069 train_acc=0.9141 val_acc=0.6333 v_thresh=13.0783 (292s)
[exp6_head_dropout] epoch 61/200 loss=0.3285 train_acc=0.8841 v_thresh=13.0783 (296s)
[exp6_head_dropout] epoch 62/200 loss=0.3302 train_acc=0.8932 v_thresh=13.0778 (301s)
[exp6_head_dropout] epoch 63/200 loss=0.3425 train_acc=0.8880 v_thresh=13.0776 (306s)
[exp6_head_dropout] epoch 64/200 loss=0.3556 train_acc=0.8750 v_thresh=13.0782 (310s)
[exp6_head_dropout] epoch 65/200 loss=0.3682 train_acc=0.8724 val_acc=0.6476 v_thresh=13.0783 (316s)
[exp6_head_dropout] epoch 66/200 loss=0.3603 train_acc=0.8763 v_thresh=13.0782 (321s)
[exp6_head_dropout] epoch 67/200 loss=0.3540 train_acc=0.8867 v_thresh=13.0730 (325s)
[exp6_head_dropout] epoch 68/200 loss=0.3952 train_acc=0.8594 v_thresh=13.0673 (330s)
[exp6_head_dropout] epoch 69/200 loss=0.4230 train_acc=0.8477 v_thresh=13.0668 (335s)
[exp6_head_dropout] epoch 70/200 loss=0.4371 train_acc=0.8438 val_acc=0.6619 v_thresh=13.0667 (340s)
[exp6_head_dropout] epoch 71/200 loss=0.3612 train_acc=0.8737 v_thresh=13.0666 (345s)
[exp6_head_dropout] epoch 72/200 loss=0.3310 train_acc=0.8867 v_thresh=13.0666 (349s)
[exp6_head_dropout] epoch 73/200 loss=0.3401 train_acc=0.9036 v_thresh=13.0666 (354s)
[exp6_head_dropout] epoch 74/200 loss=0.3243 train_acc=0.8932 v_thresh=13.0670 (359s)
[exp6_head_dropout] epoch 75/200 loss=0.3412 train_acc=0.8828 val_acc=0.6190 v_thresh=13.0670 (364s)
[exp6_head_dropout] epoch 76/200 loss=0.3561 train_acc=0.8776 v_thresh=13.0670 (369s)
[exp6_head_dropout] epoch 77/200 loss=0.3131 train_acc=0.9049 v_thresh=13.0670 (374s)
[exp6_head_dropout] epoch 78/200 loss=0.2926 train_acc=0.9089 v_thresh=13.0670 (378s)
[exp6_head_dropout] epoch 79/200 loss=0.3106 train_acc=0.8945 v_thresh=13.0671 (383s)
[exp6_head_dropout] epoch 80/200 loss=0.2777 train_acc=0.9258 val_acc=0.6429 v_thresh=13.0670 (389s)
[exp6_head_dropout] epoch 81/200 loss=0.2810 train_acc=0.9219 v_thresh=13.0669 (393s)
[exp6_head_dropout] epoch 82/200 loss=0.2752 train_acc=0.9310 v_thresh=13.0669 (398s)
[exp6_head_dropout] epoch 83/200 loss=0.2878 train_acc=0.8984 v_thresh=13.0670 (402s)
[exp6_head_dropout] epoch 84/200 loss=0.2841 train_acc=0.9062 v_thresh=13.0670 (407s)
[exp6_head_dropout] epoch 85/200 loss=0.2783 train_acc=0.9128 val_acc=0.6238 v_thresh=13.0670 (413s)
[exp6_head_dropout] epoch 86/200 loss=0.2633 train_acc=0.9271 v_thresh=13.0672 (417s)
[exp6_head_dropout] epoch 87/200 loss=0.3065 train_acc=0.9167 v_thresh=13.0674 (422s)
[exp6_head_dropout] epoch 88/200 loss=0.3271 train_acc=0.8880 v_thresh=13.0675 (426s)
[exp6_head_dropout] epoch 89/200 loss=0.2952 train_acc=0.9154 v_thresh=13.0675 (431s)
[exp6_head_dropout] epoch 90/200 loss=0.2897 train_acc=0.9258 val_acc=0.6905 v_thresh=13.0675 (437s)
[exp6_head_dropout] epoch 91/200 loss=0.2758 train_acc=0.9258 v_thresh=13.0675 (441s)
[exp6_head_dropout] epoch 92/200 loss=0.2733 train_acc=0.9206 v_thresh=13.0676 (446s)
[exp6_head_dropout] epoch 93/200 loss=0.2690 train_acc=0.9141 v_thresh=13.0675 (451s)
[exp6_head_dropout] epoch 94/200 loss=0.3061 train_acc=0.8919 v_thresh=13.0675 (455s)
[exp6_head_dropout] epoch 95/200 loss=0.2748 train_acc=0.9154 val_acc=0.6714 v_thresh=13.0675 (461s)
[exp6_head_dropout] epoch 96/200 loss=0.2819 train_acc=0.9128 v_thresh=13.0675 (465s)
[exp6_head_dropout] epoch 97/200 loss=0.2531 train_acc=0.9336 v_thresh=13.0674 (470s)
[exp6_head_dropout] epoch 98/200 loss=0.2832 train_acc=0.9154 v_thresh=13.0675 (475s)
[exp6_head_dropout] epoch 99/200 loss=0.2861 train_acc=0.9167 v_thresh=13.0674 (479s)
[exp6_head_dropout] epoch 100/200 loss=0.3079 train_acc=0.9023 val_acc=0.6952 v_thresh=13.0676 (485s)
[exp6_head_dropout] epoch 101/200 loss=0.3066 train_acc=0.8958 v_thresh=13.0676 (490s)
[exp6_head_dropout] epoch 102/200 loss=0.2849 train_acc=0.9128 v_thresh=13.0676 (494s)
[exp6_head_dropout] epoch 103/200 loss=0.3083 train_acc=0.8997 v_thresh=13.0676 (499s)
[exp6_head_dropout] epoch 104/200 loss=0.3276 train_acc=0.8932 v_thresh=13.0703 (504s)
[exp6_head_dropout] epoch 105/200 loss=0.2649 train_acc=0.9349 val_acc=0.6905 v_thresh=13.0710 (509s)
[exp6_head_dropout] epoch 106/200 loss=0.2837 train_acc=0.9219 v_thresh=13.0710 (514s)
[exp6_head_dropout] epoch 107/200 loss=0.2957 train_acc=0.9076 v_thresh=13.0710 (518s)
[exp6_head_dropout] epoch 108/200 loss=0.2706 train_acc=0.9297 v_thresh=13.0706 (523s)
[exp6_head_dropout] epoch 109/200 loss=0.3188 train_acc=0.8867 v_thresh=13.0705 (528s)
[exp6_head_dropout] epoch 110/200 loss=0.3291 train_acc=0.8997 val_acc=0.6857 v_thresh=13.0728 (533s)
[exp6_head_dropout] epoch 111/200 loss=0.3223 train_acc=0.9023 v_thresh=13.0732 (538s)
[exp6_head_dropout] epoch 112/200 loss=0.3124 train_acc=0.8971 v_thresh=13.0732 (542s)
[exp6_head_dropout] epoch 113/200 loss=0.3266 train_acc=0.9010 v_thresh=13.0733 (547s)
[exp6_head_dropout] epoch 114/200 loss=0.3276 train_acc=0.8945 v_thresh=13.0733 (552s)
[exp6_head_dropout] epoch 115/200 loss=0.3127 train_acc=0.9141 val_acc=0.6810 v_thresh=13.0733 (557s)
[exp6_head_dropout] epoch 116/200 loss=0.3268 train_acc=0.8932 v_thresh=13.0733 (562s)
[exp6_head_dropout] epoch 117/200 loss=0.3033 train_acc=0.8932 v_thresh=13.0733 (567s)
[exp6_head_dropout] epoch 118/200 loss=0.3014 train_acc=0.8984 v_thresh=13.0733 (571s)
[exp6_head_dropout] epoch 119/200 loss=0.2825 train_acc=0.9141 v_thresh=13.0734 (576s)
[exp6_head_dropout] epoch 120/200 loss=0.3308 train_acc=0.8932 val_acc=0.6810 v_thresh=13.0734 (582s)
[exp6_head_dropout] epoch 121/200 loss=0.3440 train_acc=0.8958 v_thresh=13.0729 (586s)
[exp6_head_dropout] epoch 122/200 loss=0.3316 train_acc=0.8984 v_thresh=13.0728 (591s)
[exp6_head_dropout] epoch 123/200 loss=0.3404 train_acc=0.8945 v_thresh=13.0725 (596s)
[exp6_head_dropout] epoch 124/200 loss=0.3590 train_acc=0.8867 v_thresh=13.0724 (600s)
[exp6_head_dropout] epoch 125/200 loss=0.3199 train_acc=0.9154 val_acc=0.6857 v_thresh=13.0724 (606s)
[exp6_head_dropout] epoch 126/200 loss=0.3307 train_acc=0.9115 v_thresh=13.0725 (611s)
[exp6_head_dropout] epoch 127/200 loss=0.3161 train_acc=0.9102 v_thresh=13.0724 (615s)
[exp6_head_dropout] epoch 128/200 loss=0.3054 train_acc=0.9167 v_thresh=13.0724 (620s)
[exp6_head_dropout] epoch 129/200 loss=0.3127 train_acc=0.9062 v_thresh=13.0724 (624s)
[exp6_head_dropout] epoch 130/200 loss=0.3164 train_acc=0.9089 val_acc=0.6857 v_thresh=13.0724 (630s)
[exp6_head_dropout] epoch 131/200 loss=0.3095 train_acc=0.9062 v_thresh=13.0724 (635s)
[exp6_head_dropout] epoch 132/200 loss=0.2995 train_acc=0.9049 v_thresh=13.0724 (640s)
[exp6_head_dropout] epoch 133/200 loss=0.3165 train_acc=0.8932 v_thresh=13.0724 (644s)
[exp6_head_dropout] epoch 134/200 loss=0.3038 train_acc=0.9089 v_thresh=13.0736 (649s)
[exp6_head_dropout] epoch 135/200 loss=0.3361 train_acc=0.8945 val_acc=0.6810 v_thresh=13.0744 (654s)
[exp6_head_dropout] epoch 136/200 loss=0.3027 train_acc=0.9115 v_thresh=13.0745 (659s)
[exp6_head_dropout] epoch 137/200 loss=0.3334 train_acc=0.9010 v_thresh=13.0745 (664s)
[exp6_head_dropout] epoch 138/200 loss=0.3097 train_acc=0.9076 v_thresh=13.0745 (668s)
[exp6_head_dropout] epoch 139/200 loss=0.3195 train_acc=0.9089 v_thresh=13.0745 (673s)
[exp6_head_dropout] epoch 140/200 loss=0.3523 train_acc=0.8789 val_acc=0.6905 v_thresh=13.0745 (678s)
[exp6_head_dropout] epoch 141/200 loss=0.3261 train_acc=0.9115 v_thresh=13.0749 (683s)
[exp6_head_dropout] epoch 142/200 loss=0.3327 train_acc=0.8958 v_thresh=13.0753 (688s)
[exp6_head_dropout] epoch 143/200 loss=0.3303 train_acc=0.8984 v_thresh=13.0755 (692s)
[exp6_head_dropout] epoch 144/200 loss=0.3461 train_acc=0.8737 v_thresh=13.0755 (697s)
[exp6_head_dropout] epoch 145/200 loss=0.3042 train_acc=0.9167 val_acc=0.7048 v_thresh=13.0755 (702s)
[exp6_head_dropout] epoch 146/200 loss=0.3159 train_acc=0.9049 v_thresh=13.0755 (707s)
[exp6_head_dropout] epoch 147/200 loss=0.2970 train_acc=0.9115 v_thresh=13.0755 (712s)
[exp6_head_dropout] epoch 148/200 loss=0.3041 train_acc=0.9076 v_thresh=13.0755 (716s)
[exp6_head_dropout] epoch 149/200 loss=0.3123 train_acc=0.9036 v_thresh=13.0755 (721s)
[exp6_head_dropout] epoch 150/200 loss=0.2914 train_acc=0.9167 val_acc=0.6857 v_thresh=13.0755 (727s)
[exp6_head_dropout] epoch 151/200 loss=0.3161 train_acc=0.9062 v_thresh=13.0755 (731s)
[exp6_head_dropout] epoch 152/200 loss=0.3050 train_acc=0.9219 v_thresh=13.0759 (736s)
[exp6_head_dropout] epoch 153/200 loss=0.3207 train_acc=0.9062 v_thresh=13.0759 (740s)
[exp6_head_dropout] epoch 154/200 loss=0.3164 train_acc=0.8958 v_thresh=13.0759 (745s)
[exp6_head_dropout] epoch 155/200 loss=0.3037 train_acc=0.9128 val_acc=0.6905 v_thresh=13.0751 (751s)
[exp6_head_dropout] epoch 156/200 loss=0.3015 train_acc=0.9049 v_thresh=13.0749 (755s)
[exp6_head_dropout] epoch 157/200 loss=0.2921 train_acc=0.9310 v_thresh=13.0749 (760s)
[exp6_head_dropout] epoch 158/200 loss=0.2965 train_acc=0.9036 v_thresh=13.0749 (764s)
[exp6_head_dropout] epoch 159/200 loss=0.3139 train_acc=0.9049 v_thresh=13.0750 (769s)
[exp6_head_dropout] epoch 160/200 loss=0.3012 train_acc=0.9049 val_acc=0.6762 v_thresh=13.0751 (775s)
[exp6_head_dropout] epoch 161/200 loss=0.2894 train_acc=0.9206 v_thresh=13.0751 (779s)
[exp6_head_dropout] epoch 162/200 loss=0.2832 train_acc=0.9167 v_thresh=13.0751 (784s)
[exp6_head_dropout] epoch 163/200 loss=0.2902 train_acc=0.9206 v_thresh=13.0752 (789s)
[exp6_head_dropout] epoch 164/200 loss=0.2824 train_acc=0.9193 v_thresh=13.0752 (793s)
[exp6_head_dropout] epoch 165/200 loss=0.2931 train_acc=0.9167 val_acc=0.6810 v_thresh=13.0752 (799s)
[exp6_head_dropout] epoch 166/200 loss=0.2950 train_acc=0.9232 v_thresh=13.0752 (803s)
[exp6_head_dropout] epoch 167/200 loss=0.2868 train_acc=0.9141 v_thresh=13.0752 (808s)
[exp6_head_dropout] epoch 168/200 loss=0.2837 train_acc=0.9323 v_thresh=13.0752 (812s)
[exp6_head_dropout] epoch 169/200 loss=0.2961 train_acc=0.9128 v_thresh=13.0752 (817s)
[exp6_head_dropout] epoch 170/200 loss=0.2973 train_acc=0.9128 val_acc=0.6857 v_thresh=13.0752 (823s)
[exp6_head_dropout] epoch 171/200 loss=0.2909 train_acc=0.9167 v_thresh=13.0752 (827s)
[exp6_head_dropout] epoch 172/200 loss=0.2829 train_acc=0.9232 v_thresh=13.0752 (832s)
[exp6_head_dropout] epoch 173/200 loss=0.2880 train_acc=0.9141 v_thresh=13.0752 (837s)
[exp6_head_dropout] epoch 174/200 loss=0.2756 train_acc=0.9154 v_thresh=13.0752 (841s)
[exp6_head_dropout] epoch 175/200 loss=0.2730 train_acc=0.9232 val_acc=0.6857 v_thresh=13.0752 (847s)
[exp6_head_dropout] epoch 176/200 loss=0.2774 train_acc=0.9297 v_thresh=13.0752 (851s)
[exp6_head_dropout] epoch 177/200 loss=0.2777 train_acc=0.9232 v_thresh=13.0752 (856s)
[exp6_head_dropout] epoch 178/200 loss=0.2653 train_acc=0.9323 v_thresh=13.0752 (860s)
[exp6_head_dropout] epoch 179/200 loss=0.2906 train_acc=0.9089 v_thresh=13.0752 (865s)
[exp6_head_dropout] epoch 180/200 loss=0.2875 train_acc=0.9232 val_acc=0.6857 v_thresh=13.0752 (871s)
[exp6_head_dropout] epoch 181/200 loss=0.2886 train_acc=0.9180 v_thresh=13.0752 (875s)
[exp6_head_dropout] epoch 182/200 loss=0.2807 train_acc=0.9297 v_thresh=13.0752 (880s)
[exp6_head_dropout] epoch 183/200 loss=0.2852 train_acc=0.9089 v_thresh=13.0752 (885s)
[exp6_head_dropout] epoch 184/200 loss=0.2851 train_acc=0.9297 v_thresh=13.0752 (889s)
[exp6_head_dropout] epoch 185/200 loss=0.2654 train_acc=0.9323 val_acc=0.6905 v_thresh=13.0752 (895s)
[exp6_head_dropout] epoch 186/200 loss=0.2827 train_acc=0.9232 v_thresh=13.0752 (900s)
[exp6_head_dropout] epoch 187/200 loss=0.2811 train_acc=0.9180 v_thresh=13.0752 (904s)
[exp6_head_dropout] epoch 188/200 loss=0.2636 train_acc=0.9349 v_thresh=13.0752 (909s)
[exp6_head_dropout] epoch 189/200 loss=0.2760 train_acc=0.9271 v_thresh=13.0752 (914s)
[exp6_head_dropout] epoch 190/200 loss=0.2697 train_acc=0.9284 val_acc=0.6952 v_thresh=13.0752 (919s)
[exp6_head_dropout] epoch 191/200 loss=0.2860 train_acc=0.9167 v_thresh=13.0752 (924s)
[exp6_head_dropout] epoch 192/200 loss=0.2704 train_acc=0.9271 v_thresh=13.0752 (928s)
[exp6_head_dropout] epoch 193/200 loss=0.2680 train_acc=0.9336 v_thresh=13.0752 (933s)
[exp6_head_dropout] epoch 194/200 loss=0.2757 train_acc=0.9401 v_thresh=13.0752 (938s)
[exp6_head_dropout] epoch 195/200 loss=0.2765 train_acc=0.9258 val_acc=0.6952 v_thresh=13.0752 (943s)
[exp6_head_dropout] epoch 196/200 loss=0.2817 train_acc=0.9245 v_thresh=13.0752 (948s)
[exp6_head_dropout] epoch 197/200 loss=0.2662 train_acc=0.9154 v_thresh=13.0752 (952s)
[exp6_head_dropout] epoch 198/200 loss=0.2829 train_acc=0.9284 v_thresh=13.0752 (957s)
[exp6_head_dropout] epoch 199/200 loss=0.2730 train_acc=0.9232 v_thresh=13.0752 (962s)
[exp6_head_dropout] epoch 200/200 loss=0.2806 train_acc=0.9297 val_acc=0.6952 v_thresh=13.0752 (967s)
[exp6_head_dropout] BEST val_acc=0.7048 at epoch 145 (selected without ever touching the test set)
[exp6_head_dropout] wrote /home/ihs24/Desktop/CiM-HDC/phase1_firing_characterization/artifacts/dvs_accuracy/exp6_head_dropout.json
