[exp7_moredata] subtrain=849 val=130 test=240
[exp7_moredata] calibrated v_thresh_init=15.1062
[exp7_moredata] epoch 1/200 loss=1.6648 train_acc=0.4603 v_thresh=15.1052 (5s)
[exp7_moredata] epoch 2/200 loss=0.8984 train_acc=0.6695 v_thresh=15.1046 (10s)
[exp7_moredata] epoch 3/200 loss=0.7967 train_acc=0.6947 v_thresh=15.1045 (15s)
[exp7_moredata] epoch 4/200 loss=0.7017 train_acc=0.7620 v_thresh=15.1046 (20s)
[exp7_moredata] epoch 5/200 loss=0.6587 train_acc=0.7584 val_acc=0.5385 v_thresh=15.1041 (26s)
[exp7_moredata] epoch 6/200 loss=0.4984 train_acc=0.8534 v_thresh=15.1037 (31s)
[exp7_moredata] epoch 7/200 loss=0.4891 train_acc=0.8606 v_thresh=15.1037 (36s)
[exp7_moredata] epoch 8/200 loss=0.4942 train_acc=0.8317 v_thresh=15.1038 (41s)
[exp7_moredata] epoch 9/200 loss=0.5196 train_acc=0.8413 v_thresh=15.1037 (46s)
[exp7_moredata] epoch 10/200 loss=0.5315 train_acc=0.8149 val_acc=0.5769 v_thresh=15.0965 (51s)
[exp7_moredata] epoch 11/200 loss=0.5976 train_acc=0.7837 v_thresh=15.0997 (56s)
[exp7_moredata] epoch 12/200 loss=0.6584 train_acc=0.7476 v_thresh=15.1015 (61s)
[exp7_moredata] epoch 13/200 loss=0.6029 train_acc=0.7825 v_thresh=15.1015 (66s)
[exp7_moredata] epoch 14/200 loss=0.6256 train_acc=0.7704 v_thresh=15.1014 (70s)
[exp7_moredata] epoch 15/200 loss=0.5958 train_acc=0.7825 val_acc=0.5692 v_thresh=15.1013 (76s)
[exp7_moredata] epoch 16/200 loss=0.5829 train_acc=0.7993 v_thresh=15.1013 (81s)
[exp7_moredata] epoch 17/200 loss=0.6345 train_acc=0.8005 v_thresh=15.1019 (85s)
[exp7_moredata] epoch 18/200 loss=0.6054 train_acc=0.7933 v_thresh=15.1023 (90s)
[exp7_moredata] epoch 19/200 loss=0.5792 train_acc=0.7764 v_thresh=15.1024 (95s)
[exp7_moredata] epoch 20/200 loss=0.5817 train_acc=0.7933 val_acc=0.5692 v_thresh=15.1024 (101s)
[exp7_moredata] epoch 21/200 loss=0.5137 train_acc=0.8197 v_thresh=15.1024 (105s)
[exp7_moredata] epoch 22/200 loss=0.5144 train_acc=0.8233 v_thresh=15.1025 (110s)
[exp7_moredata] epoch 23/200 loss=0.5532 train_acc=0.8197 v_thresh=15.1026 (115s)
[exp7_moredata] epoch 24/200 loss=0.5613 train_acc=0.8245 v_thresh=15.1006 (120s)
[exp7_moredata] epoch 25/200 loss=0.5353 train_acc=0.8173 val_acc=0.6000 v_thresh=15.1003 (125s)
[exp7_moredata] epoch 26/200 loss=0.5730 train_acc=0.7885 v_thresh=15.1003 (130s)
[exp7_moredata] epoch 27/200 loss=0.5401 train_acc=0.7957 v_thresh=15.1000 (135s)
[exp7_moredata] epoch 28/200 loss=0.5080 train_acc=0.8305 v_thresh=15.1002 (140s)
[exp7_moredata] epoch 29/200 loss=0.5139 train_acc=0.8317 v_thresh=15.1006 (145s)
[exp7_moredata] epoch 30/200 loss=0.5501 train_acc=0.8101 val_acc=0.6308 v_thresh=15.1009 (150s)
[exp7_moredata] epoch 31/200 loss=0.5077 train_acc=0.8293 v_thresh=15.1010 (155s)
[exp7_moredata] epoch 32/200 loss=0.4805 train_acc=0.8630 v_thresh=15.1009 (160s)
[exp7_moredata] epoch 33/200 loss=0.4781 train_acc=0.8450 v_thresh=15.1013 (165s)
[exp7_moredata] epoch 34/200 loss=0.4839 train_acc=0.8438 v_thresh=15.1014 (169s)
[exp7_moredata] epoch 35/200 loss=0.4588 train_acc=0.8606 val_acc=0.6308 v_thresh=15.1014 (175s)
[exp7_moredata] epoch 36/200 loss=0.4924 train_acc=0.8486 v_thresh=15.1028 (180s)
[exp7_moredata] epoch 37/200 loss=0.5796 train_acc=0.7885 v_thresh=15.1035 (185s)
[exp7_moredata] epoch 38/200 loss=0.5567 train_acc=0.7993 v_thresh=15.1035 (190s)
[exp7_moredata] epoch 39/200 loss=0.4754 train_acc=0.8510 v_thresh=15.1035 (195s)
[exp7_moredata] epoch 40/200 loss=0.5202 train_acc=0.8341 val_acc=0.5846 v_thresh=15.1102 (200s)
[exp7_moredata] epoch 41/200 loss=0.5331 train_acc=0.8269 v_thresh=15.1110 (205s)
[exp7_moredata] epoch 42/200 loss=0.4815 train_acc=0.8666 v_thresh=15.1110 (210s)
[exp7_moredata] epoch 43/200 loss=0.4795 train_acc=0.8606 v_thresh=15.1109 (215s)
[exp7_moredata] epoch 44/200 loss=0.5069 train_acc=0.8317 v_thresh=15.1108 (220s)
[exp7_moredata] epoch 45/200 loss=0.5200 train_acc=0.8281 val_acc=0.5769 v_thresh=15.1108 (225s)
[exp7_moredata] epoch 46/200 loss=0.4871 train_acc=0.8594 v_thresh=15.1110 (230s)
[exp7_moredata] epoch 47/200 loss=0.4931 train_acc=0.8654 v_thresh=15.1116 (235s)
[exp7_moredata] epoch 48/200 loss=0.5097 train_acc=0.8425 v_thresh=15.1116 (240s)
[exp7_moredata] epoch 49/200 loss=0.5213 train_acc=0.8293 v_thresh=15.1116 (245s)
[exp7_moredata] epoch 50/200 loss=0.4915 train_acc=0.8486 val_acc=0.7000 v_thresh=15.1116 (250s)
[exp7_moredata] epoch 51/200 loss=0.4984 train_acc=0.8438 v_thresh=15.1115 (255s)
[exp7_moredata] epoch 52/200 loss=0.4884 train_acc=0.8582 v_thresh=15.1123 (260s)
[exp7_moredata] epoch 53/200 loss=0.4893 train_acc=0.8630 v_thresh=15.1126 (265s)
[exp7_moredata] epoch 54/200 loss=0.5083 train_acc=0.8377 v_thresh=15.1128 (269s)
[exp7_moredata] epoch 55/200 loss=0.4897 train_acc=0.8317 val_acc=0.5769 v_thresh=15.1128 (275s)
[exp7_moredata] epoch 56/200 loss=0.5132 train_acc=0.8329 v_thresh=15.1120 (280s)
[exp7_moredata] epoch 57/200 loss=0.5045 train_acc=0.8474 v_thresh=15.1119 (285s)
[exp7_moredata] epoch 58/200 loss=0.5456 train_acc=0.8101 v_thresh=15.1138 (289s)
[exp7_moredata] epoch 59/200 loss=0.5515 train_acc=0.8341 v_thresh=15.1170 (294s)
[exp7_moredata] epoch 60/200 loss=0.5500 train_acc=0.8401 val_acc=0.5538 v_thresh=15.1172 (300s)
[exp7_moredata] epoch 61/200 loss=0.5168 train_acc=0.8365 v_thresh=15.1171 (305s)
[exp7_moredata] epoch 62/200 loss=0.5351 train_acc=0.8197 v_thresh=15.1170 (309s)
[exp7_moredata] epoch 63/200 loss=0.5025 train_acc=0.8377 v_thresh=15.1171 (314s)
[exp7_moredata] epoch 64/200 loss=0.5125 train_acc=0.8317 v_thresh=15.1171 (319s)
[exp7_moredata] epoch 65/200 loss=0.4997 train_acc=0.8353 val_acc=0.6000 v_thresh=15.1080 (325s)
[exp7_moredata] epoch 66/200 loss=0.5010 train_acc=0.8341 v_thresh=15.0987 (330s)
[exp7_moredata] epoch 67/200 loss=0.4986 train_acc=0.8401 v_thresh=15.0980 (334s)
[exp7_moredata] epoch 68/200 loss=0.4939 train_acc=0.8341 v_thresh=15.0979 (339s)
[exp7_moredata] epoch 69/200 loss=0.4591 train_acc=0.8522 v_thresh=15.0980 (344s)
[exp7_moredata] epoch 70/200 loss=0.4729 train_acc=0.8606 val_acc=0.6385 v_thresh=15.0979 (350s)
[exp7_moredata] epoch 71/200 loss=0.5018 train_acc=0.8149 v_thresh=15.0979 (354s)
[exp7_moredata] epoch 72/200 loss=0.5103 train_acc=0.8197 v_thresh=15.0980 (359s)
[exp7_moredata] epoch 73/200 loss=0.4867 train_acc=0.8365 v_thresh=15.0981 (364s)
[exp7_moredata] epoch 74/200 loss=0.4937 train_acc=0.8341 v_thresh=15.0980 (369s)
[exp7_moredata] epoch 75/200 loss=0.4977 train_acc=0.8401 val_acc=0.6231 v_thresh=15.0979 (374s)
[exp7_moredata] epoch 76/200 loss=0.4959 train_acc=0.8377 v_thresh=15.0978 (379s)
[exp7_moredata] epoch 77/200 loss=0.4827 train_acc=0.8486 v_thresh=15.0978 (384s)
[exp7_moredata] epoch 78/200 loss=0.4827 train_acc=0.8486 v_thresh=15.0979 (389s)
[exp7_moredata] epoch 79/200 loss=0.5021 train_acc=0.8185 v_thresh=15.0979 (393s)
[exp7_moredata] epoch 80/200 loss=0.5123 train_acc=0.8065 val_acc=0.5769 v_thresh=15.0978 (399s)
[exp7_moredata] epoch 81/200 loss=0.4264 train_acc=0.8714 v_thresh=15.1001 (404s)
[exp7_moredata] epoch 82/200 loss=0.4369 train_acc=0.8726 v_thresh=15.1014 (409s)
[exp7_moredata] epoch 83/200 loss=0.4428 train_acc=0.8618 v_thresh=15.1015 (413s)
[exp7_moredata] epoch 84/200 loss=0.4096 train_acc=0.8906 v_thresh=15.1015 (418s)
[exp7_moredata] epoch 85/200 loss=0.4067 train_acc=0.8882 val_acc=0.6769 v_thresh=15.1015 (424s)
[exp7_moredata] epoch 86/200 loss=0.4076 train_acc=0.8858 v_thresh=15.1014 (429s)
[exp7_moredata] epoch 87/200 loss=0.4044 train_acc=0.8750 v_thresh=15.1014 (433s)
[exp7_moredata] epoch 88/200 loss=0.4000 train_acc=0.8690 v_thresh=15.1013 (438s)
[exp7_moredata] epoch 89/200 loss=0.4039 train_acc=0.8930 v_thresh=15.1013 (443s)
[exp7_moredata] epoch 90/200 loss=0.3872 train_acc=0.8978 val_acc=0.6231 v_thresh=15.1013 (448s)
[exp7_moredata] epoch 91/200 loss=0.4170 train_acc=0.8810 v_thresh=15.1013 (453s)
[exp7_moredata] epoch 92/200 loss=0.4076 train_acc=0.8810 v_thresh=15.1013 (458s)
[exp7_moredata] epoch 93/200 loss=0.3726 train_acc=0.9075 v_thresh=15.1013 (463s)
[exp7_moredata] epoch 94/200 loss=0.3780 train_acc=0.9026 v_thresh=15.1013 (468s)
[exp7_moredata] epoch 95/200 loss=0.3820 train_acc=0.8954 val_acc=0.6231 v_thresh=15.1010 (473s)
[exp7_moredata] epoch 96/200 loss=0.3711 train_acc=0.9195 v_thresh=15.1008 (478s)
[exp7_moredata] epoch 97/200 loss=0.4059 train_acc=0.8858 v_thresh=15.1006 (483s)
[exp7_moredata] epoch 98/200 loss=0.3980 train_acc=0.8894 v_thresh=15.1006 (487s)
[exp7_moredata] epoch 99/200 loss=0.4006 train_acc=0.8834 v_thresh=15.1006 (492s)
[exp7_moredata] epoch 100/200 loss=0.3789 train_acc=0.9087 val_acc=0.6308 v_thresh=15.1006 (498s)
[exp7_moredata] epoch 101/200 loss=0.3836 train_acc=0.9002 v_thresh=15.1006 (503s)
[exp7_moredata] epoch 102/200 loss=0.3710 train_acc=0.9147 v_thresh=15.1005 (508s)
[exp7_moredata] epoch 103/200 loss=0.3722 train_acc=0.9075 v_thresh=15.1006 (513s)
[exp7_moredata] epoch 104/200 loss=0.3814 train_acc=0.9075 v_thresh=15.1006 (517s)
[exp7_moredata] epoch 105/200 loss=0.3921 train_acc=0.9050 val_acc=0.6462 v_thresh=15.1006 (523s)
[exp7_moredata] epoch 106/200 loss=0.3769 train_acc=0.9002 v_thresh=15.1006 (528s)
[exp7_moredata] epoch 107/200 loss=0.3516 train_acc=0.9255 v_thresh=15.1006 (533s)
[exp7_moredata] epoch 108/200 loss=0.3650 train_acc=0.9050 v_thresh=15.1006 (537s)
[exp7_moredata] epoch 109/200 loss=0.3544 train_acc=0.9111 v_thresh=15.1007 (542s)
[exp7_moredata] epoch 110/200 loss=0.3571 train_acc=0.9135 val_acc=0.6615 v_thresh=15.1007 (548s)
[exp7_moredata] epoch 111/200 loss=0.3509 train_acc=0.9087 v_thresh=15.1003 (553s)
[exp7_moredata] epoch 112/200 loss=0.3591 train_acc=0.9123 v_thresh=15.1001 (557s)
[exp7_moredata] epoch 113/200 loss=0.3644 train_acc=0.8990 v_thresh=15.1001 (562s)
[exp7_moredata] epoch 114/200 loss=0.3587 train_acc=0.9050 v_thresh=15.1001 (567s)
[exp7_moredata] epoch 115/200 loss=0.3424 train_acc=0.9123 val_acc=0.6769 v_thresh=15.1001 (572s)
[exp7_moredata] epoch 116/200 loss=0.3500 train_acc=0.9147 v_thresh=15.1001 (577s)
[exp7_moredata] epoch 117/200 loss=0.3550 train_acc=0.9111 v_thresh=15.1001 (582s)
[exp7_moredata] epoch 118/200 loss=0.3433 train_acc=0.9303 v_thresh=15.1001 (586s)
[exp7_moredata] epoch 119/200 loss=0.3442 train_acc=0.9147 v_thresh=15.1001 (591s)
[exp7_moredata] epoch 120/200 loss=0.3473 train_acc=0.9099 val_acc=0.6462 v_thresh=15.0999 (597s)
[exp7_moredata] epoch 121/200 loss=0.3549 train_acc=0.9183 v_thresh=15.0999 (601s)
[exp7_moredata] epoch 122/200 loss=0.3611 train_acc=0.9062 v_thresh=15.0998 (606s)
[exp7_moredata] epoch 123/200 loss=0.3513 train_acc=0.9147 v_thresh=15.0998 (611s)
[exp7_moredata] epoch 124/200 loss=0.3460 train_acc=0.9219 v_thresh=15.0998 (616s)
[exp7_moredata] epoch 125/200 loss=0.3463 train_acc=0.9207 val_acc=0.6692 v_thresh=15.0999 (622s)
[exp7_moredata] epoch 126/200 loss=0.3382 train_acc=0.9243 v_thresh=15.0999 (626s)
[exp7_moredata] epoch 127/200 loss=0.3278 train_acc=0.9303 v_thresh=15.0999 (631s)
[exp7_moredata] epoch 128/200 loss=0.3306 train_acc=0.9207 v_thresh=15.1000 (636s)
[exp7_moredata] epoch 129/200 loss=0.3285 train_acc=0.9315 v_thresh=15.1000 (641s)
[exp7_moredata] epoch 130/200 loss=0.3180 train_acc=0.9423 val_acc=0.6615 v_thresh=15.1000 (646s)
[exp7_moredata] epoch 131/200 loss=0.3172 train_acc=0.9279 v_thresh=15.1000 (651s)
[exp7_moredata] epoch 132/200 loss=0.3195 train_acc=0.9423 v_thresh=15.1000 (656s)
[exp7_moredata] epoch 133/200 loss=0.3173 train_acc=0.9291 v_thresh=15.1000 (661s)
[exp7_moredata] epoch 134/200 loss=0.3170 train_acc=0.9411 v_thresh=15.1000 (666s)
[exp7_moredata] epoch 135/200 loss=0.3111 train_acc=0.9327 val_acc=0.6692 v_thresh=15.1000 (671s)
[exp7_moredata] epoch 136/200 loss=0.3102 train_acc=0.9375 v_thresh=15.1000 (676s)
[exp7_moredata] epoch 137/200 loss=0.3111 train_acc=0.9387 v_thresh=15.1000 (681s)
[exp7_moredata] epoch 138/200 loss=0.3127 train_acc=0.9339 v_thresh=15.1000 (686s)
[exp7_moredata] epoch 139/200 loss=0.3021 train_acc=0.9351 v_thresh=15.1002 (691s)
[exp7_moredata] epoch 140/200 loss=0.3002 train_acc=0.9327 val_acc=0.7000 v_thresh=15.1003 (696s)
[exp7_moredata] epoch 141/200 loss=0.2956 train_acc=0.9351 v_thresh=15.1003 (701s)
[exp7_moredata] epoch 142/200 loss=0.3031 train_acc=0.9423 v_thresh=15.1003 (706s)
[exp7_moredata] epoch 143/200 loss=0.2993 train_acc=0.9435 v_thresh=15.1003 (710s)
[exp7_moredata] epoch 144/200 loss=0.2965 train_acc=0.9375 v_thresh=15.1003 (715s)
[exp7_moredata] epoch 145/200 loss=0.3083 train_acc=0.9339 val_acc=0.6923 v_thresh=15.1003 (721s)
[exp7_moredata] epoch 146/200 loss=0.2957 train_acc=0.9423 v_thresh=15.1003 (726s)
[exp7_moredata] epoch 147/200 loss=0.2928 train_acc=0.9483 v_thresh=15.1003 (730s)
[exp7_moredata] epoch 148/200 loss=0.3017 train_acc=0.9411 v_thresh=15.1003 (735s)
[exp7_moredata] epoch 149/200 loss=0.2952 train_acc=0.9471 v_thresh=15.1003 (740s)
[exp7_moredata] epoch 150/200 loss=0.2877 train_acc=0.9471 val_acc=0.6462 v_thresh=15.1003 (746s)
[exp7_moredata] epoch 151/200 loss=0.2943 train_acc=0.9387 v_thresh=15.1004 (750s)
[exp7_moredata] epoch 152/200 loss=0.2946 train_acc=0.9399 v_thresh=15.1005 (755s)
[exp7_moredata] epoch 153/200 loss=0.2854 train_acc=0.9375 v_thresh=15.1005 (760s)
[exp7_moredata] epoch 154/200 loss=0.2873 train_acc=0.9387 v_thresh=15.1005 (765s)
[exp7_moredata] epoch 155/200 loss=0.2823 train_acc=0.9495 val_acc=0.6692 v_thresh=15.1005 (770s)
[exp7_moredata] epoch 156/200 loss=0.2828 train_acc=0.9435 v_thresh=15.1005 (775s)
[exp7_moredata] epoch 157/200 loss=0.2882 train_acc=0.9471 v_thresh=15.1002 (780s)
[exp7_moredata] epoch 158/200 loss=0.3059 train_acc=0.9327 v_thresh=15.1001 (785s)
[exp7_moredata] epoch 159/200 loss=0.3018 train_acc=0.9387 v_thresh=15.1001 (790s)
[exp7_moredata] epoch 160/200 loss=0.2988 train_acc=0.9411 val_acc=0.6846 v_thresh=15.1001 (795s)
[exp7_moredata] epoch 161/200 loss=0.3058 train_acc=0.9423 v_thresh=15.1001 (800s)
[exp7_moredata] epoch 162/200 loss=0.3001 train_acc=0.9435 v_thresh=15.1001 (805s)
[exp7_moredata] epoch 163/200 loss=0.3009 train_acc=0.9435 v_thresh=15.1001 (810s)
[exp7_moredata] epoch 164/200 loss=0.2996 train_acc=0.9519 v_thresh=15.1001 (814s)
[exp7_moredata] epoch 165/200 loss=0.2999 train_acc=0.9363 val_acc=0.6692 v_thresh=15.1001 (820s)
[exp7_moredata] epoch 166/200 loss=0.2957 train_acc=0.9387 v_thresh=15.1001 (825s)
[exp7_moredata] epoch 167/200 loss=0.3025 train_acc=0.9411 v_thresh=15.1003 (830s)
[exp7_moredata] epoch 168/200 loss=0.2908 train_acc=0.9519 v_thresh=15.1003 (834s)
[exp7_moredata] epoch 169/200 loss=0.2929 train_acc=0.9483 v_thresh=15.1003 (839s)
[exp7_moredata] epoch 170/200 loss=0.2958 train_acc=0.9459 val_acc=0.6923 v_thresh=15.1003 (845s)
[exp7_moredata] epoch 171/200 loss=0.2941 train_acc=0.9483 v_thresh=15.1016 (849s)
[exp7_moredata] epoch 172/200 loss=0.2900 train_acc=0.9507 v_thresh=15.1018 (854s)
[exp7_moredata] epoch 173/200 loss=0.2894 train_acc=0.9507 v_thresh=15.1018 (859s)
[exp7_moredata] epoch 174/200 loss=0.2904 train_acc=0.9519 v_thresh=15.1019 (864s)
[exp7_moredata] epoch 175/200 loss=0.2820 train_acc=0.9519 val_acc=0.7000 v_thresh=15.1019 (869s)
[exp7_moredata] epoch 176/200 loss=0.2869 train_acc=0.9459 v_thresh=15.1019 (874s)
[exp7_moredata] epoch 177/200 loss=0.2887 train_acc=0.9507 v_thresh=15.1019 (879s)
[exp7_moredata] epoch 178/200 loss=0.2885 train_acc=0.9519 v_thresh=15.1019 (883s)
[exp7_moredata] epoch 179/200 loss=0.2875 train_acc=0.9543 v_thresh=15.1020 (888s)
[exp7_moredata] epoch 180/200 loss=0.2873 train_acc=0.9531 val_acc=0.7000 v_thresh=15.1020 (894s)
[exp7_moredata] epoch 181/200 loss=0.2844 train_acc=0.9483 v_thresh=15.1020 (898s)
[exp7_moredata] epoch 182/200 loss=0.2853 train_acc=0.9519 v_thresh=15.1020 (903s)
[exp7_moredata] epoch 183/200 loss=0.2828 train_acc=0.9519 v_thresh=15.1020 (908s)
[exp7_moredata] epoch 184/200 loss=0.2793 train_acc=0.9591 v_thresh=15.1020 (913s)
[exp7_moredata] epoch 185/200 loss=0.2851 train_acc=0.9531 val_acc=0.7000 v_thresh=15.1020 (918s)
[exp7_moredata] epoch 186/200 loss=0.2836 train_acc=0.9447 v_thresh=15.1020 (923s)
[exp7_moredata] epoch 187/200 loss=0.2827 train_acc=0.9519 v_thresh=15.1020 (928s)
[exp7_moredata] epoch 188/200 loss=0.2780 train_acc=0.9495 v_thresh=15.1020 (933s)
[exp7_moredata] epoch 189/200 loss=0.2771 train_acc=0.9519 v_thresh=15.1020 (937s)
[exp7_moredata] epoch 190/200 loss=0.2753 train_acc=0.9555 val_acc=0.7077 v_thresh=15.1020 (943s)
[exp7_moredata] epoch 191/200 loss=0.2783 train_acc=0.9555 v_thresh=15.1020 (948s)
[exp7_moredata] epoch 192/200 loss=0.2794 train_acc=0.9495 v_thresh=15.1020 (952s)
[exp7_moredata] epoch 193/200 loss=0.2795 train_acc=0.9543 v_thresh=15.1020 (957s)
[exp7_moredata] epoch 194/200 loss=0.2799 train_acc=0.9531 v_thresh=15.1020 (962s)
[exp7_moredata] epoch 195/200 loss=0.2810 train_acc=0.9555 val_acc=0.7077 v_thresh=15.1020 (968s)
[exp7_moredata] epoch 196/200 loss=0.2811 train_acc=0.9495 v_thresh=15.1020 (972s)
[exp7_moredata] epoch 197/200 loss=0.2833 train_acc=0.9531 v_thresh=15.1020 (977s)
[exp7_moredata] epoch 198/200 loss=0.2777 train_acc=0.9555 v_thresh=15.1020 (982s)
[exp7_moredata] epoch 199/200 loss=0.2769 train_acc=0.9531 v_thresh=15.1020 (987s)
[exp7_moredata] epoch 200/200 loss=0.2797 train_acc=0.9519 val_acc=0.7077 v_thresh=15.1020 (992s)
[exp7_moredata] BEST val_acc=0.7077 at epoch 190 (selected without ever touching the test set)
[exp7_moredata] wrote /home/ihs24/Desktop/CiM-HDC/phase1_firing_characterization/artifacts/dvs_accuracy/exp7_moredata.json
