[exp8_gradclip] subtrain=769 val=210 test=240
[exp8_gradclip] calibrated v_thresh_init=13.1104
[exp8_gradclip] epoch 1/200 loss=2.3667 train_acc=0.3620 v_thresh=13.0965 (5s)
[exp8_gradclip] epoch 2/200 loss=1.2403 train_acc=0.5638 v_thresh=13.0790 (10s)
[exp8_gradclip] epoch 3/200 loss=1.2533 train_acc=0.6367 v_thresh=13.0643 (15s)
[exp8_gradclip] epoch 4/200 loss=1.0373 train_acc=0.6784 v_thresh=13.0529 (20s)
[exp8_gradclip] epoch 5/200 loss=1.1584 train_acc=0.6667 val_acc=0.5667 v_thresh=13.0421 (25s)
[exp8_gradclip] epoch 6/200 loss=0.9169 train_acc=0.7161 v_thresh=13.0293 (30s)
[exp8_gradclip] epoch 7/200 loss=0.8210 train_acc=0.7448 v_thresh=13.0110 (35s)
[exp8_gradclip] epoch 8/200 loss=0.5321 train_acc=0.8229 v_thresh=12.9970 (39s)
[exp8_gradclip] epoch 9/200 loss=0.7036 train_acc=0.7656 v_thresh=12.9852 (44s)
[exp8_gradclip] epoch 10/200 loss=0.7990 train_acc=0.7487 val_acc=0.6000 v_thresh=12.9711 (50s)
[exp8_gradclip] epoch 11/200 loss=0.6454 train_acc=0.7747 v_thresh=12.9591 (54s)
[exp8_gradclip] epoch 12/200 loss=0.5635 train_acc=0.7878 v_thresh=12.9437 (59s)
[exp8_gradclip] epoch 13/200 loss=0.5295 train_acc=0.8164 v_thresh=12.9359 (64s)
[exp8_gradclip] epoch 14/200 loss=0.4089 train_acc=0.8672 v_thresh=12.9233 (68s)
[exp8_gradclip] epoch 15/200 loss=0.5232 train_acc=0.8242 val_acc=0.6476 v_thresh=12.9119 (74s)
[exp8_gradclip] epoch 16/200 loss=0.5179 train_acc=0.8138 v_thresh=12.8980 (79s)
[exp8_gradclip] epoch 17/200 loss=0.6325 train_acc=0.7943 v_thresh=12.8796 (83s)
[exp8_gradclip] epoch 18/200 loss=0.5855 train_acc=0.8346 v_thresh=12.8675 (88s)
[exp8_gradclip] epoch 19/200 loss=0.4350 train_acc=0.8438 v_thresh=12.8546 (93s)
[exp8_gradclip] epoch 20/200 loss=0.4168 train_acc=0.8503 val_acc=0.6524 v_thresh=12.8407 (98s)
[exp8_gradclip] epoch 21/200 loss=0.4007 train_acc=0.8503 v_thresh=12.8255 (103s)
[exp8_gradclip] epoch 22/200 loss=0.3326 train_acc=0.8789 v_thresh=12.8124 (108s)
[exp8_gradclip] epoch 23/200 loss=0.3941 train_acc=0.8659 v_thresh=12.8011 (112s)
[exp8_gradclip] epoch 24/200 loss=0.5714 train_acc=0.8138 v_thresh=12.7880 (117s)
[exp8_gradclip] epoch 25/200 loss=0.6157 train_acc=0.7786 val_acc=0.6524 v_thresh=12.7816 (122s)
[exp8_gradclip] epoch 26/200 loss=0.4122 train_acc=0.8411 v_thresh=12.7727 (127s)
[exp8_gradclip] epoch 27/200 loss=0.4725 train_acc=0.8438 v_thresh=12.7622 (132s)
[exp8_gradclip] epoch 28/200 loss=0.2986 train_acc=0.8919 v_thresh=12.7477 (136s)
[exp8_gradclip] epoch 29/200 loss=0.3959 train_acc=0.8672 v_thresh=12.7342 (141s)
[exp8_gradclip] epoch 30/200 loss=0.3966 train_acc=0.8555 val_acc=0.6762 v_thresh=12.7203 (147s)
[exp8_gradclip] epoch 31/200 loss=0.2733 train_acc=0.9089 v_thresh=12.7134 (151s)
[exp8_gradclip] epoch 32/200 loss=0.2796 train_acc=0.8984 v_thresh=12.7010 (156s)
[exp8_gradclip] epoch 33/200 loss=0.2338 train_acc=0.9180 v_thresh=12.6890 (161s)
[exp8_gradclip] epoch 34/200 loss=0.2763 train_acc=0.9023 v_thresh=12.6795 (165s)
[exp8_gradclip] epoch 35/200 loss=0.2111 train_acc=0.9245 val_acc=0.6857 v_thresh=12.6668 (171s)
[exp8_gradclip] epoch 36/200 loss=0.2106 train_acc=0.9310 v_thresh=12.6518 (176s)
[exp8_gradclip] epoch 37/200 loss=0.1570 train_acc=0.9453 v_thresh=12.6393 (180s)
[exp8_gradclip] epoch 38/200 loss=0.1607 train_acc=0.9518 v_thresh=12.6287 (185s)
[exp8_gradclip] epoch 39/200 loss=0.1937 train_acc=0.9440 v_thresh=12.6186 (190s)
[exp8_gradclip] epoch 40/200 loss=0.2738 train_acc=0.9115 val_acc=0.6571 v_thresh=12.6118 (195s)
[exp8_gradclip] epoch 41/200 loss=0.3525 train_acc=0.9049 v_thresh=12.6069 (200s)
[exp8_gradclip] epoch 42/200 loss=0.4263 train_acc=0.8737 v_thresh=12.5961 (205s)
[exp8_gradclip] epoch 43/200 loss=0.1850 train_acc=0.9466 v_thresh=12.5904 (209s)
[exp8_gradclip] epoch 44/200 loss=0.2414 train_acc=0.9219 v_thresh=12.5881 (214s)
[exp8_gradclip] epoch 45/200 loss=0.1561 train_acc=0.9583 val_acc=0.7190 v_thresh=12.5790 (220s)
[exp8_gradclip] epoch 46/200 loss=0.2019 train_acc=0.9362 v_thresh=12.5665 (224s)
[exp8_gradclip] epoch 47/200 loss=0.1582 train_acc=0.9596 v_thresh=12.5579 (229s)
[exp8_gradclip] epoch 48/200 loss=0.2349 train_acc=0.9310 v_thresh=12.5464 (234s)
[exp8_gradclip] epoch 49/200 loss=0.4016 train_acc=0.8724 v_thresh=12.5340 (238s)
[exp8_gradclip] epoch 50/200 loss=0.1710 train_acc=0.9505 val_acc=0.7048 v_thresh=12.5165 (244s)
[exp8_gradclip] epoch 51/200 loss=0.2562 train_acc=0.9102 v_thresh=12.5115 (248s)
[exp8_gradclip] epoch 52/200 loss=0.1392 train_acc=0.9505 v_thresh=12.5036 (253s)
[exp8_gradclip] epoch 53/200 loss=0.1498 train_acc=0.9466 v_thresh=12.4953 (258s)
[exp8_gradclip] epoch 54/200 loss=0.2637 train_acc=0.9128 v_thresh=12.4806 (262s)
[exp8_gradclip] epoch 55/200 loss=0.1215 train_acc=0.9661 val_acc=0.7476 v_thresh=12.4680 (268s)
[exp8_gradclip] epoch 56/200 loss=0.1465 train_acc=0.9570 v_thresh=12.4607 (273s)
[exp8_gradclip] epoch 57/200 loss=0.0910 train_acc=0.9766 v_thresh=12.4552 (277s)
[exp8_gradclip] epoch 58/200 loss=0.0880 train_acc=0.9818 v_thresh=12.4470 (282s)
[exp8_gradclip] epoch 59/200 loss=0.1083 train_acc=0.9688 v_thresh=12.4375 (287s)
[exp8_gradclip] epoch 60/200 loss=0.0949 train_acc=0.9727 val_acc=0.7381 v_thresh=12.4282 (292s)
[exp8_gradclip] epoch 61/200 loss=0.0684 train_acc=0.9896 v_thresh=12.4192 (297s)
[exp8_gradclip] epoch 62/200 loss=0.0691 train_acc=0.9870 v_thresh=12.4069 (301s)
[exp8_gradclip] epoch 63/200 loss=0.1486 train_acc=0.9505 v_thresh=12.3994 (306s)
[exp8_gradclip] epoch 64/200 loss=0.2207 train_acc=0.9388 v_thresh=12.3911 (311s)
[exp8_gradclip] epoch 65/200 loss=0.1125 train_acc=0.9701 val_acc=0.7429 v_thresh=12.3838 (316s)
[exp8_gradclip] epoch 66/200 loss=0.0959 train_acc=0.9779 v_thresh=12.3752 (321s)
[exp8_gradclip] epoch 67/200 loss=0.1012 train_acc=0.9753 v_thresh=12.3660 (326s)
[exp8_gradclip] epoch 68/200 loss=0.0561 train_acc=0.9935 v_thresh=12.3563 (330s)
[exp8_gradclip] epoch 69/200 loss=0.0736 train_acc=0.9818 v_thresh=12.3462 (335s)
[exp8_gradclip] epoch 70/200 loss=0.0643 train_acc=0.9896 val_acc=0.7571 v_thresh=12.3398 (340s)
[exp8_gradclip] epoch 71/200 loss=0.0839 train_acc=0.9766 v_thresh=12.3311 (345s)
[exp8_gradclip] epoch 72/200 loss=0.0660 train_acc=0.9818 v_thresh=12.3257 (350s)
[exp8_gradclip] epoch 73/200 loss=0.0641 train_acc=0.9896 v_thresh=12.3157 (355s)
[exp8_gradclip] epoch 74/200 loss=0.0739 train_acc=0.9844 v_thresh=12.3054 (359s)
[exp8_gradclip] epoch 75/200 loss=0.0696 train_acc=0.9883 val_acc=0.7667 v_thresh=12.2976 (365s)
[exp8_gradclip] epoch 76/200 loss=0.0598 train_acc=0.9896 v_thresh=12.2901 (369s)
[exp8_gradclip] epoch 77/200 loss=0.0808 train_acc=0.9740 v_thresh=12.2842 (374s)
[exp8_gradclip] epoch 78/200 loss=0.0730 train_acc=0.9766 v_thresh=12.2792 (379s)
[exp8_gradclip] epoch 79/200 loss=0.0653 train_acc=0.9896 v_thresh=12.2721 (383s)
[exp8_gradclip] epoch 80/200 loss=0.0654 train_acc=0.9870 val_acc=0.7524 v_thresh=12.2646 (389s)
[exp8_gradclip] epoch 81/200 loss=0.0560 train_acc=0.9870 v_thresh=12.2551 (394s)
[exp8_gradclip] epoch 82/200 loss=0.0471 train_acc=0.9922 v_thresh=12.2492 (398s)
[exp8_gradclip] epoch 83/200 loss=0.0536 train_acc=0.9922 v_thresh=12.2400 (403s)
[exp8_gradclip] epoch 84/200 loss=0.0864 train_acc=0.9701 v_thresh=12.2333 (408s)
[exp8_gradclip] epoch 85/200 loss=0.1040 train_acc=0.9596 val_acc=0.7762 v_thresh=12.2250 (413s)
[exp8_gradclip] epoch 86/200 loss=0.1033 train_acc=0.9635 v_thresh=12.2153 (418s)
[exp8_gradclip] epoch 87/200 loss=0.0416 train_acc=0.9948 v_thresh=12.2071 (422s)
[exp8_gradclip] epoch 88/200 loss=0.0429 train_acc=0.9922 v_thresh=12.1959 (427s)
[exp8_gradclip] epoch 89/200 loss=0.0865 train_acc=0.9674 v_thresh=12.1878 (432s)
[exp8_gradclip] epoch 90/200 loss=0.0493 train_acc=0.9922 val_acc=0.8000 v_thresh=12.1820 (437s)
[exp8_gradclip] epoch 91/200 loss=0.0912 train_acc=0.9674 v_thresh=12.1764 (442s)
[exp8_gradclip] epoch 92/200 loss=0.0483 train_acc=0.9883 v_thresh=12.1666 (446s)
[exp8_gradclip] epoch 93/200 loss=0.0404 train_acc=0.9896 v_thresh=12.1569 (451s)
[exp8_gradclip] epoch 94/200 loss=0.0369 train_acc=0.9922 v_thresh=12.1510 (456s)
[exp8_gradclip] epoch 95/200 loss=0.0377 train_acc=0.9948 val_acc=0.8190 v_thresh=12.1461 (462s)
[exp8_gradclip] epoch 96/200 loss=0.0280 train_acc=0.9961 v_thresh=12.1373 (466s)
[exp8_gradclip] epoch 97/200 loss=0.0174 train_acc=1.0000 v_thresh=12.1301 (471s)
[exp8_gradclip] epoch 98/200 loss=0.0173 train_acc=1.0000 v_thresh=12.1263 (476s)
[exp8_gradclip] epoch 99/200 loss=0.0176 train_acc=1.0000 v_thresh=12.1208 (480s)
[exp8_gradclip] epoch 100/200 loss=0.0289 train_acc=0.9935 val_acc=0.8095 v_thresh=12.1132 (486s)
[exp8_gradclip] epoch 101/200 loss=0.0192 train_acc=0.9987 v_thresh=12.1064 (490s)
[exp8_gradclip] epoch 102/200 loss=0.0253 train_acc=0.9961 v_thresh=12.0997 (495s)
[exp8_gradclip] epoch 103/200 loss=0.0228 train_acc=0.9987 v_thresh=12.0931 (500s)
[exp8_gradclip] epoch 104/200 loss=0.0244 train_acc=0.9961 v_thresh=12.0886 (504s)
[exp8_gradclip] epoch 105/200 loss=0.0211 train_acc=0.9987 val_acc=0.7857 v_thresh=12.0820 (510s)
[exp8_gradclip] epoch 106/200 loss=0.0162 train_acc=1.0000 v_thresh=12.0752 (514s)
[exp8_gradclip] epoch 107/200 loss=0.0180 train_acc=0.9987 v_thresh=12.0684 (519s)
[exp8_gradclip] epoch 108/200 loss=0.0159 train_acc=1.0000 v_thresh=12.0615 (524s)
[exp8_gradclip] epoch 109/200 loss=0.0128 train_acc=1.0000 v_thresh=12.0556 (528s)
[exp8_gradclip] epoch 110/200 loss=0.0125 train_acc=1.0000 val_acc=0.8238 v_thresh=12.0504 (534s)
[exp8_gradclip] epoch 111/200 loss=0.0107 train_acc=1.0000 v_thresh=12.0459 (539s)
[exp8_gradclip] epoch 112/200 loss=0.0205 train_acc=0.9948 v_thresh=12.0399 (543s)
[exp8_gradclip] epoch 113/200 loss=0.0088 train_acc=1.0000 v_thresh=12.0348 (548s)
[exp8_gradclip] epoch 114/200 loss=0.0075 train_acc=1.0000 v_thresh=12.0304 (552s)
[exp8_gradclip] epoch 115/200 loss=0.0075 train_acc=1.0000 val_acc=0.8333 v_thresh=12.0254 (558s)
[exp8_gradclip] epoch 116/200 loss=0.0090 train_acc=1.0000 v_thresh=12.0212 (562s)
[exp8_gradclip] epoch 117/200 loss=0.0079 train_acc=1.0000 v_thresh=12.0181 (567s)
[exp8_gradclip] epoch 118/200 loss=0.0079 train_acc=1.0000 v_thresh=12.0136 (572s)
[exp8_gradclip] epoch 119/200 loss=0.0072 train_acc=1.0000 v_thresh=12.0092 (577s)
[exp8_gradclip] epoch 120/200 loss=0.0076 train_acc=1.0000 val_acc=0.8048 v_thresh=12.0053 (582s)
[exp8_gradclip] epoch 121/200 loss=0.0081 train_acc=1.0000 v_thresh=12.0008 (587s)
[exp8_gradclip] epoch 122/200 loss=0.0078 train_acc=1.0000 v_thresh=11.9980 (591s)
[exp8_gradclip] epoch 123/200 loss=0.0074 train_acc=1.0000 v_thresh=11.9946 (596s)
[exp8_gradclip] epoch 124/200 loss=0.0069 train_acc=1.0000 v_thresh=11.9907 (601s)
[exp8_gradclip] epoch 125/200 loss=0.0061 train_acc=1.0000 val_acc=0.8333 v_thresh=11.9854 (606s)
[exp8_gradclip] epoch 126/200 loss=0.0057 train_acc=1.0000 v_thresh=11.9813 (611s)
[exp8_gradclip] epoch 127/200 loss=0.0058 train_acc=1.0000 v_thresh=11.9776 (616s)
[exp8_gradclip] epoch 128/200 loss=0.0058 train_acc=1.0000 v_thresh=11.9741 (620s)
[exp8_gradclip] epoch 129/200 loss=0.0051 train_acc=1.0000 v_thresh=11.9698 (625s)
[exp8_gradclip] epoch 130/200 loss=0.0054 train_acc=1.0000 val_acc=0.8238 v_thresh=11.9665 (631s)
[exp8_gradclip] epoch 131/200 loss=0.0055 train_acc=1.0000 v_thresh=11.9624 (635s)
[exp8_gradclip] epoch 132/200 loss=0.0051 train_acc=1.0000 v_thresh=11.9600 (640s)
[exp8_gradclip] epoch 133/200 loss=0.0049 train_acc=1.0000 v_thresh=11.9564 (645s)
[exp8_gradclip] epoch 134/200 loss=0.0048 train_acc=1.0000 v_thresh=11.9527 (649s)
[exp8_gradclip] epoch 135/200 loss=0.0050 train_acc=1.0000 val_acc=0.8286 v_thresh=11.9499 (655s)
[exp8_gradclip] epoch 136/200 loss=0.0044 train_acc=1.0000 v_thresh=11.9469 (660s)
[exp8_gradclip] epoch 137/200 loss=0.0044 train_acc=1.0000 v_thresh=11.9433 (664s)
[exp8_gradclip] epoch 138/200 loss=0.0048 train_acc=1.0000 v_thresh=11.9399 (669s)
[exp8_gradclip] epoch 139/200 loss=0.0048 train_acc=1.0000 v_thresh=11.9364 (674s)
[exp8_gradclip] epoch 140/200 loss=0.0048 train_acc=1.0000 val_acc=0.8238 v_thresh=11.9336 (679s)
[exp8_gradclip] epoch 141/200 loss=0.0047 train_acc=1.0000 v_thresh=11.9306 (684s)
[exp8_gradclip] epoch 142/200 loss=0.0047 train_acc=1.0000 v_thresh=11.9272 (689s)
[exp8_gradclip] epoch 143/200 loss=0.0043 train_acc=1.0000 v_thresh=11.9240 (693s)
[exp8_gradclip] epoch 144/200 loss=0.0047 train_acc=1.0000 v_thresh=11.9211 (698s)
[exp8_gradclip] epoch 145/200 loss=0.0044 train_acc=1.0000 val_acc=0.8333 v_thresh=11.9187 (704s)
[exp8_gradclip] epoch 146/200 loss=0.0042 train_acc=1.0000 v_thresh=11.9161 (708s)
[exp8_gradclip] epoch 147/200 loss=0.0042 train_acc=1.0000 v_thresh=11.9142 (713s)
[exp8_gradclip] epoch 148/200 loss=0.0041 train_acc=1.0000 v_thresh=11.9121 (718s)
[exp8_gradclip] epoch 149/200 loss=0.0040 train_acc=1.0000 v_thresh=11.9104 (722s)
[exp8_gradclip] epoch 150/200 loss=0.0039 train_acc=1.0000 val_acc=0.8286 v_thresh=11.9079 (728s)
[exp8_gradclip] epoch 151/200 loss=0.0038 train_acc=1.0000 v_thresh=11.9056 (733s)
[exp8_gradclip] epoch 152/200 loss=0.0037 train_acc=1.0000 v_thresh=11.9036 (737s)
[exp8_gradclip] epoch 153/200 loss=0.0037 train_acc=1.0000 v_thresh=11.9011 (742s)
[exp8_gradclip] epoch 154/200 loss=0.0037 train_acc=1.0000 v_thresh=11.8991 (746s)
[exp8_gradclip] epoch 155/200 loss=0.0036 train_acc=1.0000 val_acc=0.8429 v_thresh=11.8971 (752s)
[exp8_gradclip] epoch 156/200 loss=0.0037 train_acc=1.0000 v_thresh=11.8952 (757s)
[exp8_gradclip] epoch 157/200 loss=0.0036 train_acc=1.0000 v_thresh=11.8933 (761s)
[exp8_gradclip] epoch 158/200 loss=0.0036 train_acc=1.0000 v_thresh=11.8921 (766s)
[exp8_gradclip] epoch 159/200 loss=0.0036 train_acc=1.0000 v_thresh=11.8906 (771s)
[exp8_gradclip] epoch 160/200 loss=0.0036 train_acc=1.0000 val_acc=0.8238 v_thresh=11.8894 (776s)
[exp8_gradclip] epoch 161/200 loss=0.0033 train_acc=1.0000 v_thresh=11.8881 (781s)
[exp8_gradclip] epoch 162/200 loss=0.0033 train_acc=1.0000 v_thresh=11.8866 (786s)
[exp8_gradclip] epoch 163/200 loss=0.0034 train_acc=1.0000 v_thresh=11.8853 (790s)
[exp8_gradclip] epoch 164/200 loss=0.0033 train_acc=1.0000 v_thresh=11.8840 (795s)
[exp8_gradclip] epoch 165/200 loss=0.0032 train_acc=1.0000 val_acc=0.8333 v_thresh=11.8826 (801s)
[exp8_gradclip] epoch 166/200 loss=0.0032 train_acc=1.0000 v_thresh=11.8815 (805s)
[exp8_gradclip] epoch 167/200 loss=0.0033 train_acc=1.0000 v_thresh=11.8806 (810s)
[exp8_gradclip] epoch 168/200 loss=0.0032 train_acc=1.0000 v_thresh=11.8796 (815s)
[exp8_gradclip] epoch 169/200 loss=0.0033 train_acc=1.0000 v_thresh=11.8785 (819s)
[exp8_gradclip] epoch 170/200 loss=0.0032 train_acc=1.0000 val_acc=0.8333 v_thresh=11.8777 (825s)
[exp8_gradclip] epoch 171/200 loss=0.0032 train_acc=1.0000 v_thresh=11.8768 (830s)
[exp8_gradclip] epoch 172/200 loss=0.0034 train_acc=1.0000 v_thresh=11.8761 (834s)
[exp8_gradclip] epoch 173/200 loss=0.0032 train_acc=1.0000 v_thresh=11.8754 (839s)
[exp8_gradclip] epoch 174/200 loss=0.0032 train_acc=1.0000 v_thresh=11.8748 (844s)
[exp8_gradclip] epoch 175/200 loss=0.0032 train_acc=1.0000 val_acc=0.8381 v_thresh=11.8742 (849s)
[exp8_gradclip] epoch 176/200 loss=0.0031 train_acc=1.0000 v_thresh=11.8736 (854s)
[exp8_gradclip] epoch 177/200 loss=0.0031 train_acc=1.0000 v_thresh=11.8730 (859s)
[exp8_gradclip] epoch 178/200 loss=0.0030 train_acc=1.0000 v_thresh=11.8725 (863s)
[exp8_gradclip] epoch 179/200 loss=0.0032 train_acc=1.0000 v_thresh=11.8720 (868s)
[exp8_gradclip] epoch 180/200 loss=0.0030 train_acc=1.0000 val_acc=0.8238 v_thresh=11.8716 (873s)
[exp8_gradclip] epoch 181/200 loss=0.0031 train_acc=1.0000 v_thresh=11.8711 (878s)
[exp8_gradclip] epoch 182/200 loss=0.0030 train_acc=1.0000 v_thresh=11.8708 (883s)
[exp8_gradclip] epoch 183/200 loss=0.0029 train_acc=1.0000 v_thresh=11.8704 (887s)
[exp8_gradclip] epoch 184/200 loss=0.0031 train_acc=1.0000 v_thresh=11.8702 (892s)
[exp8_gradclip] epoch 185/200 loss=0.0031 train_acc=1.0000 val_acc=0.8286 v_thresh=11.8700 (897s)
[exp8_gradclip] epoch 186/200 loss=0.0030 train_acc=1.0000 v_thresh=11.8698 (902s)
[exp8_gradclip] epoch 187/200 loss=0.0030 train_acc=1.0000 v_thresh=11.8696 (907s)
[exp8_gradclip] epoch 188/200 loss=0.0030 train_acc=1.0000 v_thresh=11.8695 (911s)
[exp8_gradclip] epoch 189/200 loss=0.0030 train_acc=1.0000 v_thresh=11.8693 (916s)
[exp8_gradclip] epoch 190/200 loss=0.0030 train_acc=1.0000 val_acc=0.8238 v_thresh=11.8692 (921s)
[exp8_gradclip] epoch 191/200 loss=0.0030 train_acc=1.0000 v_thresh=11.8691 (926s)
[exp8_gradclip] epoch 192/200 loss=0.0030 train_acc=1.0000 v_thresh=11.8690 (931s)
[exp8_gradclip] epoch 193/200 loss=0.0031 train_acc=1.0000 v_thresh=11.8690 (935s)
[exp8_gradclip] epoch 194/200 loss=0.0030 train_acc=1.0000 v_thresh=11.8689 (940s)
[exp8_gradclip] epoch 195/200 loss=0.0031 train_acc=1.0000 val_acc=0.8286 v_thresh=11.8689 (945s)
[exp8_gradclip] epoch 196/200 loss=0.0030 train_acc=1.0000 v_thresh=11.8689 (950s)
[exp8_gradclip] epoch 197/200 loss=0.0030 train_acc=1.0000 v_thresh=11.8688 (955s)
[exp8_gradclip] epoch 198/200 loss=0.0029 train_acc=1.0000 v_thresh=11.8688 (960s)
[exp8_gradclip] epoch 199/200 loss=0.0029 train_acc=1.0000 v_thresh=11.8688 (964s)
[exp8_gradclip] epoch 200/200 loss=0.0030 train_acc=1.0000 val_acc=0.8286 v_thresh=11.8688 (970s)
[exp8_gradclip] BEST val_acc=0.8429 at epoch 155 (selected without ever touching the test set)
[exp8_gradclip] wrote /home/ihs24/Desktop/CiM-HDC/phase1_firing_characterization/artifacts/dvs_accuracy/exp8_gradclip.json
