[frozen_seed0] subtrain=769 val=210 test=240
[frozen_seed0] calibrated v_thresh_init=13.1104
[frozen_seed0] epoch 1/200 loss=2.2671 train_acc=0.4128 v_thresh=13.0879 (5s)
[frozen_seed0] epoch 2/200 loss=1.6042 train_acc=0.6003 v_thresh=13.0679 (10s)
[frozen_seed0] epoch 3/200 loss=0.8929 train_acc=0.6836 v_thresh=13.0458 (15s)
[frozen_seed0] epoch 4/200 loss=1.6054 train_acc=0.6224 v_thresh=13.0241 (20s)
[frozen_seed0] epoch 5/200 loss=1.2693 train_acc=0.6159 val_acc=0.4857 v_thresh=13.0043 (25s)
[frozen_seed0] epoch 6/200 loss=1.2489 train_acc=0.6393 v_thresh=12.9834 (30s)
[frozen_seed0] epoch 7/200 loss=0.8747 train_acc=0.7227 v_thresh=12.9655 (35s)
[frozen_seed0] epoch 8/200 loss=1.0434 train_acc=0.7214 v_thresh=12.9447 (40s)
[frozen_seed0] epoch 9/200 loss=0.9120 train_acc=0.7161 v_thresh=12.9264 (45s)
[frozen_seed0] epoch 10/200 loss=0.7591 train_acc=0.7461 val_acc=0.6286 v_thresh=12.9110 (50s)
[frozen_seed0] epoch 11/200 loss=0.6035 train_acc=0.7917 v_thresh=12.8920 (55s)
[frozen_seed0] epoch 12/200 loss=0.6510 train_acc=0.7734 v_thresh=12.8724 (60s)
[frozen_seed0] epoch 13/200 loss=0.9199 train_acc=0.7331 v_thresh=12.8544 (65s)
[frozen_seed0] epoch 14/200 loss=0.8283 train_acc=0.7604 v_thresh=12.8338 (70s)
[frozen_seed0] epoch 15/200 loss=1.2376 train_acc=0.7148 val_acc=0.6190 v_thresh=12.8185 (75s)
[frozen_seed0] epoch 16/200 loss=0.8727 train_acc=0.7370 v_thresh=12.8023 (80s)
[frozen_seed0] epoch 17/200 loss=0.8527 train_acc=0.7760 v_thresh=12.7863 (85s)
[frozen_seed0] epoch 18/200 loss=0.8543 train_acc=0.7448 v_thresh=12.7701 (89s)
[frozen_seed0] epoch 19/200 loss=0.6198 train_acc=0.8008 v_thresh=12.7538 (94s)
[frozen_seed0] epoch 20/200 loss=0.6791 train_acc=0.7799 val_acc=0.6381 v_thresh=12.7364 (99s)
[frozen_seed0] epoch 21/200 loss=0.7363 train_acc=0.7747 v_thresh=12.7193 (104s)
[frozen_seed0] epoch 22/200 loss=0.5508 train_acc=0.7878 v_thresh=12.7017 (109s)
[frozen_seed0] epoch 23/200 loss=0.7548 train_acc=0.7930 v_thresh=12.6834 (113s)
[frozen_seed0] epoch 24/200 loss=1.1885 train_acc=0.7435 v_thresh=12.6665 (118s)
[frozen_seed0] epoch 25/200 loss=1.0136 train_acc=0.7161 val_acc=0.6524 v_thresh=12.6445 (123s)
[frozen_seed0] epoch 26/200 loss=0.5548 train_acc=0.8294 v_thresh=12.6287 (128s)
[frozen_seed0] epoch 27/200 loss=0.5200 train_acc=0.8190 v_thresh=12.6089 (132s)
[frozen_seed0] epoch 28/200 loss=0.4353 train_acc=0.8398 v_thresh=12.5926 (137s)
[frozen_seed0] epoch 29/200 loss=0.4450 train_acc=0.8385 v_thresh=12.5778 (141s)
[frozen_seed0] epoch 30/200 loss=0.6253 train_acc=0.7839 val_acc=0.5714 v_thresh=12.5589 (147s)
[frozen_seed0] epoch 31/200 loss=0.7280 train_acc=0.7956 v_thresh=12.5390 (152s)
[frozen_seed0] epoch 32/200 loss=0.4700 train_acc=0.8307 v_thresh=12.5210 (156s)
[frozen_seed0] epoch 33/200 loss=0.4014 train_acc=0.8568 v_thresh=12.5050 (161s)
[frozen_seed0] epoch 34/200 loss=0.6676 train_acc=0.7721 v_thresh=12.4892 (166s)
[frozen_seed0] epoch 35/200 loss=0.6828 train_acc=0.8255 val_acc=0.6286 v_thresh=12.4712 (171s)
[frozen_seed0] epoch 36/200 loss=0.6869 train_acc=0.8268 v_thresh=12.4561 (176s)
[frozen_seed0] epoch 37/200 loss=0.5211 train_acc=0.8594 v_thresh=12.4400 (180s)
[frozen_seed0] epoch 38/200 loss=0.6439 train_acc=0.8021 v_thresh=12.4302 (185s)
[frozen_seed0] epoch 39/200 loss=0.8297 train_acc=0.7695 v_thresh=12.4126 (189s)
[frozen_seed0] epoch 40/200 loss=0.5639 train_acc=0.8177 val_acc=0.6857 v_thresh=12.3947 (195s)
[frozen_seed0] epoch 41/200 loss=0.5036 train_acc=0.8424 v_thresh=12.3770 (200s)
[frozen_seed0] epoch 42/200 loss=0.5890 train_acc=0.8125 v_thresh=12.3591 (204s)
[frozen_seed0] epoch 43/200 loss=0.2950 train_acc=0.9089 v_thresh=12.3438 (209s)
[frozen_seed0] epoch 44/200 loss=0.3324 train_acc=0.8867 v_thresh=12.3266 (213s)
[frozen_seed0] epoch 45/200 loss=0.6283 train_acc=0.7956 val_acc=0.7048 v_thresh=12.3072 (219s)
[frozen_seed0] epoch 46/200 loss=0.3990 train_acc=0.8594 v_thresh=12.2868 (223s)
[frozen_seed0] epoch 47/200 loss=0.3791 train_acc=0.8750 v_thresh=12.2717 (228s)
[frozen_seed0] epoch 48/200 loss=0.2228 train_acc=0.9206 v_thresh=12.2552 (232s)
[frozen_seed0] epoch 49/200 loss=0.3748 train_acc=0.8919 v_thresh=12.2418 (237s)
[frozen_seed0] epoch 50/200 loss=0.2097 train_acc=0.9284 val_acc=0.6952 v_thresh=12.2258 (242s)
[frozen_seed0] epoch 51/200 loss=0.2944 train_acc=0.8880 v_thresh=12.2079 (247s)
[frozen_seed0] epoch 52/200 loss=0.3351 train_acc=0.8919 v_thresh=12.1901 (252s)
[frozen_seed0] epoch 53/200 loss=0.4023 train_acc=0.8750 v_thresh=12.1740 (256s)
[frozen_seed0] epoch 54/200 loss=0.6667 train_acc=0.8203 v_thresh=12.1605 (261s)
[frozen_seed0] epoch 55/200 loss=0.4815 train_acc=0.8594 val_acc=0.5905 v_thresh=12.1434 (266s)
[frozen_seed0] epoch 56/200 loss=0.3432 train_acc=0.8828 v_thresh=12.1330 (271s)
[frozen_seed0] epoch 57/200 loss=0.4228 train_acc=0.8568 v_thresh=12.1201 (276s)
[frozen_seed0] epoch 58/200 loss=0.2837 train_acc=0.9023 v_thresh=12.1075 (280s)
[frozen_seed0] epoch 59/200 loss=0.3131 train_acc=0.8919 v_thresh=12.0911 (285s)
[frozen_seed0] epoch 60/200 loss=0.2987 train_acc=0.9036 val_acc=0.6048 v_thresh=12.0753 (290s)
[frozen_seed0] epoch 61/200 loss=0.3057 train_acc=0.9023 v_thresh=12.0615 (295s)
[frozen_seed0] epoch 62/200 loss=0.3506 train_acc=0.8841 v_thresh=12.0478 (299s)
[frozen_seed0] epoch 63/200 loss=0.3703 train_acc=0.8750 v_thresh=12.0363 (304s)
[frozen_seed0] epoch 64/200 loss=0.3322 train_acc=0.8867 v_thresh=12.0219 (309s)
[frozen_seed0] epoch 65/200 loss=0.3225 train_acc=0.8932 val_acc=0.6429 v_thresh=12.0118 (314s)
[frozen_seed0] epoch 66/200 loss=0.3147 train_acc=0.8919 v_thresh=12.0013 (319s)
[frozen_seed0] epoch 67/200 loss=0.2403 train_acc=0.9023 v_thresh=11.9877 (323s)
[frozen_seed0] epoch 68/200 loss=0.2880 train_acc=0.8997 v_thresh=11.9729 (328s)
[frozen_seed0] epoch 69/200 loss=0.2654 train_acc=0.9180 v_thresh=11.9611 (332s)
[frozen_seed0] epoch 70/200 loss=0.3197 train_acc=0.8958 val_acc=0.7333 v_thresh=11.9468 (338s)
[frozen_seed0] epoch 71/200 loss=0.2372 train_acc=0.9167 v_thresh=11.9323 (343s)
[frozen_seed0] epoch 72/200 loss=0.2485 train_acc=0.9141 v_thresh=11.9205 (347s)
[frozen_seed0] epoch 73/200 loss=0.4890 train_acc=0.8620 v_thresh=11.9081 (352s)
[frozen_seed0] epoch 74/200 loss=0.2444 train_acc=0.9141 v_thresh=11.8960 (356s)
[frozen_seed0] epoch 75/200 loss=0.1432 train_acc=0.9609 val_acc=0.7048 v_thresh=11.8797 (362s)
[frozen_seed0] epoch 76/200 loss=0.1784 train_acc=0.9466 v_thresh=11.8679 (366s)
[frozen_seed0] epoch 77/200 loss=0.1427 train_acc=0.9544 v_thresh=11.8555 (371s)
[frozen_seed0] epoch 78/200 loss=0.2343 train_acc=0.9297 v_thresh=11.8399 (376s)
[frozen_seed0] epoch 79/200 loss=0.2054 train_acc=0.9323 v_thresh=11.8272 (380s)
[frozen_seed0] epoch 80/200 loss=0.1748 train_acc=0.9427 val_acc=0.6810 v_thresh=11.8162 (386s)
[frozen_seed0] epoch 81/200 loss=0.0991 train_acc=0.9753 v_thresh=11.8022 (390s)
[frozen_seed0] epoch 82/200 loss=0.0881 train_acc=0.9779 v_thresh=11.7892 (395s)
[frozen_seed0] epoch 83/200 loss=0.0881 train_acc=0.9766 v_thresh=11.7816 (399s)
[frozen_seed0] epoch 84/200 loss=0.0749 train_acc=0.9792 v_thresh=11.7725 (404s)
[frozen_seed0] epoch 85/200 loss=0.0547 train_acc=0.9883 val_acc=0.7810 v_thresh=11.7607 (409s)
[frozen_seed0] epoch 86/200 loss=0.0470 train_acc=0.9948 v_thresh=11.7484 (414s)
[frozen_seed0] epoch 87/200 loss=0.0379 train_acc=0.9948 v_thresh=11.7384 (419s)
[frozen_seed0] epoch 88/200 loss=0.0599 train_acc=0.9831 v_thresh=11.7280 (423s)
[frozen_seed0] epoch 89/200 loss=0.0721 train_acc=0.9870 v_thresh=11.7163 (428s)
[frozen_seed0] epoch 90/200 loss=0.0798 train_acc=0.9792 val_acc=0.7810 v_thresh=11.7044 (433s)
[frozen_seed0] epoch 91/200 loss=0.0561 train_acc=0.9883 v_thresh=11.6957 (438s)
[frozen_seed0] epoch 92/200 loss=0.0410 train_acc=0.9922 v_thresh=11.6831 (442s)
[frozen_seed0] epoch 93/200 loss=0.0539 train_acc=0.9870 v_thresh=11.6724 (447s)
[frozen_seed0] epoch 94/200 loss=0.0314 train_acc=0.9948 v_thresh=11.6608 (452s)
[frozen_seed0] epoch 95/200 loss=0.0297 train_acc=0.9974 val_acc=0.7762 v_thresh=11.6504 (457s)
[frozen_seed0] epoch 96/200 loss=0.0334 train_acc=0.9935 v_thresh=11.6405 (462s)
[frozen_seed0] epoch 97/200 loss=0.0273 train_acc=0.9974 v_thresh=11.6334 (466s)
[frozen_seed0] epoch 98/200 loss=0.0377 train_acc=0.9909 v_thresh=11.6255 (471s)
[frozen_seed0] epoch 99/200 loss=0.0309 train_acc=0.9961 v_thresh=11.6163 (475s)
[frozen_seed0] epoch 100/200 loss=0.0401 train_acc=0.9909 val_acc=0.8190 v_thresh=11.6071 (481s)
[frozen_seed0] epoch 101/200 loss=0.0226 train_acc=0.9987 v_thresh=11.5985 (485s)
[frozen_seed0] epoch 102/200 loss=0.0163 train_acc=1.0000 v_thresh=11.5894 (490s)
[frozen_seed0] epoch 103/200 loss=0.0160 train_acc=1.0000 v_thresh=11.5809 (495s)
[frozen_seed0] epoch 104/200 loss=0.0143 train_acc=1.0000 v_thresh=11.5725 (499s)
[frozen_seed0] epoch 105/200 loss=0.0234 train_acc=0.9974 val_acc=0.8095 v_thresh=11.5630 (505s)
[frozen_seed0] epoch 106/200 loss=0.0155 train_acc=0.9987 v_thresh=11.5558 (509s)
[frozen_seed0] epoch 107/200 loss=0.0130 train_acc=1.0000 v_thresh=11.5479 (514s)
[frozen_seed0] epoch 108/200 loss=0.0115 train_acc=1.0000 v_thresh=11.5411 (518s)
[frozen_seed0] epoch 109/200 loss=0.0124 train_acc=1.0000 v_thresh=11.5346 (523s)
[frozen_seed0] epoch 110/200 loss=0.0110 train_acc=1.0000 val_acc=0.8286 v_thresh=11.5274 (528s)
[frozen_seed0] epoch 111/200 loss=0.0122 train_acc=1.0000 v_thresh=11.5202 (533s)
[frozen_seed0] epoch 112/200 loss=0.0122 train_acc=1.0000 v_thresh=11.5122 (537s)
[frozen_seed0] epoch 113/200 loss=0.0135 train_acc=1.0000 v_thresh=11.5036 (542s)
[frozen_seed0] epoch 114/200 loss=0.0099 train_acc=1.0000 v_thresh=11.4957 (547s)
[frozen_seed0] epoch 115/200 loss=0.0121 train_acc=1.0000 val_acc=0.8190 v_thresh=11.4891 (552s)
[frozen_seed0] epoch 116/200 loss=0.0078 train_acc=1.0000 v_thresh=11.4811 (556s)
[frozen_seed0] epoch 117/200 loss=0.0085 train_acc=1.0000 v_thresh=11.4755 (561s)
[frozen_seed0] epoch 118/200 loss=0.0077 train_acc=1.0000 v_thresh=11.4690 (566s)
[frozen_seed0] epoch 119/200 loss=0.0070 train_acc=1.0000 v_thresh=11.4614 (570s)
[frozen_seed0] epoch 120/200 loss=0.0073 train_acc=1.0000 val_acc=0.8286 v_thresh=11.4548 (576s)
[frozen_seed0] epoch 121/200 loss=0.0086 train_acc=0.9987 v_thresh=11.4479 (580s)
[frozen_seed0] epoch 122/200 loss=0.0069 train_acc=1.0000 v_thresh=11.4411 (585s)
[frozen_seed0] epoch 123/200 loss=0.0060 train_acc=1.0000 v_thresh=11.4334 (589s)
[frozen_seed0] epoch 124/200 loss=0.0052 train_acc=1.0000 v_thresh=11.4274 (594s)
[frozen_seed0] epoch 125/200 loss=0.0053 train_acc=1.0000 val_acc=0.8429 v_thresh=11.4217 (599s)
[frozen_seed0] epoch 126/200 loss=0.0052 train_acc=1.0000 v_thresh=11.4148 (604s)
[frozen_seed0] epoch 127/200 loss=0.0048 train_acc=1.0000 v_thresh=11.4092 (609s)
[frozen_seed0] epoch 128/200 loss=0.0048 train_acc=1.0000 v_thresh=11.4037 (613s)
[frozen_seed0] epoch 129/200 loss=0.0048 train_acc=1.0000 v_thresh=11.3984 (618s)
[frozen_seed0] epoch 130/200 loss=0.0048 train_acc=1.0000 val_acc=0.8524 v_thresh=11.3941 (623s)
[frozen_seed0] epoch 131/200 loss=0.0048 train_acc=1.0000 v_thresh=11.3899 (628s)
[frozen_seed0] epoch 132/200 loss=0.0041 train_acc=1.0000 v_thresh=11.3850 (633s)
[frozen_seed0] epoch 133/200 loss=0.0040 train_acc=1.0000 v_thresh=11.3804 (637s)
[frozen_seed0] epoch 134/200 loss=0.0038 train_acc=1.0000 v_thresh=11.3764 (642s)
[frozen_seed0] epoch 135/200 loss=0.0036 train_acc=1.0000 val_acc=0.8524 v_thresh=11.3719 (647s)
[frozen_seed0] epoch 136/200 loss=0.0035 train_acc=1.0000 v_thresh=11.3674 (652s)
[frozen_seed0] epoch 137/200 loss=0.0037 train_acc=1.0000 v_thresh=11.3628 (657s)
[frozen_seed0] epoch 138/200 loss=0.0032 train_acc=1.0000 v_thresh=11.3580 (661s)
[frozen_seed0] epoch 139/200 loss=0.0031 train_acc=1.0000 v_thresh=11.3536 (666s)
[frozen_seed0] epoch 140/200 loss=0.0034 train_acc=1.0000 val_acc=0.8524 v_thresh=11.3501 (671s)
[frozen_seed0] epoch 141/200 loss=0.0032 train_acc=1.0000 v_thresh=11.3464 (676s)
[frozen_seed0] epoch 142/200 loss=0.0031 train_acc=1.0000 v_thresh=11.3427 (680s)
[frozen_seed0] epoch 143/200 loss=0.0029 train_acc=1.0000 v_thresh=11.3385 (685s)
[frozen_seed0] epoch 144/200 loss=0.0032 train_acc=1.0000 v_thresh=11.3351 (689s)
[frozen_seed0] epoch 145/200 loss=0.0035 train_acc=1.0000 val_acc=0.8619 v_thresh=11.3314 (695s)
[frozen_seed0] epoch 146/200 loss=0.0032 train_acc=1.0000 v_thresh=11.3280 (699s)
[frozen_seed0] epoch 147/200 loss=0.0029 train_acc=1.0000 v_thresh=11.3243 (704s)
[frozen_seed0] epoch 148/200 loss=0.0027 train_acc=1.0000 v_thresh=11.3211 (708s)
[frozen_seed0] epoch 149/200 loss=0.0029 train_acc=1.0000 v_thresh=11.3178 (713s)
[frozen_seed0] epoch 150/200 loss=0.0029 train_acc=1.0000 val_acc=0.8429 v_thresh=11.3148 (719s)
[frozen_seed0] epoch 151/200 loss=0.0028 train_acc=1.0000 v_thresh=11.3120 (723s)
[frozen_seed0] epoch 152/200 loss=0.0027 train_acc=1.0000 v_thresh=11.3097 (728s)
[frozen_seed0] epoch 153/200 loss=0.0027 train_acc=1.0000 v_thresh=11.3076 (732s)
[frozen_seed0] epoch 154/200 loss=0.0027 train_acc=1.0000 v_thresh=11.3052 (737s)
[frozen_seed0] epoch 155/200 loss=0.0026 train_acc=1.0000 val_acc=0.8524 v_thresh=11.3025 (742s)
[frozen_seed0] epoch 156/200 loss=0.0025 train_acc=1.0000 v_thresh=11.3001 (747s)
[frozen_seed0] epoch 157/200 loss=0.0026 train_acc=1.0000 v_thresh=11.2979 (751s)
[frozen_seed0] epoch 158/200 loss=0.0026 train_acc=1.0000 v_thresh=11.2960 (756s)
[frozen_seed0] epoch 159/200 loss=0.0025 train_acc=1.0000 v_thresh=11.2939 (761s)
[frozen_seed0] epoch 160/200 loss=0.0023 train_acc=1.0000 val_acc=0.8381 v_thresh=11.2921 (766s)
[frozen_seed0] epoch 161/200 loss=0.0024 train_acc=1.0000 v_thresh=11.2905 (771s)
[frozen_seed0] epoch 162/200 loss=0.0024 train_acc=1.0000 v_thresh=11.2885 (775s)
[frozen_seed0] epoch 163/200 loss=0.0024 train_acc=1.0000 v_thresh=11.2865 (780s)
[frozen_seed0] epoch 164/200 loss=0.0023 train_acc=1.0000 v_thresh=11.2848 (784s)
[frozen_seed0] epoch 165/200 loss=0.0022 train_acc=1.0000 val_acc=0.8476 v_thresh=11.2831 (790s)
[frozen_seed0] epoch 166/200 loss=0.0021 train_acc=1.0000 v_thresh=11.2818 (794s)
[frozen_seed0] epoch 167/200 loss=0.0022 train_acc=1.0000 v_thresh=11.2804 (799s)
[frozen_seed0] epoch 168/200 loss=0.0022 train_acc=1.0000 v_thresh=11.2792 (803s)
[frozen_seed0] epoch 169/200 loss=0.0022 train_acc=1.0000 v_thresh=11.2779 (808s)
[frozen_seed0] epoch 170/200 loss=0.0022 train_acc=1.0000 val_acc=0.8571 v_thresh=11.2768 (813s)
[frozen_seed0] epoch 171/200 loss=0.0021 train_acc=1.0000 v_thresh=11.2758 (818s)
[frozen_seed0] epoch 172/200 loss=0.0021 train_acc=1.0000 v_thresh=11.2747 (823s)
[frozen_seed0] epoch 173/200 loss=0.0021 train_acc=1.0000 v_thresh=11.2738 (827s)
[frozen_seed0] epoch 174/200 loss=0.0021 train_acc=1.0000 v_thresh=11.2730 (832s)
[frozen_seed0] epoch 175/200 loss=0.0021 train_acc=1.0000 val_acc=0.8571 v_thresh=11.2722 (837s)
[frozen_seed0] epoch 176/200 loss=0.0021 train_acc=1.0000 v_thresh=11.2715 (842s)
[frozen_seed0] epoch 177/200 loss=0.0021 train_acc=1.0000 v_thresh=11.2707 (847s)
[frozen_seed0] epoch 178/200 loss=0.0020 train_acc=1.0000 v_thresh=11.2701 (851s)
[frozen_seed0] epoch 179/200 loss=0.0019 train_acc=1.0000 v_thresh=11.2694 (856s)
[frozen_seed0] epoch 180/200 loss=0.0020 train_acc=1.0000 val_acc=0.8524 v_thresh=11.2689 (861s)
[frozen_seed0] epoch 181/200 loss=0.0020 train_acc=1.0000 v_thresh=11.2684 (866s)
[frozen_seed0] epoch 182/200 loss=0.0020 train_acc=1.0000 v_thresh=11.2680 (870s)
[frozen_seed0] epoch 183/200 loss=0.0020 train_acc=1.0000 v_thresh=11.2676 (875s)
[frozen_seed0] epoch 184/200 loss=0.0019 train_acc=1.0000 v_thresh=11.2672 (879s)
[frozen_seed0] epoch 185/200 loss=0.0019 train_acc=1.0000 val_acc=0.8619 v_thresh=11.2669 (885s)
[frozen_seed0] epoch 186/200 loss=0.0019 train_acc=1.0000 v_thresh=11.2666 (890s)
[frozen_seed0] epoch 187/200 loss=0.0019 train_acc=1.0000 v_thresh=11.2664 (894s)
[frozen_seed0] epoch 188/200 loss=0.0019 train_acc=1.0000 v_thresh=11.2662 (899s)
[frozen_seed0] epoch 189/200 loss=0.0019 train_acc=1.0000 v_thresh=11.2660 (903s)
[frozen_seed0] epoch 190/200 loss=0.0019 train_acc=1.0000 val_acc=0.8571 v_thresh=11.2658 (909s)
[frozen_seed0] epoch 191/200 loss=0.0019 train_acc=1.0000 v_thresh=11.2657 (913s)
[frozen_seed0] epoch 192/200 loss=0.0019 train_acc=1.0000 v_thresh=11.2656 (918s)
[frozen_seed0] epoch 193/200 loss=0.0019 train_acc=1.0000 v_thresh=11.2655 (922s)
[frozen_seed0] epoch 194/200 loss=0.0019 train_acc=1.0000 v_thresh=11.2655 (927s)
[frozen_seed0] epoch 195/200 loss=0.0018 train_acc=1.0000 val_acc=0.8524 v_thresh=11.2654 (932s)
[frozen_seed0] epoch 196/200 loss=0.0018 train_acc=1.0000 v_thresh=11.2654 (937s)
[frozen_seed0] epoch 197/200 loss=0.0018 train_acc=1.0000 v_thresh=11.2654 (941s)
[frozen_seed0] epoch 198/200 loss=0.0018 train_acc=1.0000 v_thresh=11.2654 (946s)
[frozen_seed0] epoch 199/200 loss=0.0019 train_acc=1.0000 v_thresh=11.2654 (950s)
[frozen_seed0] epoch 200/200 loss=0.0019 train_acc=1.0000 val_acc=0.8524 v_thresh=11.2654 (956s)
[frozen_seed0] BEST val_acc=0.8619 at epoch 145 (selected without ever touching the test set)
[frozen_seed0] FINAL TEST test_acc=0.8458
[frozen_seed0] wrote /home/ihs24/Desktop/CiM-HDC/phase1_firing_characterization/artifacts/dvs_accuracy/frozen_seed0.json
[frozen_seed1] subtrain=769 val=210 test=240
[frozen_seed1] calibrated v_thresh_init=15.4855
[frozen_seed1] epoch 1/200 loss=3.3047 train_acc=0.2878 v_thresh=15.4626 (5s)
[frozen_seed1] epoch 2/200 loss=2.0446 train_acc=0.4544 v_thresh=15.4407 (9s)
[frozen_seed1] epoch 3/200 loss=1.6805 train_acc=0.5326 v_thresh=15.4188 (14s)
[frozen_seed1] epoch 4/200 loss=2.1630 train_acc=0.5221 v_thresh=15.3969 (19s)
[frozen_seed1] epoch 5/200 loss=2.9633 train_acc=0.5234 val_acc=0.4286 v_thresh=15.3789 (24s)
[frozen_seed1] epoch 6/200 loss=3.9431 train_acc=0.4896 v_thresh=15.3587 (29s)
[frozen_seed1] epoch 7/200 loss=2.2717 train_acc=0.5352 v_thresh=15.3387 (34s)
[frozen_seed1] epoch 8/200 loss=4.0394 train_acc=0.5078 v_thresh=15.3159 (38s)
[frozen_seed1] epoch 9/200 loss=3.4828 train_acc=0.5951 v_thresh=15.2931 (43s)
[frozen_seed1] epoch 10/200 loss=1.8612 train_acc=0.5990 val_acc=0.5095 v_thresh=15.2724 (49s)
[frozen_seed1] epoch 11/200 loss=1.5699 train_acc=0.6445 v_thresh=15.2536 (53s)
[frozen_seed1] epoch 12/200 loss=1.9936 train_acc=0.6328 v_thresh=15.2332 (58s)
[frozen_seed1] epoch 13/200 loss=1.9253 train_acc=0.6042 v_thresh=15.2161 (63s)
[frozen_seed1] epoch 14/200 loss=1.7166 train_acc=0.6354 v_thresh=15.1967 (67s)
[frozen_seed1] epoch 15/200 loss=0.8684 train_acc=0.7122 val_acc=0.5952 v_thresh=15.1749 (73s)
[frozen_seed1] epoch 16/200 loss=0.9037 train_acc=0.7500 v_thresh=15.1534 (77s)
[frozen_seed1] epoch 17/200 loss=1.6884 train_acc=0.6589 v_thresh=15.1326 (82s)
[frozen_seed1] epoch 18/200 loss=1.7176 train_acc=0.6719 v_thresh=15.1124 (87s)
[frozen_seed1] epoch 19/200 loss=1.0520 train_acc=0.7161 v_thresh=15.0930 (92s)
[frozen_seed1] epoch 20/200 loss=1.1000 train_acc=0.7018 val_acc=0.5524 v_thresh=15.0740 (97s)
[frozen_seed1] epoch 21/200 loss=0.9884 train_acc=0.7383 v_thresh=15.0551 (102s)
[frozen_seed1] epoch 22/200 loss=0.5568 train_acc=0.8255 v_thresh=15.0370 (106s)
[frozen_seed1] epoch 23/200 loss=0.5180 train_acc=0.8411 v_thresh=15.0170 (111s)
[frozen_seed1] epoch 24/200 loss=0.7339 train_acc=0.7734 v_thresh=14.9946 (116s)
[frozen_seed1] epoch 25/200 loss=0.4886 train_acc=0.8268 val_acc=0.6238 v_thresh=14.9755 (121s)
[frozen_seed1] epoch 26/200 loss=0.3941 train_acc=0.8607 v_thresh=14.9551 (126s)
[frozen_seed1] epoch 27/200 loss=0.7442 train_acc=0.7630 v_thresh=14.9343 (131s)
[frozen_seed1] epoch 28/200 loss=1.0755 train_acc=0.7812 v_thresh=14.9131 (135s)
[frozen_seed1] epoch 29/200 loss=0.6659 train_acc=0.8060 v_thresh=14.8971 (140s)
[frozen_seed1] epoch 30/200 loss=0.5566 train_acc=0.8203 val_acc=0.6810 v_thresh=14.8788 (146s)
[frozen_seed1] epoch 31/200 loss=0.7232 train_acc=0.7904 v_thresh=14.8597 (150s)
[frozen_seed1] epoch 32/200 loss=0.6800 train_acc=0.7878 v_thresh=14.8413 (155s)
[frozen_seed1] epoch 33/200 loss=0.5532 train_acc=0.8086 v_thresh=14.8211 (160s)
[frozen_seed1] epoch 34/200 loss=0.5928 train_acc=0.8164 v_thresh=14.8050 (164s)
[frozen_seed1] epoch 35/200 loss=0.4696 train_acc=0.8451 val_acc=0.6048 v_thresh=14.7862 (170s)
[frozen_seed1] epoch 36/200 loss=0.8824 train_acc=0.7682 v_thresh=14.7657 (174s)
[frozen_seed1] epoch 37/200 loss=0.5479 train_acc=0.8151 v_thresh=14.7476 (179s)
[frozen_seed1] epoch 38/200 loss=0.4135 train_acc=0.8464 v_thresh=14.7290 (184s)
[frozen_seed1] epoch 39/200 loss=0.4826 train_acc=0.8372 v_thresh=14.7102 (188s)
[frozen_seed1] epoch 40/200 loss=0.7948 train_acc=0.7734 val_acc=0.6524 v_thresh=14.6915 (194s)
[frozen_seed1] epoch 41/200 loss=0.6567 train_acc=0.7995 v_thresh=14.6756 (199s)
[frozen_seed1] epoch 42/200 loss=0.5409 train_acc=0.8099 v_thresh=14.6595 (203s)
[frozen_seed1] epoch 43/200 loss=0.6093 train_acc=0.7995 v_thresh=14.6404 (208s)
[frozen_seed1] epoch 44/200 loss=0.5358 train_acc=0.8542 v_thresh=14.6189 (212s)
[frozen_seed1] epoch 45/200 loss=0.4176 train_acc=0.8672 val_acc=0.6857 v_thresh=14.6002 (218s)
[frozen_seed1] epoch 46/200 loss=0.3965 train_acc=0.8776 v_thresh=14.5838 (223s)
[frozen_seed1] epoch 47/200 loss=0.3548 train_acc=0.8815 v_thresh=14.5669 (227s)
[frozen_seed1] epoch 48/200 loss=0.3261 train_acc=0.8997 v_thresh=14.5513 (232s)
[frozen_seed1] epoch 49/200 loss=0.2635 train_acc=0.9076 v_thresh=14.5346 (237s)
[frozen_seed1] epoch 50/200 loss=0.1948 train_acc=0.9258 val_acc=0.6857 v_thresh=14.5178 (242s)
[frozen_seed1] epoch 51/200 loss=0.1874 train_acc=0.9297 v_thresh=14.5034 (247s)
[frozen_seed1] epoch 52/200 loss=0.2073 train_acc=0.9375 v_thresh=14.4876 (251s)
[frozen_seed1] epoch 53/200 loss=0.1755 train_acc=0.9453 v_thresh=14.4715 (256s)
[frozen_seed1] epoch 54/200 loss=0.3507 train_acc=0.9049 v_thresh=14.4572 (261s)
[frozen_seed1] epoch 55/200 loss=0.2215 train_acc=0.9193 val_acc=0.7048 v_thresh=14.4440 (266s)
[frozen_seed1] epoch 56/200 loss=0.2339 train_acc=0.9232 v_thresh=14.4266 (271s)
[frozen_seed1] epoch 57/200 loss=0.3772 train_acc=0.8815 v_thresh=14.4110 (275s)
[frozen_seed1] epoch 58/200 loss=0.4038 train_acc=0.9010 v_thresh=14.3963 (280s)
[frozen_seed1] epoch 59/200 loss=0.6574 train_acc=0.8529 v_thresh=14.3796 (285s)
[frozen_seed1] epoch 60/200 loss=0.1940 train_acc=0.9271 val_acc=0.7000 v_thresh=14.3638 (290s)
[frozen_seed1] epoch 61/200 loss=0.2327 train_acc=0.9219 v_thresh=14.3472 (295s)
[frozen_seed1] epoch 62/200 loss=0.1975 train_acc=0.9258 v_thresh=14.3314 (299s)
[frozen_seed1] epoch 63/200 loss=0.2132 train_acc=0.9219 v_thresh=14.3166 (304s)
[frozen_seed1] epoch 64/200 loss=0.1307 train_acc=0.9596 v_thresh=14.3031 (309s)
[frozen_seed1] epoch 65/200 loss=0.1391 train_acc=0.9648 val_acc=0.7286 v_thresh=14.2902 (314s)
[frozen_seed1] epoch 66/200 loss=0.2532 train_acc=0.9180 v_thresh=14.2749 (319s)
[frozen_seed1] epoch 67/200 loss=0.0983 train_acc=0.9766 v_thresh=14.2582 (324s)
[frozen_seed1] epoch 68/200 loss=0.1007 train_acc=0.9727 v_thresh=14.2410 (328s)
[frozen_seed1] epoch 69/200 loss=0.1122 train_acc=0.9688 v_thresh=14.2268 (333s)
[frozen_seed1] epoch 70/200 loss=0.0941 train_acc=0.9753 val_acc=0.6905 v_thresh=14.2128 (338s)
[frozen_seed1] epoch 71/200 loss=0.0856 train_acc=0.9818 v_thresh=14.2001 (343s)
[frozen_seed1] epoch 72/200 loss=0.1528 train_acc=0.9583 v_thresh=14.1861 (348s)
[frozen_seed1] epoch 73/200 loss=0.1055 train_acc=0.9727 v_thresh=14.1733 (352s)
[frozen_seed1] epoch 74/200 loss=0.1270 train_acc=0.9583 v_thresh=14.1619 (357s)
[frozen_seed1] epoch 75/200 loss=0.0903 train_acc=0.9779 val_acc=0.7095 v_thresh=14.1501 (363s)
[frozen_seed1] epoch 76/200 loss=0.1725 train_acc=0.9427 v_thresh=14.1356 (367s)
[frozen_seed1] epoch 77/200 loss=0.1073 train_acc=0.9701 v_thresh=14.1237 (372s)
[frozen_seed1] epoch 78/200 loss=0.1233 train_acc=0.9557 v_thresh=14.1111 (376s)
[frozen_seed1] epoch 79/200 loss=0.0660 train_acc=0.9857 v_thresh=14.0973 (381s)
[frozen_seed1] epoch 80/200 loss=0.0579 train_acc=0.9818 val_acc=0.7619 v_thresh=14.0818 (387s)
[frozen_seed1] epoch 81/200 loss=0.0877 train_acc=0.9740 v_thresh=14.0677 (391s)
[frozen_seed1] epoch 82/200 loss=0.0763 train_acc=0.9831 v_thresh=14.0553 (396s)
[frozen_seed1] epoch 83/200 loss=0.0537 train_acc=0.9961 v_thresh=14.0456 (400s)
[frozen_seed1] epoch 84/200 loss=0.0661 train_acc=0.9857 v_thresh=14.0348 (405s)
[frozen_seed1] epoch 85/200 loss=0.0913 train_acc=0.9740 val_acc=0.7143 v_thresh=14.0243 (411s)
[frozen_seed1] epoch 86/200 loss=0.0633 train_acc=0.9831 v_thresh=14.0122 (415s)
[frozen_seed1] epoch 87/200 loss=0.0639 train_acc=0.9883 v_thresh=14.0015 (420s)
[frozen_seed1] epoch 88/200 loss=0.0466 train_acc=0.9935 v_thresh=13.9901 (425s)
[frozen_seed1] epoch 89/200 loss=0.0378 train_acc=0.9974 v_thresh=13.9789 (429s)
[frozen_seed1] epoch 90/200 loss=0.0416 train_acc=0.9935 val_acc=0.7667 v_thresh=13.9681 (435s)
[frozen_seed1] epoch 91/200 loss=0.0492 train_acc=0.9896 v_thresh=13.9566 (439s)
[frozen_seed1] epoch 92/200 loss=0.0746 train_acc=0.9740 v_thresh=13.9452 (444s)
[frozen_seed1] epoch 93/200 loss=0.1157 train_acc=0.9648 v_thresh=13.9347 (449s)
[frozen_seed1] epoch 94/200 loss=0.0484 train_acc=0.9896 v_thresh=13.9225 (453s)
[frozen_seed1] epoch 95/200 loss=0.0506 train_acc=0.9883 val_acc=0.7714 v_thresh=13.9110 (459s)
[frozen_seed1] epoch 96/200 loss=0.0364 train_acc=0.9948 v_thresh=13.9003 (463s)
[frozen_seed1] epoch 97/200 loss=0.0536 train_acc=0.9857 v_thresh=13.8888 (468s)
[frozen_seed1] epoch 98/200 loss=0.0474 train_acc=0.9870 v_thresh=13.8779 (473s)
[frozen_seed1] epoch 99/200 loss=0.0633 train_acc=0.9805 v_thresh=13.8685 (477s)
[frozen_seed1] epoch 100/200 loss=0.0353 train_acc=0.9909 val_acc=0.7667 v_thresh=13.8588 (483s)
[frozen_seed1] epoch 101/200 loss=0.0424 train_acc=0.9922 v_thresh=13.8484 (487s)
[frozen_seed1] epoch 102/200 loss=0.0320 train_acc=0.9948 v_thresh=13.8390 (492s)
[frozen_seed1] epoch 103/200 loss=0.0224 train_acc=1.0000 v_thresh=13.8294 (497s)
[frozen_seed1] epoch 104/200 loss=0.0161 train_acc=1.0000 v_thresh=13.8199 (501s)
[frozen_seed1] epoch 105/200 loss=0.0164 train_acc=1.0000 val_acc=0.7857 v_thresh=13.8114 (507s)
[frozen_seed1] epoch 106/200 loss=0.0176 train_acc=1.0000 v_thresh=13.8031 (511s)
[frozen_seed1] epoch 107/200 loss=0.0172 train_acc=0.9987 v_thresh=13.7942 (516s)
[frozen_seed1] epoch 108/200 loss=0.0162 train_acc=1.0000 v_thresh=13.7855 (521s)
[frozen_seed1] epoch 109/200 loss=0.0125 train_acc=1.0000 v_thresh=13.7759 (525s)
[frozen_seed1] epoch 110/200 loss=0.0148 train_acc=1.0000 val_acc=0.8095 v_thresh=13.7668 (531s)
[frozen_seed1] epoch 111/200 loss=0.0140 train_acc=1.0000 v_thresh=13.7577 (536s)
[frozen_seed1] epoch 112/200 loss=0.0113 train_acc=1.0000 v_thresh=13.7510 (540s)
[frozen_seed1] epoch 113/200 loss=0.0110 train_acc=1.0000 v_thresh=13.7419 (545s)
[frozen_seed1] epoch 114/200 loss=0.0155 train_acc=0.9974 v_thresh=13.7329 (549s)
[frozen_seed1] epoch 115/200 loss=0.0341 train_acc=0.9896 val_acc=0.7762 v_thresh=13.7264 (555s)
[frozen_seed1] epoch 116/200 loss=0.0117 train_acc=1.0000 v_thresh=13.7195 (560s)
[frozen_seed1] epoch 117/200 loss=0.0093 train_acc=1.0000 v_thresh=13.7115 (564s)
[frozen_seed1] epoch 118/200 loss=0.0103 train_acc=1.0000 v_thresh=13.7041 (569s)
[frozen_seed1] epoch 119/200 loss=0.0098 train_acc=1.0000 v_thresh=13.6963 (573s)
[frozen_seed1] epoch 120/200 loss=0.0082 train_acc=1.0000 val_acc=0.8048 v_thresh=13.6903 (579s)
[frozen_seed1] epoch 121/200 loss=0.0088 train_acc=1.0000 v_thresh=13.6834 (584s)
[frozen_seed1] epoch 122/200 loss=0.0086 train_acc=1.0000 v_thresh=13.6756 (588s)
[frozen_seed1] epoch 123/200 loss=0.0075 train_acc=1.0000 v_thresh=13.6683 (593s)
[frozen_seed1] epoch 124/200 loss=0.0074 train_acc=1.0000 v_thresh=13.6616 (598s)
[frozen_seed1] epoch 125/200 loss=0.0069 train_acc=1.0000 val_acc=0.8048 v_thresh=13.6554 (603s)
[frozen_seed1] epoch 126/200 loss=0.0074 train_acc=1.0000 v_thresh=13.6493 (608s)
[frozen_seed1] epoch 127/200 loss=0.0076 train_acc=1.0000 v_thresh=13.6444 (612s)
[frozen_seed1] epoch 128/200 loss=0.0061 train_acc=1.0000 v_thresh=13.6383 (617s)
[frozen_seed1] epoch 129/200 loss=0.0051 train_acc=1.0000 v_thresh=13.6327 (622s)
[frozen_seed1] epoch 130/200 loss=0.0049 train_acc=1.0000 val_acc=0.8190 v_thresh=13.6273 (627s)
[frozen_seed1] epoch 131/200 loss=0.0051 train_acc=1.0000 v_thresh=13.6219 (632s)
[frozen_seed1] epoch 132/200 loss=0.0047 train_acc=1.0000 v_thresh=13.6169 (636s)
[frozen_seed1] epoch 133/200 loss=0.0049 train_acc=1.0000 v_thresh=13.6113 (641s)
[frozen_seed1] epoch 134/200 loss=0.0046 train_acc=1.0000 v_thresh=13.6059 (646s)
[frozen_seed1] epoch 135/200 loss=0.0042 train_acc=1.0000 val_acc=0.7952 v_thresh=13.6012 (651s)
[frozen_seed1] epoch 136/200 loss=0.0045 train_acc=1.0000 v_thresh=13.5959 (656s)
[frozen_seed1] epoch 137/200 loss=0.0048 train_acc=1.0000 v_thresh=13.5912 (661s)
[frozen_seed1] epoch 138/200 loss=0.0048 train_acc=1.0000 v_thresh=13.5861 (665s)
[frozen_seed1] epoch 139/200 loss=0.0049 train_acc=1.0000 v_thresh=13.5825 (670s)
[frozen_seed1] epoch 140/200 loss=0.0042 train_acc=1.0000 val_acc=0.8286 v_thresh=13.5788 (675s)
[frozen_seed1] epoch 141/200 loss=0.0042 train_acc=1.0000 v_thresh=13.5754 (680s)
[frozen_seed1] epoch 142/200 loss=0.0038 train_acc=1.0000 v_thresh=13.5719 (685s)
[frozen_seed1] epoch 143/200 loss=0.0040 train_acc=1.0000 v_thresh=13.5679 (689s)
[frozen_seed1] epoch 144/200 loss=0.0039 train_acc=1.0000 v_thresh=13.5648 (694s)
[frozen_seed1] epoch 145/200 loss=0.0037 train_acc=1.0000 val_acc=0.8048 v_thresh=13.5617 (700s)
[frozen_seed1] epoch 146/200 loss=0.0036 train_acc=1.0000 v_thresh=13.5582 (704s)
[frozen_seed1] epoch 147/200 loss=0.0038 train_acc=1.0000 v_thresh=13.5548 (709s)
[frozen_seed1] epoch 148/200 loss=0.0034 train_acc=1.0000 v_thresh=13.5518 (714s)
[frozen_seed1] epoch 149/200 loss=0.0034 train_acc=1.0000 v_thresh=13.5491 (718s)
[frozen_seed1] epoch 150/200 loss=0.0032 train_acc=1.0000 val_acc=0.8095 v_thresh=13.5459 (724s)
[frozen_seed1] epoch 151/200 loss=0.0031 train_acc=1.0000 v_thresh=13.5431 (728s)
[frozen_seed1] epoch 152/200 loss=0.0031 train_acc=1.0000 v_thresh=13.5401 (733s)
[frozen_seed1] epoch 153/200 loss=0.0032 train_acc=1.0000 v_thresh=13.5375 (738s)
[frozen_seed1] epoch 154/200 loss=0.0032 train_acc=1.0000 v_thresh=13.5347 (742s)
[frozen_seed1] epoch 155/200 loss=0.0030 train_acc=1.0000 val_acc=0.8143 v_thresh=13.5320 (748s)
[frozen_seed1] epoch 156/200 loss=0.0029 train_acc=1.0000 v_thresh=13.5297 (752s)
[frozen_seed1] epoch 157/200 loss=0.0030 train_acc=1.0000 v_thresh=13.5273 (757s)
[frozen_seed1] epoch 158/200 loss=0.0029 train_acc=1.0000 v_thresh=13.5251 (762s)
[frozen_seed1] epoch 159/200 loss=0.0028 train_acc=1.0000 v_thresh=13.5231 (766s)
[frozen_seed1] epoch 160/200 loss=0.0028 train_acc=1.0000 val_acc=0.8143 v_thresh=13.5212 (772s)
[frozen_seed1] epoch 161/200 loss=0.0027 train_acc=1.0000 v_thresh=13.5193 (776s)
[frozen_seed1] epoch 162/200 loss=0.0026 train_acc=1.0000 v_thresh=13.5174 (781s)
[frozen_seed1] epoch 163/200 loss=0.0027 train_acc=1.0000 v_thresh=13.5158 (786s)
[frozen_seed1] epoch 164/200 loss=0.0025 train_acc=1.0000 v_thresh=13.5140 (790s)
[frozen_seed1] epoch 165/200 loss=0.0026 train_acc=1.0000 val_acc=0.8286 v_thresh=13.5122 (796s)
[frozen_seed1] epoch 166/200 loss=0.0026 train_acc=1.0000 v_thresh=13.5108 (800s)
[frozen_seed1] epoch 167/200 loss=0.0027 train_acc=1.0000 v_thresh=13.5093 (805s)
[frozen_seed1] epoch 168/200 loss=0.0026 train_acc=1.0000 v_thresh=13.5080 (810s)
[frozen_seed1] epoch 169/200 loss=0.0026 train_acc=1.0000 v_thresh=13.5067 (814s)
[frozen_seed1] epoch 170/200 loss=0.0025 train_acc=1.0000 val_acc=0.8143 v_thresh=13.5055 (820s)
[frozen_seed1] epoch 171/200 loss=0.0025 train_acc=1.0000 v_thresh=13.5045 (825s)
[frozen_seed1] epoch 172/200 loss=0.0025 train_acc=1.0000 v_thresh=13.5035 (829s)
[frozen_seed1] epoch 173/200 loss=0.0025 train_acc=1.0000 v_thresh=13.5025 (834s)
[frozen_seed1] epoch 174/200 loss=0.0024 train_acc=1.0000 v_thresh=13.5017 (839s)
[frozen_seed1] epoch 175/200 loss=0.0024 train_acc=1.0000 val_acc=0.8190 v_thresh=13.5009 (844s)
[frozen_seed1] epoch 176/200 loss=0.0023 train_acc=1.0000 v_thresh=13.5003 (849s)
[frozen_seed1] epoch 177/200 loss=0.0024 train_acc=1.0000 v_thresh=13.4997 (853s)
[frozen_seed1] epoch 178/200 loss=0.0024 train_acc=1.0000 v_thresh=13.4990 (858s)
[frozen_seed1] epoch 179/200 loss=0.0024 train_acc=1.0000 v_thresh=13.4983 (863s)
[frozen_seed1] epoch 180/200 loss=0.0024 train_acc=1.0000 val_acc=0.8286 v_thresh=13.4978 (868s)
[frozen_seed1] epoch 181/200 loss=0.0022 train_acc=1.0000 v_thresh=13.4973 (873s)
[frozen_seed1] epoch 182/200 loss=0.0023 train_acc=1.0000 v_thresh=13.4969 (877s)
[frozen_seed1] epoch 183/200 loss=0.0023 train_acc=1.0000 v_thresh=13.4964 (882s)
[frozen_seed1] epoch 184/200 loss=0.0023 train_acc=1.0000 v_thresh=13.4960 (887s)
[frozen_seed1] epoch 185/200 loss=0.0023 train_acc=1.0000 val_acc=0.8286 v_thresh=13.4957 (892s)
[frozen_seed1] epoch 186/200 loss=0.0022 train_acc=1.0000 v_thresh=13.4954 (897s)
[frozen_seed1] epoch 187/200 loss=0.0023 train_acc=1.0000 v_thresh=13.4951 (901s)
[frozen_seed1] epoch 188/200 loss=0.0022 train_acc=1.0000 v_thresh=13.4949 (906s)
[frozen_seed1] epoch 189/200 loss=0.0023 train_acc=1.0000 v_thresh=13.4948 (911s)
[frozen_seed1] epoch 190/200 loss=0.0022 train_acc=1.0000 val_acc=0.8333 v_thresh=13.4946 (916s)
[frozen_seed1] epoch 191/200 loss=0.0022 train_acc=1.0000 v_thresh=13.4945 (921s)
[frozen_seed1] epoch 192/200 loss=0.0022 train_acc=1.0000 v_thresh=13.4944 (925s)
[frozen_seed1] epoch 193/200 loss=0.0022 train_acc=1.0000 v_thresh=13.4943 (930s)
[frozen_seed1] epoch 194/200 loss=0.0022 train_acc=1.0000 v_thresh=13.4942 (935s)
[frozen_seed1] epoch 195/200 loss=0.0021 train_acc=1.0000 val_acc=0.8333 v_thresh=13.4942 (940s)
[frozen_seed1] epoch 196/200 loss=0.0022 train_acc=1.0000 v_thresh=13.4941 (945s)
[frozen_seed1] epoch 197/200 loss=0.0022 train_acc=1.0000 v_thresh=13.4941 (950s)
[frozen_seed1] epoch 198/200 loss=0.0022 train_acc=1.0000 v_thresh=13.4941 (954s)
[frozen_seed1] epoch 199/200 loss=0.0021 train_acc=1.0000 v_thresh=13.4941 (959s)
[frozen_seed1] epoch 200/200 loss=0.0022 train_acc=1.0000 val_acc=0.8381 v_thresh=13.4941 (964s)
[frozen_seed1] BEST val_acc=0.8381 at epoch 200 (selected without ever touching the test set)
[frozen_seed1] FINAL TEST test_acc=0.8292
[frozen_seed1] wrote /home/ihs24/Desktop/CiM-HDC/phase1_firing_characterization/artifacts/dvs_accuracy/frozen_seed1.json
[frozen_seed2] subtrain=769 val=210 test=240
[frozen_seed2] calibrated v_thresh_init=12.4011
[frozen_seed2] epoch 1/200 loss=2.1188 train_acc=0.3880 v_thresh=12.3848 (5s)
[frozen_seed2] epoch 2/200 loss=1.6674 train_acc=0.5391 v_thresh=12.3654 (10s)
[frozen_seed2] epoch 3/200 loss=1.4933 train_acc=0.5638 v_thresh=12.3434 (14s)
[frozen_seed2] epoch 4/200 loss=1.5578 train_acc=0.5781 v_thresh=12.3245 (19s)
[frozen_seed2] epoch 5/200 loss=1.1369 train_acc=0.6458 val_acc=0.5190 v_thresh=12.3032 (25s)
[frozen_seed2] epoch 6/200 loss=0.8996 train_acc=0.7253 v_thresh=12.2816 (29s)
[frozen_seed2] epoch 7/200 loss=1.1772 train_acc=0.6719 v_thresh=12.2589 (34s)
[frozen_seed2] epoch 8/200 loss=0.7614 train_acc=0.7344 v_thresh=12.2388 (39s)
[frozen_seed2] epoch 9/200 loss=1.0432 train_acc=0.7096 v_thresh=12.2215 (43s)
[frozen_seed2] epoch 10/200 loss=0.9670 train_acc=0.7083 val_acc=0.5857 v_thresh=12.2067 (49s)
[frozen_seed2] epoch 11/200 loss=0.7773 train_acc=0.7396 v_thresh=12.1892 (54s)
[frozen_seed2] epoch 12/200 loss=0.5579 train_acc=0.8073 v_thresh=12.1729 (58s)
[frozen_seed2] epoch 13/200 loss=0.6248 train_acc=0.7852 v_thresh=12.1562 (63s)
[frozen_seed2] epoch 14/200 loss=0.6096 train_acc=0.7865 v_thresh=12.1392 (68s)
[frozen_seed2] epoch 15/200 loss=0.4496 train_acc=0.8372 val_acc=0.5667 v_thresh=12.1189 (73s)
[frozen_seed2] epoch 16/200 loss=0.4506 train_acc=0.8294 v_thresh=12.0995 (78s)
[frozen_seed2] epoch 17/200 loss=0.8299 train_acc=0.7396 v_thresh=12.0824 (83s)
[frozen_seed2] epoch 18/200 loss=0.6989 train_acc=0.7734 v_thresh=12.0675 (88s)
[frozen_seed2] epoch 19/200 loss=1.2971 train_acc=0.7513 v_thresh=12.0528 (92s)
[frozen_seed2] epoch 20/200 loss=0.8095 train_acc=0.7878 val_acc=0.5905 v_thresh=12.0379 (98s)
[frozen_seed2] epoch 21/200 loss=0.5049 train_acc=0.8398 v_thresh=12.0213 (102s)
[frozen_seed2] epoch 22/200 loss=0.4443 train_acc=0.8477 v_thresh=12.0032 (107s)
[frozen_seed2] epoch 23/200 loss=0.5974 train_acc=0.7852 v_thresh=11.9849 (112s)
[frozen_seed2] epoch 24/200 loss=0.4186 train_acc=0.8451 v_thresh=11.9664 (116s)
[frozen_seed2] epoch 25/200 loss=0.3859 train_acc=0.8802 val_acc=0.6333 v_thresh=11.9452 (122s)
[frozen_seed2] epoch 26/200 loss=0.3941 train_acc=0.8490 v_thresh=11.9280 (126s)
[frozen_seed2] epoch 27/200 loss=0.3075 train_acc=0.8906 v_thresh=11.9134 (131s)
[frozen_seed2] epoch 28/200 loss=0.3702 train_acc=0.8724 v_thresh=11.8921 (136s)
[frozen_seed2] epoch 29/200 loss=0.3599 train_acc=0.8737 v_thresh=11.8738 (140s)
[frozen_seed2] epoch 30/200 loss=0.3884 train_acc=0.8659 val_acc=0.5000 v_thresh=11.8592 (146s)
[frozen_seed2] epoch 31/200 loss=0.3571 train_acc=0.8737 v_thresh=11.8413 (150s)
[frozen_seed2] epoch 32/200 loss=0.4121 train_acc=0.8516 v_thresh=11.8300 (155s)
[frozen_seed2] epoch 33/200 loss=0.2624 train_acc=0.9089 v_thresh=11.8141 (160s)
[frozen_seed2] epoch 34/200 loss=0.2221 train_acc=0.9232 v_thresh=11.7967 (164s)
[frozen_seed2] epoch 35/200 loss=0.3009 train_acc=0.9076 val_acc=0.5952 v_thresh=11.7802 (170s)
[frozen_seed2] epoch 36/200 loss=0.2630 train_acc=0.9258 v_thresh=11.7689 (175s)
[frozen_seed2] epoch 37/200 loss=0.2389 train_acc=0.9362 v_thresh=11.7537 (179s)
[frozen_seed2] epoch 38/200 loss=0.2397 train_acc=0.9336 v_thresh=11.7391 (184s)
[frozen_seed2] epoch 39/200 loss=0.2173 train_acc=0.9258 v_thresh=11.7227 (189s)
[frozen_seed2] epoch 40/200 loss=0.3137 train_acc=0.9062 val_acc=0.6619 v_thresh=11.7068 (195s)
[frozen_seed2] epoch 41/200 loss=0.2340 train_acc=0.9128 v_thresh=11.6957 (199s)
[frozen_seed2] epoch 42/200 loss=0.1889 train_acc=0.9427 v_thresh=11.6800 (204s)
[frozen_seed2] epoch 43/200 loss=0.1665 train_acc=0.9557 v_thresh=11.6664 (209s)
[frozen_seed2] epoch 44/200 loss=0.1851 train_acc=0.9349 v_thresh=11.6523 (213s)
[frozen_seed2] epoch 45/200 loss=0.1981 train_acc=0.9401 val_acc=0.6095 v_thresh=11.6408 (219s)
[frozen_seed2] epoch 46/200 loss=0.2262 train_acc=0.9193 v_thresh=11.6246 (224s)
[frozen_seed2] epoch 47/200 loss=0.3512 train_acc=0.8776 v_thresh=11.6073 (228s)
[frozen_seed2] epoch 48/200 loss=0.1935 train_acc=0.9323 v_thresh=11.5926 (233s)
[frozen_seed2] epoch 49/200 loss=0.3035 train_acc=0.8854 v_thresh=11.5791 (238s)
[frozen_seed2] epoch 50/200 loss=0.2802 train_acc=0.9049 val_acc=0.6095 v_thresh=11.5655 (243s)
[frozen_seed2] epoch 51/200 loss=0.2293 train_acc=0.9206 v_thresh=11.5496 (248s)
[frozen_seed2] epoch 52/200 loss=0.2119 train_acc=0.9362 v_thresh=11.5356 (253s)
[frozen_seed2] epoch 53/200 loss=0.2015 train_acc=0.9349 v_thresh=11.5199 (257s)
[frozen_seed2] epoch 54/200 loss=0.1692 train_acc=0.9362 v_thresh=11.5065 (262s)
[frozen_seed2] epoch 55/200 loss=0.1767 train_acc=0.9362 val_acc=0.7000 v_thresh=11.4931 (267s)
[frozen_seed2] epoch 56/200 loss=0.1420 train_acc=0.9596 v_thresh=11.4839 (272s)
[frozen_seed2] epoch 57/200 loss=0.1142 train_acc=0.9740 v_thresh=11.4723 (277s)
[frozen_seed2] epoch 58/200 loss=0.1470 train_acc=0.9479 v_thresh=11.4580 (281s)
[frozen_seed2] epoch 59/200 loss=0.1419 train_acc=0.9583 v_thresh=11.4454 (286s)
[frozen_seed2] epoch 60/200 loss=0.1506 train_acc=0.9505 val_acc=0.6714 v_thresh=11.4296 (292s)
[frozen_seed2] epoch 61/200 loss=0.1109 train_acc=0.9674 v_thresh=11.4158 (296s)
[frozen_seed2] epoch 62/200 loss=0.1213 train_acc=0.9688 v_thresh=11.4013 (301s)
[frozen_seed2] epoch 63/200 loss=0.1358 train_acc=0.9544 v_thresh=11.3859 (306s)
[frozen_seed2] epoch 64/200 loss=0.1097 train_acc=0.9688 v_thresh=11.3745 (310s)
[frozen_seed2] epoch 65/200 loss=0.1072 train_acc=0.9701 val_acc=0.6429 v_thresh=11.3606 (316s)
[frozen_seed2] epoch 66/200 loss=0.1419 train_acc=0.9583 v_thresh=11.3473 (321s)
[frozen_seed2] epoch 67/200 loss=0.2566 train_acc=0.9180 v_thresh=11.3325 (325s)
[frozen_seed2] epoch 68/200 loss=0.1447 train_acc=0.9479 v_thresh=11.3179 (330s)
[frozen_seed2] epoch 69/200 loss=0.1173 train_acc=0.9688 v_thresh=11.3065 (335s)
[frozen_seed2] epoch 70/200 loss=0.0846 train_acc=0.9792 val_acc=0.7190 v_thresh=11.2920 (340s)
[frozen_seed2] epoch 71/200 loss=0.1346 train_acc=0.9518 v_thresh=11.2813 (345s)
[frozen_seed2] epoch 72/200 loss=0.1109 train_acc=0.9674 v_thresh=11.2678 (350s)
[frozen_seed2] epoch 73/200 loss=0.0754 train_acc=0.9753 v_thresh=11.2540 (354s)
[frozen_seed2] epoch 74/200 loss=0.0588 train_acc=0.9922 v_thresh=11.2405 (359s)
[frozen_seed2] epoch 75/200 loss=0.1192 train_acc=0.9622 val_acc=0.7429 v_thresh=11.2262 (365s)
[frozen_seed2] epoch 76/200 loss=0.0905 train_acc=0.9701 v_thresh=11.2140 (369s)
[frozen_seed2] epoch 77/200 loss=0.0731 train_acc=0.9779 v_thresh=11.2037 (374s)
[frozen_seed2] epoch 78/200 loss=0.0674 train_acc=0.9831 v_thresh=11.1930 (379s)
[frozen_seed2] epoch 79/200 loss=0.0839 train_acc=0.9674 v_thresh=11.1837 (383s)
[frozen_seed2] epoch 80/200 loss=0.0756 train_acc=0.9792 val_acc=0.7333 v_thresh=11.1713 (389s)
[frozen_seed2] epoch 81/200 loss=0.0561 train_acc=0.9883 v_thresh=11.1623 (394s)
[frozen_seed2] epoch 82/200 loss=0.0670 train_acc=0.9831 v_thresh=11.1513 (398s)
[frozen_seed2] epoch 83/200 loss=0.0613 train_acc=0.9896 v_thresh=11.1403 (403s)
[frozen_seed2] epoch 84/200 loss=0.0508 train_acc=0.9948 v_thresh=11.1282 (407s)
[frozen_seed2] epoch 85/200 loss=0.0693 train_acc=0.9844 val_acc=0.7143 v_thresh=11.1170 (413s)
[frozen_seed2] epoch 86/200 loss=0.0509 train_acc=0.9948 v_thresh=11.1091 (418s)
[frozen_seed2] epoch 87/200 loss=0.0547 train_acc=0.9909 v_thresh=11.1003 (422s)
[frozen_seed2] epoch 88/200 loss=0.0384 train_acc=0.9974 v_thresh=11.0896 (427s)
[frozen_seed2] epoch 89/200 loss=0.0574 train_acc=0.9818 v_thresh=11.0783 (432s)
[frozen_seed2] epoch 90/200 loss=0.0549 train_acc=0.9818 val_acc=0.7000 v_thresh=11.0673 (437s)
[frozen_seed2] epoch 91/200 loss=0.0362 train_acc=0.9974 v_thresh=11.0562 (442s)
[frozen_seed2] epoch 92/200 loss=0.0383 train_acc=0.9922 v_thresh=11.0445 (447s)
[frozen_seed2] epoch 93/200 loss=0.0316 train_acc=0.9948 v_thresh=11.0335 (452s)
[frozen_seed2] epoch 94/200 loss=0.0347 train_acc=0.9896 v_thresh=11.0248 (456s)
[frozen_seed2] epoch 95/200 loss=0.0222 train_acc=0.9987 val_acc=0.7095 v_thresh=11.0123 (462s)
[frozen_seed2] epoch 96/200 loss=0.0217 train_acc=0.9974 v_thresh=11.0040 (466s)
[frozen_seed2] epoch 97/200 loss=0.0186 train_acc=1.0000 v_thresh=10.9956 (471s)
[frozen_seed2] epoch 98/200 loss=0.0137 train_acc=1.0000 v_thresh=10.9870 (476s)
[frozen_seed2] epoch 99/200 loss=0.0129 train_acc=1.0000 v_thresh=10.9773 (481s)
[frozen_seed2] epoch 100/200 loss=0.0144 train_acc=1.0000 val_acc=0.7286 v_thresh=10.9679 (486s)
[frozen_seed2] epoch 101/200 loss=0.0150 train_acc=1.0000 v_thresh=10.9587 (491s)
[frozen_seed2] epoch 102/200 loss=0.0116 train_acc=1.0000 v_thresh=10.9507 (495s)
[frozen_seed2] epoch 103/200 loss=0.0130 train_acc=0.9987 v_thresh=10.9418 (500s)
[frozen_seed2] epoch 104/200 loss=0.0116 train_acc=0.9987 v_thresh=10.9345 (505s)
[frozen_seed2] epoch 105/200 loss=0.0106 train_acc=1.0000 val_acc=0.7429 v_thresh=10.9268 (510s)
[frozen_seed2] epoch 106/200 loss=0.0078 train_acc=1.0000 v_thresh=10.9174 (515s)
[frozen_seed2] epoch 107/200 loss=0.0087 train_acc=1.0000 v_thresh=10.9094 (519s)
[frozen_seed2] epoch 108/200 loss=0.0080 train_acc=1.0000 v_thresh=10.8994 (524s)
[frozen_seed2] epoch 109/200 loss=0.0082 train_acc=1.0000 v_thresh=10.8921 (529s)
[frozen_seed2] epoch 110/200 loss=0.0078 train_acc=1.0000 val_acc=0.7381 v_thresh=10.8851 (534s)
[frozen_seed2] epoch 111/200 loss=0.0070 train_acc=1.0000 v_thresh=10.8783 (539s)
[frozen_seed2] epoch 112/200 loss=0.0070 train_acc=1.0000 v_thresh=10.8724 (544s)
[frozen_seed2] epoch 113/200 loss=0.0069 train_acc=1.0000 v_thresh=10.8672 (548s)
[frozen_seed2] epoch 114/200 loss=0.0068 train_acc=1.0000 v_thresh=10.8611 (553s)
[frozen_seed2] epoch 115/200 loss=0.0054 train_acc=1.0000 val_acc=0.7476 v_thresh=10.8538 (558s)
[frozen_seed2] epoch 116/200 loss=0.0050 train_acc=1.0000 v_thresh=10.8474 (563s)
[frozen_seed2] epoch 117/200 loss=0.0051 train_acc=1.0000 v_thresh=10.8422 (568s)
[frozen_seed2] epoch 118/200 loss=0.0057 train_acc=1.0000 v_thresh=10.8353 (572s)
[frozen_seed2] epoch 119/200 loss=0.0046 train_acc=1.0000 v_thresh=10.8288 (577s)
[frozen_seed2] epoch 120/200 loss=0.0045 train_acc=1.0000 val_acc=0.7524 v_thresh=10.8243 (582s)
[frozen_seed2] epoch 121/200 loss=0.0040 train_acc=1.0000 v_thresh=10.8179 (587s)
[frozen_seed2] epoch 122/200 loss=0.0040 train_acc=1.0000 v_thresh=10.8114 (592s)
[frozen_seed2] epoch 123/200 loss=0.0037 train_acc=1.0000 v_thresh=10.8059 (597s)
[frozen_seed2] epoch 124/200 loss=0.0036 train_acc=1.0000 v_thresh=10.8018 (601s)
[frozen_seed2] epoch 125/200 loss=0.0035 train_acc=1.0000 val_acc=0.7381 v_thresh=10.7964 (607s)
[frozen_seed2] epoch 126/200 loss=0.0039 train_acc=1.0000 v_thresh=10.7907 (611s)
[frozen_seed2] epoch 127/200 loss=0.0034 train_acc=1.0000 v_thresh=10.7854 (616s)
[frozen_seed2] epoch 128/200 loss=0.0036 train_acc=1.0000 v_thresh=10.7809 (621s)
[frozen_seed2] epoch 129/200 loss=0.0031 train_acc=1.0000 v_thresh=10.7753 (625s)
[frozen_seed2] epoch 130/200 loss=0.0028 train_acc=1.0000 val_acc=0.7571 v_thresh=10.7695 (631s)
[frozen_seed2] epoch 131/200 loss=0.0028 train_acc=1.0000 v_thresh=10.7642 (636s)
[frozen_seed2] epoch 132/200 loss=0.0029 train_acc=1.0000 v_thresh=10.7589 (640s)
[frozen_seed2] epoch 133/200 loss=0.0027 train_acc=1.0000 v_thresh=10.7542 (645s)
[frozen_seed2] epoch 134/200 loss=0.0024 train_acc=1.0000 v_thresh=10.7490 (649s)
[frozen_seed2] epoch 135/200 loss=0.0025 train_acc=1.0000 val_acc=0.7714 v_thresh=10.7435 (655s)
[frozen_seed2] epoch 136/200 loss=0.0024 train_acc=1.0000 v_thresh=10.7391 (660s)
[frozen_seed2] epoch 137/200 loss=0.0024 train_acc=1.0000 v_thresh=10.7353 (665s)
[frozen_seed2] epoch 138/200 loss=0.0025 train_acc=1.0000 v_thresh=10.7317 (669s)
[frozen_seed2] epoch 139/200 loss=0.0024 train_acc=1.0000 v_thresh=10.7276 (674s)
[frozen_seed2] epoch 140/200 loss=0.0024 train_acc=1.0000 val_acc=0.7714 v_thresh=10.7239 (680s)
[frozen_seed2] epoch 141/200 loss=0.0023 train_acc=1.0000 v_thresh=10.7200 (685s)
[frozen_seed2] epoch 142/200 loss=0.0022 train_acc=1.0000 v_thresh=10.7164 (690s)
[frozen_seed2] epoch 143/200 loss=0.0021 train_acc=1.0000 v_thresh=10.7126 (695s)
[frozen_seed2] epoch 144/200 loss=0.0021 train_acc=1.0000 v_thresh=10.7089 (700s)
[frozen_seed2] epoch 145/200 loss=0.0021 train_acc=1.0000 val_acc=0.7714 v_thresh=10.7052 (706s)
[frozen_seed2] epoch 146/200 loss=0.0021 train_acc=1.0000 v_thresh=10.7020 (711s)
[frozen_seed2] epoch 147/200 loss=0.0021 train_acc=1.0000 v_thresh=10.6991 (715s)
[frozen_seed2] epoch 148/200 loss=0.0022 train_acc=1.0000 v_thresh=10.6964 (720s)
[frozen_seed2] epoch 149/200 loss=0.0020 train_acc=1.0000 v_thresh=10.6933 (725s)
[frozen_seed2] epoch 150/200 loss=0.0019 train_acc=1.0000 val_acc=0.7619 v_thresh=10.6904 (731s)
[frozen_seed2] epoch 151/200 loss=0.0020 train_acc=1.0000 v_thresh=10.6876 (735s)
[frozen_seed2] epoch 152/200 loss=0.0018 train_acc=1.0000 v_thresh=10.6844 (740s)
[frozen_seed2] epoch 153/200 loss=0.0018 train_acc=1.0000 v_thresh=10.6815 (744s)
[frozen_seed2] epoch 154/200 loss=0.0017 train_acc=1.0000 v_thresh=10.6791 (749s)
[frozen_seed2] epoch 155/200 loss=0.0018 train_acc=1.0000 val_acc=0.7667 v_thresh=10.6768 (755s)
[frozen_seed2] epoch 156/200 loss=0.0017 train_acc=1.0000 v_thresh=10.6746 (759s)
[frozen_seed2] epoch 157/200 loss=0.0018 train_acc=1.0000 v_thresh=10.6724 (764s)
[frozen_seed2] epoch 158/200 loss=0.0017 train_acc=1.0000 v_thresh=10.6701 (769s)
[frozen_seed2] epoch 159/200 loss=0.0017 train_acc=1.0000 v_thresh=10.6684 (773s)
[frozen_seed2] epoch 160/200 loss=0.0017 train_acc=1.0000 val_acc=0.7619 v_thresh=10.6672 (779s)
[frozen_seed2] epoch 161/200 loss=0.0017 train_acc=1.0000 v_thresh=10.6654 (784s)
[frozen_seed2] epoch 162/200 loss=0.0016 train_acc=1.0000 v_thresh=10.6637 (788s)
[frozen_seed2] epoch 163/200 loss=0.0016 train_acc=1.0000 v_thresh=10.6621 (793s)
[frozen_seed2] epoch 164/200 loss=0.0016 train_acc=1.0000 v_thresh=10.6606 (798s)
[frozen_seed2] epoch 165/200 loss=0.0015 train_acc=1.0000 val_acc=0.7762 v_thresh=10.6591 (803s)
[frozen_seed2] epoch 166/200 loss=0.0015 train_acc=1.0000 v_thresh=10.6577 (808s)
[frozen_seed2] epoch 167/200 loss=0.0015 train_acc=1.0000 v_thresh=10.6562 (813s)
[frozen_seed2] epoch 168/200 loss=0.0015 train_acc=1.0000 v_thresh=10.6550 (817s)
[frozen_seed2] epoch 169/200 loss=0.0015 train_acc=1.0000 v_thresh=10.6538 (822s)
[frozen_seed2] epoch 170/200 loss=0.0015 train_acc=1.0000 val_acc=0.7619 v_thresh=10.6527 (827s)
[frozen_seed2] epoch 171/200 loss=0.0015 train_acc=1.0000 v_thresh=10.6515 (832s)
[frozen_seed2] epoch 172/200 loss=0.0015 train_acc=1.0000 v_thresh=10.6506 (837s)
[frozen_seed2] epoch 173/200 loss=0.0015 train_acc=1.0000 v_thresh=10.6496 (841s)
[frozen_seed2] epoch 174/200 loss=0.0015 train_acc=1.0000 v_thresh=10.6488 (846s)
[frozen_seed2] epoch 175/200 loss=0.0015 train_acc=1.0000 val_acc=0.7524 v_thresh=10.6480 (852s)
[frozen_seed2] epoch 176/200 loss=0.0014 train_acc=1.0000 v_thresh=10.6472 (857s)
[frozen_seed2] epoch 177/200 loss=0.0014 train_acc=1.0000 v_thresh=10.6465 (861s)
[frozen_seed2] epoch 178/200 loss=0.0014 train_acc=1.0000 v_thresh=10.6458 (866s)
[frozen_seed2] epoch 179/200 loss=0.0014 train_acc=1.0000 v_thresh=10.6452 (871s)
[frozen_seed2] epoch 180/200 loss=0.0014 train_acc=1.0000 val_acc=0.7619 v_thresh=10.6447 (876s)
[frozen_seed2] epoch 181/200 loss=0.0014 train_acc=1.0000 v_thresh=10.6441 (881s)
[frozen_seed2] epoch 182/200 loss=0.0014 train_acc=1.0000 v_thresh=10.6437 (885s)
[frozen_seed2] epoch 183/200 loss=0.0014 train_acc=1.0000 v_thresh=10.6433 (890s)
[frozen_seed2] epoch 184/200 loss=0.0014 train_acc=1.0000 v_thresh=10.6430 (895s)
[frozen_seed2] epoch 185/200 loss=0.0013 train_acc=1.0000 val_acc=0.7667 v_thresh=10.6427 (901s)
[frozen_seed2] epoch 186/200 loss=0.0014 train_acc=1.0000 v_thresh=10.6423 (905s)
[frozen_seed2] epoch 187/200 loss=0.0014 train_acc=1.0000 v_thresh=10.6421 (910s)
[frozen_seed2] epoch 188/200 loss=0.0014 train_acc=1.0000 v_thresh=10.6419 (915s)
[frozen_seed2] epoch 189/200 loss=0.0013 train_acc=1.0000 v_thresh=10.6417 (919s)
[frozen_seed2] epoch 190/200 loss=0.0014 train_acc=1.0000 val_acc=0.7619 v_thresh=10.6415 (925s)
[frozen_seed2] epoch 191/200 loss=0.0013 train_acc=1.0000 v_thresh=10.6414 (929s)
[frozen_seed2] epoch 192/200 loss=0.0013 train_acc=1.0000 v_thresh=10.6413 (934s)
[frozen_seed2] epoch 193/200 loss=0.0013 train_acc=1.0000 v_thresh=10.6412 (939s)
[frozen_seed2] epoch 194/200 loss=0.0013 train_acc=1.0000 v_thresh=10.6411 (943s)
[frozen_seed2] epoch 195/200 loss=0.0013 train_acc=1.0000 val_acc=0.7619 v_thresh=10.6411 (949s)
[frozen_seed2] epoch 196/200 loss=0.0013 train_acc=1.0000 v_thresh=10.6410 (954s)
[frozen_seed2] epoch 197/200 loss=0.0013 train_acc=1.0000 v_thresh=10.6410 (958s)
[frozen_seed2] epoch 198/200 loss=0.0013 train_acc=1.0000 v_thresh=10.6410 (963s)
[frozen_seed2] epoch 199/200 loss=0.0013 train_acc=1.0000 v_thresh=10.6410 (968s)
[frozen_seed2] epoch 200/200 loss=0.0013 train_acc=1.0000 val_acc=0.7571 v_thresh=10.6410 (973s)
[frozen_seed2] BEST val_acc=0.7762 at epoch 165 (selected without ever touching the test set)
[frozen_seed2] FINAL TEST test_acc=0.7958
[frozen_seed2] wrote /home/ihs24/Desktop/CiM-HDC/phase1_firing_characterization/artifacts/dvs_accuracy/frozen_seed2.json
