[dvsgesture] train=979 test=240 classes=10
[dvsgesture] epoch 1/250 loss=3.1436 train_acc=0.1042 v_thresh=0.9877 (6s)
[dvsgesture] epoch 2/250 loss=2.6124 train_acc=0.1073 v_thresh=0.9802 (12s)
[dvsgesture] epoch 3/250 loss=2.4505 train_acc=0.1083 v_thresh=0.9728 (17s)
[dvsgesture] epoch 4/250 loss=2.4911 train_acc=0.1271 v_thresh=0.9537 (23s)
[dvsgesture] epoch 5/250 loss=2.3028 train_acc=0.1927 test_acc=0.2417 v_thresh=0.9237 (30s)
[dvsgesture] epoch 6/250 loss=2.1353 train_acc=0.2510 v_thresh=0.8903 (35s)
[dvsgesture] epoch 7/250 loss=1.8568 train_acc=0.3271 v_thresh=0.8580 (41s)
[dvsgesture] epoch 8/250 loss=1.6813 train_acc=0.3688 v_thresh=0.8298 (46s)
[dvsgesture] epoch 9/250 loss=1.5660 train_acc=0.4313 v_thresh=0.8045 (51s)
[dvsgesture] epoch 10/250 loss=1.6139 train_acc=0.4094 test_acc=0.3667 v_thresh=0.7813 (59s)
[dvsgesture] epoch 11/250 loss=1.3401 train_acc=0.4542 v_thresh=0.7620 (65s)
[dvsgesture] epoch 12/250 loss=1.2150 train_acc=0.5052 v_thresh=0.7462 (70s)
[dvsgesture] epoch 13/250 loss=1.1802 train_acc=0.5156 v_thresh=0.7312 (75s)
[dvsgesture] epoch 14/250 loss=1.1635 train_acc=0.5458 v_thresh=0.7169 (81s)
[dvsgesture] epoch 15/250 loss=1.0886 train_acc=0.5656 test_acc=0.4458 v_thresh=0.7042 (88s)
[dvsgesture] epoch 16/250 loss=1.1620 train_acc=0.5219 v_thresh=0.6912 (94s)
[dvsgesture] epoch 17/250 loss=1.1260 train_acc=0.5521 v_thresh=0.6784 (99s)
[dvsgesture] epoch 18/250 loss=1.0016 train_acc=0.5917 v_thresh=0.6677 (104s)
[dvsgesture] epoch 19/250 loss=1.0032 train_acc=0.5844 v_thresh=0.6581 (110s)
[dvsgesture] epoch 20/250 loss=0.9801 train_acc=0.6219 test_acc=0.5167 v_thresh=0.6479 (117s)
[dvsgesture] epoch 21/250 loss=0.9837 train_acc=0.5990 v_thresh=0.6379 (122s)
[dvsgesture] epoch 22/250 loss=0.9250 train_acc=0.6094 v_thresh=0.6292 (127s)
[dvsgesture] epoch 23/250 loss=0.9016 train_acc=0.6396 v_thresh=0.6203 (133s)
[dvsgesture] epoch 24/250 loss=0.8860 train_acc=0.6354 v_thresh=0.6116 (138s)
[dvsgesture] epoch 25/250 loss=0.8842 train_acc=0.6365 test_acc=0.5167 v_thresh=0.6030 (145s)
[dvsgesture] epoch 26/250 loss=0.8547 train_acc=0.6573 v_thresh=0.5946 (150s)
[dvsgesture] epoch 27/250 loss=0.8344 train_acc=0.6604 v_thresh=0.5866 (156s)
[dvsgesture] epoch 28/250 loss=0.8597 train_acc=0.6500 v_thresh=0.5783 (161s)
[dvsgesture] epoch 29/250 loss=0.8088 train_acc=0.6687 v_thresh=0.5707 (166s)
[dvsgesture] epoch 30/250 loss=0.8100 train_acc=0.6667 test_acc=0.4958 v_thresh=0.5632 (173s)
[dvsgesture] epoch 31/250 loss=0.8059 train_acc=0.6740 v_thresh=0.5547 (179s)
[dvsgesture] epoch 32/250 loss=0.7588 train_acc=0.7156 v_thresh=0.5481 (184s)
[dvsgesture] epoch 33/250 loss=0.7699 train_acc=0.6958 v_thresh=0.5411 (189s)
[dvsgesture] epoch 34/250 loss=0.7397 train_acc=0.7021 v_thresh=0.5343 (194s)
[dvsgesture] epoch 35/250 loss=0.7479 train_acc=0.7010 test_acc=0.5208 v_thresh=0.5275 (201s)
[dvsgesture] epoch 36/250 loss=0.7469 train_acc=0.6948 v_thresh=0.5211 (207s)
[dvsgesture] epoch 37/250 loss=0.7331 train_acc=0.7104 v_thresh=0.5137 (212s)
[dvsgesture] epoch 38/250 loss=0.7326 train_acc=0.7094 v_thresh=0.5071 (217s)
[dvsgesture] epoch 39/250 loss=0.7567 train_acc=0.6865 v_thresh=0.5006 (223s)
[dvsgesture] epoch 40/250 loss=0.7178 train_acc=0.7240 test_acc=0.5333 v_thresh=0.4936 (230s)
[dvsgesture] epoch 41/250 loss=0.7680 train_acc=0.7000 v_thresh=0.4863 (235s)
[dvsgesture] epoch 42/250 loss=0.7392 train_acc=0.6917 v_thresh=0.4796 (240s)
[dvsgesture] epoch 43/250 loss=0.6541 train_acc=0.7500 v_thresh=0.4743 (246s)
[dvsgesture] epoch 44/250 loss=0.6653 train_acc=0.7354 v_thresh=0.4690 (251s)
[dvsgesture] epoch 45/250 loss=0.6625 train_acc=0.7469 test_acc=0.5500 v_thresh=0.4643 (258s)
[dvsgesture] epoch 46/250 loss=0.6690 train_acc=0.7500 v_thresh=0.4586 (263s)
[dvsgesture] epoch 47/250 loss=0.6877 train_acc=0.7312 v_thresh=0.4525 (269s)
[dvsgesture] epoch 48/250 loss=0.6858 train_acc=0.7219 v_thresh=0.4458 (274s)
[dvsgesture] epoch 49/250 loss=0.6852 train_acc=0.7229 v_thresh=0.4405 (279s)
[dvsgesture] epoch 50/250 loss=0.6388 train_acc=0.7542 test_acc=0.5458 v_thresh=0.4350 (286s)
[dvsgesture] epoch 51/250 loss=0.6428 train_acc=0.7438 v_thresh=0.4302 (292s)
[dvsgesture] epoch 52/250 loss=0.6352 train_acc=0.7719 v_thresh=0.4250 (297s)
[dvsgesture] epoch 53/250 loss=0.6079 train_acc=0.7802 v_thresh=0.4195 (302s)
[dvsgesture] epoch 54/250 loss=0.6449 train_acc=0.7427 v_thresh=0.4145 (308s)
[dvsgesture] epoch 55/250 loss=0.6110 train_acc=0.7760 test_acc=0.5750 v_thresh=0.4098 (315s)
[dvsgesture] epoch 56/250 loss=0.5908 train_acc=0.7781 v_thresh=0.4052 (320s)
[dvsgesture] epoch 57/250 loss=0.5634 train_acc=0.8177 v_thresh=0.4017 (325s)
[dvsgesture] epoch 58/250 loss=0.5827 train_acc=0.8031 v_thresh=0.3972 (331s)
[dvsgesture] epoch 59/250 loss=0.5715 train_acc=0.7927 v_thresh=0.3935 (336s)
[dvsgesture] epoch 60/250 loss=0.5666 train_acc=0.8156 test_acc=0.5542 v_thresh=0.3898 (343s)
[dvsgesture] epoch 61/250 loss=0.5572 train_acc=0.7948 v_thresh=0.3858 (349s)
[dvsgesture] epoch 62/250 loss=0.5537 train_acc=0.8094 v_thresh=0.3827 (354s)
[dvsgesture] epoch 63/250 loss=0.5494 train_acc=0.8094 v_thresh=0.3788 (359s)
[dvsgesture] epoch 64/250 loss=0.5643 train_acc=0.7937 v_thresh=0.3749 (365s)
[dvsgesture] epoch 65/250 loss=0.5164 train_acc=0.8198 test_acc=0.5583 v_thresh=0.3722 (372s)
[dvsgesture] epoch 66/250 loss=0.5888 train_acc=0.7635 v_thresh=0.3683 (377s)
[dvsgesture] epoch 67/250 loss=0.5752 train_acc=0.7948 v_thresh=0.3647 (382s)
[dvsgesture] epoch 68/250 loss=0.5182 train_acc=0.8302 v_thresh=0.3617 (388s)
[dvsgesture] epoch 69/250 loss=0.5220 train_acc=0.8156 v_thresh=0.3588 (393s)
[dvsgesture] epoch 70/250 loss=0.5150 train_acc=0.8135 test_acc=0.5083 v_thresh=0.3558 (400s)
[dvsgesture] epoch 71/250 loss=0.5058 train_acc=0.8313 v_thresh=0.3527 (405s)
[dvsgesture] epoch 72/250 loss=0.5373 train_acc=0.8083 v_thresh=0.3497 (411s)
[dvsgesture] epoch 73/250 loss=0.5132 train_acc=0.8187 v_thresh=0.3470 (416s)
[dvsgesture] epoch 74/250 loss=0.5038 train_acc=0.8125 v_thresh=0.3444 (421s)
[dvsgesture] epoch 75/250 loss=0.4996 train_acc=0.8271 test_acc=0.5458 v_thresh=0.3414 (428s)
[dvsgesture] epoch 76/250 loss=0.5096 train_acc=0.8042 v_thresh=0.3383 (434s)
[dvsgesture] epoch 77/250 loss=0.4924 train_acc=0.8313 v_thresh=0.3365 (439s)
[dvsgesture] epoch 78/250 loss=0.4748 train_acc=0.8438 v_thresh=0.3344 (444s)
[dvsgesture] epoch 79/250 loss=0.4755 train_acc=0.8354 v_thresh=0.3324 (450s)
[dvsgesture] epoch 80/250 loss=0.4645 train_acc=0.8583 test_acc=0.5542 v_thresh=0.3300 (457s)
[dvsgesture] epoch 81/250 loss=0.4667 train_acc=0.8354 v_thresh=0.3282 (462s)
[dvsgesture] epoch 82/250 loss=0.4639 train_acc=0.8427 v_thresh=0.3258 (467s)
[dvsgesture] epoch 83/250 loss=0.4449 train_acc=0.8490 v_thresh=0.3238 (473s)
[dvsgesture] epoch 84/250 loss=0.4425 train_acc=0.8542 v_thresh=0.3222 (478s)
[dvsgesture] epoch 85/250 loss=0.4485 train_acc=0.8479 test_acc=0.5583 v_thresh=0.3199 (485s)
[dvsgesture] epoch 86/250 loss=0.4399 train_acc=0.8500 v_thresh=0.3180 (490s)
[dvsgesture] epoch 87/250 loss=0.4339 train_acc=0.8667 v_thresh=0.3159 (496s)
[dvsgesture] epoch 88/250 loss=0.4326 train_acc=0.8729 v_thresh=0.3143 (501s)
[dvsgesture] epoch 89/250 loss=0.4306 train_acc=0.8688 v_thresh=0.3125 (506s)
[dvsgesture] epoch 90/250 loss=0.4490 train_acc=0.8573 test_acc=0.5292 v_thresh=0.3109 (513s)
[dvsgesture] epoch 91/250 loss=0.4406 train_acc=0.8625 v_thresh=0.3089 (519s)
[dvsgesture] epoch 92/250 loss=0.4308 train_acc=0.8688 v_thresh=0.3059 (524s)
[dvsgesture] epoch 93/250 loss=0.4262 train_acc=0.8656 v_thresh=0.3059 (529s)
[dvsgesture] epoch 94/250 loss=0.4481 train_acc=0.8604 v_thresh=0.3038 (535s)
[dvsgesture] epoch 95/250 loss=0.4237 train_acc=0.8750 test_acc=0.5458 v_thresh=0.3028 (542s)
[dvsgesture] epoch 96/250 loss=0.4175 train_acc=0.8781 v_thresh=0.3017 (547s)
[dvsgesture] epoch 97/250 loss=0.4023 train_acc=0.8771 v_thresh=0.3006 (552s)
[dvsgesture] epoch 98/250 loss=0.4072 train_acc=0.8688 v_thresh=0.2989 (557s)
[dvsgesture] epoch 99/250 loss=0.4164 train_acc=0.8750 v_thresh=0.2971 (563s)
[dvsgesture] epoch 100/250 loss=0.4013 train_acc=0.8792 test_acc=0.5625 v_thresh=0.2964 (570s)
[dvsgesture] epoch 101/250 loss=0.4041 train_acc=0.8792 v_thresh=0.2957 (575s)
[dvsgesture] epoch 102/250 loss=0.3896 train_acc=0.9073 v_thresh=0.2949 (580s)
[dvsgesture] epoch 103/250 loss=0.3930 train_acc=0.8833 v_thresh=0.2943 (586s)
[dvsgesture] epoch 104/250 loss=0.4038 train_acc=0.8781 v_thresh=0.2927 (591s)
[dvsgesture] epoch 105/250 loss=0.4008 train_acc=0.8635 test_acc=0.5708 v_thresh=0.2919 (598s)
[dvsgesture] epoch 106/250 loss=0.3856 train_acc=0.8938 v_thresh=0.2911 (603s)
[dvsgesture] epoch 107/250 loss=0.3680 train_acc=0.9125 v_thresh=0.2913 (609s)
[dvsgesture] epoch 108/250 loss=0.4023 train_acc=0.8802 v_thresh=0.2898 (614s)
[dvsgesture] epoch 109/250 loss=0.3708 train_acc=0.8990 v_thresh=0.2890 (619s)
[dvsgesture] epoch 110/250 loss=0.3817 train_acc=0.8958 test_acc=0.5625 v_thresh=0.2882 (626s)
[dvsgesture] epoch 111/250 loss=0.3782 train_acc=0.8979 v_thresh=0.2873 (632s)
[dvsgesture] epoch 112/250 loss=0.3711 train_acc=0.9094 v_thresh=0.2857 (637s)
[dvsgesture] epoch 113/250 loss=0.3569 train_acc=0.9010 v_thresh=0.2845 (643s)
[dvsgesture] epoch 114/250 loss=0.3569 train_acc=0.9052 v_thresh=0.2837 (648s)
[dvsgesture] epoch 115/250 loss=0.3592 train_acc=0.9094 test_acc=0.5542 v_thresh=0.2826 (655s)
[dvsgesture] epoch 116/250 loss=0.3650 train_acc=0.9125 v_thresh=0.2820 (661s)
[dvsgesture] epoch 117/250 loss=0.3614 train_acc=0.9031 v_thresh=0.2804 (666s)
[dvsgesture] epoch 118/250 loss=0.3604 train_acc=0.9042 v_thresh=0.2796 (671s)
[dvsgesture] epoch 119/250 loss=0.3684 train_acc=0.9094 v_thresh=0.2790 (676s)
[dvsgesture] epoch 120/250 loss=0.3561 train_acc=0.9052 test_acc=0.5667 v_thresh=0.2784 (684s)
[dvsgesture] epoch 121/250 loss=0.3669 train_acc=0.8938 v_thresh=0.2781 (689s)
[dvsgesture] epoch 122/250 loss=0.3659 train_acc=0.8927 v_thresh=0.2776 (694s)
[dvsgesture] epoch 123/250 loss=0.3470 train_acc=0.9125 v_thresh=0.2761 (699s)
[dvsgesture] epoch 124/250 loss=0.3608 train_acc=0.9062 v_thresh=0.2753 (705s)
[dvsgesture] epoch 125/250 loss=0.3557 train_acc=0.9208 test_acc=0.5542 v_thresh=0.2749 (712s)
[dvsgesture] epoch 126/250 loss=0.3622 train_acc=0.9031 v_thresh=0.2742 (717s)
[dvsgesture] epoch 127/250 loss=0.3575 train_acc=0.9177 v_thresh=0.2738 (722s)
[dvsgesture] epoch 128/250 loss=0.3444 train_acc=0.9271 v_thresh=0.2724 (728s)
[dvsgesture] epoch 129/250 loss=0.3550 train_acc=0.9135 v_thresh=0.2718 (733s)
[dvsgesture] epoch 130/250 loss=0.3490 train_acc=0.9062 test_acc=0.5667 v_thresh=0.2713 (740s)
[dvsgesture] epoch 131/250 loss=0.3510 train_acc=0.9146 v_thresh=0.2715 (745s)
[dvsgesture] epoch 132/250 loss=0.3427 train_acc=0.9187 v_thresh=0.2711 (751s)
[dvsgesture] epoch 133/250 loss=0.3638 train_acc=0.8906 v_thresh=0.2703 (756s)
[dvsgesture] epoch 134/250 loss=0.3584 train_acc=0.9062 v_thresh=0.2690 (761s)
[dvsgesture] epoch 135/250 loss=0.3574 train_acc=0.8958 test_acc=0.5458 v_thresh=0.2682 (768s)
[dvsgesture] epoch 136/250 loss=0.3483 train_acc=0.9073 v_thresh=0.2687 (773s)
[dvsgesture] epoch 137/250 loss=0.3418 train_acc=0.9167 v_thresh=0.2689 (779s)
[dvsgesture] epoch 138/250 loss=0.3415 train_acc=0.9219 v_thresh=0.2688 (784s)
[dvsgesture] epoch 139/250 loss=0.3381 train_acc=0.9187 v_thresh=0.2682 (789s)
[dvsgesture] epoch 140/250 loss=0.3269 train_acc=0.9198 test_acc=0.5792 v_thresh=0.2678 (796s)
[dvsgesture] epoch 141/250 loss=0.3389 train_acc=0.9198 v_thresh=0.2668 (802s)
[dvsgesture] epoch 142/250 loss=0.3443 train_acc=0.9042 v_thresh=0.2678 (807s)
[dvsgesture] epoch 143/250 loss=0.3646 train_acc=0.8896 v_thresh=0.2676 (812s)
[dvsgesture] epoch 144/250 loss=0.3545 train_acc=0.9125 v_thresh=0.2675 (818s)
[dvsgesture] epoch 145/250 loss=0.3510 train_acc=0.8979 test_acc=0.5792 v_thresh=0.2676 (825s)
[dvsgesture] epoch 146/250 loss=0.3427 train_acc=0.9104 v_thresh=0.2668 (830s)
[dvsgesture] epoch 147/250 loss=0.3254 train_acc=0.9198 v_thresh=0.2671 (835s)
[dvsgesture] epoch 148/250 loss=0.3292 train_acc=0.9229 v_thresh=0.2675 (841s)
[dvsgesture] epoch 149/250 loss=0.3379 train_acc=0.9125 v_thresh=0.2657 (846s)
[dvsgesture] epoch 150/250 loss=0.3104 train_acc=0.9396 test_acc=0.5667 v_thresh=0.2660 (853s)
[dvsgesture] epoch 151/250 loss=0.3413 train_acc=0.9187 v_thresh=0.2655 (858s)
[dvsgesture] epoch 152/250 loss=0.3338 train_acc=0.9125 v_thresh=0.2657 (864s)
[dvsgesture] epoch 153/250 loss=0.3444 train_acc=0.9010 v_thresh=0.2648 (869s)
[dvsgesture] epoch 154/250 loss=0.3127 train_acc=0.9302 v_thresh=0.2646 (874s)
[dvsgesture] epoch 155/250 loss=0.3299 train_acc=0.9156 test_acc=0.6042 v_thresh=0.2642 (881s)
[dvsgesture] epoch 156/250 loss=0.3262 train_acc=0.9260 v_thresh=0.2646 (887s)
[dvsgesture] epoch 157/250 loss=0.3204 train_acc=0.9375 v_thresh=0.2636 (892s)
[dvsgesture] epoch 158/250 loss=0.3264 train_acc=0.9146 v_thresh=0.2638 (897s)
[dvsgesture] epoch 159/250 loss=0.3222 train_acc=0.9260 v_thresh=0.2637 (903s)
[dvsgesture] epoch 160/250 loss=0.3298 train_acc=0.9281 test_acc=0.6000 v_thresh=0.2644 (910s)
[dvsgesture] epoch 161/250 loss=0.3300 train_acc=0.9156 v_thresh=0.2636 (915s)
[dvsgesture] epoch 162/250 loss=0.3100 train_acc=0.9375 v_thresh=0.2637 (920s)
[dvsgesture] epoch 163/250 loss=0.3188 train_acc=0.9323 v_thresh=0.2638 (925s)
[dvsgesture] epoch 164/250 loss=0.3087 train_acc=0.9344 v_thresh=0.2634 (931s)
[dvsgesture] epoch 165/250 loss=0.3064 train_acc=0.9292 test_acc=0.5917 v_thresh=0.2633 (938s)
[dvsgesture] epoch 166/250 loss=0.3156 train_acc=0.9323 v_thresh=0.2634 (943s)
[dvsgesture] epoch 167/250 loss=0.3324 train_acc=0.9208 v_thresh=0.2630 (948s)
[dvsgesture] epoch 168/250 loss=0.3175 train_acc=0.9302 v_thresh=0.2634 (954s)
[dvsgesture] epoch 169/250 loss=0.3129 train_acc=0.9406 v_thresh=0.2627 (959s)
[dvsgesture] epoch 170/250 loss=0.3082 train_acc=0.9344 test_acc=0.5958 v_thresh=0.2622 (966s)
[dvsgesture] epoch 171/250 loss=0.3131 train_acc=0.9417 v_thresh=0.2633 (972s)
[dvsgesture] epoch 172/250 loss=0.3130 train_acc=0.9292 v_thresh=0.2632 (977s)
[dvsgesture] epoch 173/250 loss=0.3038 train_acc=0.9417 v_thresh=0.2633 (982s)
[dvsgesture] epoch 174/250 loss=0.3059 train_acc=0.9375 v_thresh=0.2634 (987s)
[dvsgesture] epoch 175/250 loss=0.3077 train_acc=0.9302 test_acc=0.5833 v_thresh=0.2636 (994s)
[dvsgesture] epoch 176/250 loss=0.3051 train_acc=0.9448 v_thresh=0.2640 (1000s)
[dvsgesture] epoch 177/250 loss=0.3053 train_acc=0.9437 v_thresh=0.2639 (1005s)
[dvsgesture] epoch 178/250 loss=0.3071 train_acc=0.9333 v_thresh=0.2637 (1010s)
[dvsgesture] epoch 179/250 loss=0.3141 train_acc=0.9302 v_thresh=0.2639 (1016s)
[dvsgesture] epoch 180/250 loss=0.3280 train_acc=0.9177 test_acc=0.5833 v_thresh=0.2633 (1023s)
[dvsgesture] epoch 181/250 loss=0.3265 train_acc=0.9240 v_thresh=0.2638 (1028s)
[dvsgesture] epoch 182/250 loss=0.3041 train_acc=0.9354 v_thresh=0.2634 (1033s)
[dvsgesture] epoch 183/250 loss=0.3093 train_acc=0.9313 v_thresh=0.2638 (1039s)
[dvsgesture] epoch 184/250 loss=0.3039 train_acc=0.9302 v_thresh=0.2645 (1044s)
[dvsgesture] epoch 185/250 loss=0.3153 train_acc=0.9187 test_acc=0.5833 v_thresh=0.2643 (1051s)
[dvsgesture] epoch 186/250 loss=0.3134 train_acc=0.9219 v_thresh=0.2645 (1057s)
[dvsgesture] epoch 187/250 loss=0.3000 train_acc=0.9365 v_thresh=0.2640 (1062s)
[dvsgesture] epoch 188/250 loss=0.3001 train_acc=0.9344 v_thresh=0.2638 (1067s)
[dvsgesture] epoch 189/250 loss=0.2963 train_acc=0.9417 v_thresh=0.2647 (1072s)
[dvsgesture] epoch 190/250 loss=0.3011 train_acc=0.9354 test_acc=0.6000 v_thresh=0.2642 (1080s)
[dvsgesture] epoch 191/250 loss=0.2978 train_acc=0.9375 v_thresh=0.2653 (1085s)
[dvsgesture] epoch 192/250 loss=0.2994 train_acc=0.9354 v_thresh=0.2646 (1090s)
[dvsgesture] epoch 193/250 loss=0.2974 train_acc=0.9469 v_thresh=0.2649 (1096s)
[dvsgesture] epoch 194/250 loss=0.2892 train_acc=0.9458 v_thresh=0.2655 (1101s)
[dvsgesture] epoch 195/250 loss=0.2769 train_acc=0.9552 test_acc=0.5792 v_thresh=0.2645 (1108s)
[dvsgesture] epoch 196/250 loss=0.2883 train_acc=0.9458 v_thresh=0.2648 (1113s)
[dvsgesture] epoch 197/250 loss=0.2901 train_acc=0.9552 v_thresh=0.2644 (1119s)
[dvsgesture] epoch 198/250 loss=0.2944 train_acc=0.9396 v_thresh=0.2653 (1124s)
[dvsgesture] epoch 199/250 loss=0.2840 train_acc=0.9542 v_thresh=0.2642 (1129s)
[dvsgesture] epoch 200/250 loss=0.2812 train_acc=0.9542 test_acc=0.5875 v_thresh=0.2645 (1136s)
[dvsgesture] epoch 201/250 loss=0.2902 train_acc=0.9542 v_thresh=0.2642 (1142s)
[dvsgesture] epoch 202/250 loss=0.2991 train_acc=0.9375 v_thresh=0.2640 (1147s)
[dvsgesture] epoch 203/250 loss=0.2893 train_acc=0.9396 v_thresh=0.2640 (1152s)
[dvsgesture] epoch 204/250 loss=0.2950 train_acc=0.9365 v_thresh=0.2639 (1157s)
[dvsgesture] epoch 205/250 loss=0.2994 train_acc=0.9344 test_acc=0.6042 v_thresh=0.2636 (1165s)
[dvsgesture] epoch 206/250 loss=0.2853 train_acc=0.9396 v_thresh=0.2631 (1170s)
[dvsgesture] epoch 207/250 loss=0.2893 train_acc=0.9552 v_thresh=0.2627 (1175s)
[dvsgesture] epoch 208/250 loss=0.2715 train_acc=0.9604 v_thresh=0.2632 (1180s)
[dvsgesture] epoch 209/250 loss=0.2880 train_acc=0.9490 v_thresh=0.2630 (1186s)
[dvsgesture] epoch 210/250 loss=0.2886 train_acc=0.9385 test_acc=0.5958 v_thresh=0.2629 (1193s)
[dvsgesture] epoch 211/250 loss=0.2988 train_acc=0.9458 v_thresh=0.2624 (1198s)
[dvsgesture] epoch 212/250 loss=0.2775 train_acc=0.9583 v_thresh=0.2628 (1203s)
[dvsgesture] epoch 213/250 loss=0.2827 train_acc=0.9469 v_thresh=0.2623 (1208s)
[dvsgesture] epoch 214/250 loss=0.2751 train_acc=0.9635 v_thresh=0.2618 (1214s)
[dvsgesture] epoch 215/250 loss=0.2779 train_acc=0.9531 test_acc=0.6000 v_thresh=0.2620 (1221s)
[dvsgesture] epoch 216/250 loss=0.2858 train_acc=0.9510 v_thresh=0.2620 (1226s)
[dvsgesture] epoch 217/250 loss=0.2856 train_acc=0.9521 v_thresh=0.2612 (1231s)
[dvsgesture] epoch 218/250 loss=0.2847 train_acc=0.9552 v_thresh=0.2612 (1237s)
[dvsgesture] epoch 219/250 loss=0.2943 train_acc=0.9542 v_thresh=0.2606 (1242s)
[dvsgesture] epoch 220/250 loss=0.2945 train_acc=0.9333 test_acc=0.5875 v_thresh=0.2611 (1249s)
[dvsgesture] epoch 221/250 loss=0.2893 train_acc=0.9490 v_thresh=0.2607 (1255s)
[dvsgesture] epoch 222/250 loss=0.2813 train_acc=0.9542 v_thresh=0.2613 (1260s)
[dvsgesture] epoch 223/250 loss=0.2808 train_acc=0.9510 v_thresh=0.2612 (1265s)
[dvsgesture] epoch 224/250 loss=0.2864 train_acc=0.9427 v_thresh=0.2610 (1271s)
[dvsgesture] epoch 225/250 loss=0.2966 train_acc=0.9396 test_acc=0.5542 v_thresh=0.2607 (1278s)
[dvsgesture] epoch 226/250 loss=0.2840 train_acc=0.9510 v_thresh=0.2610 (1283s)
[dvsgesture] epoch 227/250 loss=0.2905 train_acc=0.9469 v_thresh=0.2610 (1288s)
[dvsgesture] epoch 228/250 loss=0.2801 train_acc=0.9521 v_thresh=0.2605 (1294s)
[dvsgesture] epoch 229/250 loss=0.2826 train_acc=0.9573 v_thresh=0.2607 (1299s)
[dvsgesture] epoch 230/250 loss=0.2848 train_acc=0.9573 test_acc=0.5625 v_thresh=0.2608 (1306s)
[dvsgesture] epoch 231/250 loss=0.2753 train_acc=0.9583 v_thresh=0.2605 (1311s)
[dvsgesture] epoch 232/250 loss=0.2917 train_acc=0.9427 v_thresh=0.2610 (1317s)
[dvsgesture] epoch 233/250 loss=0.2786 train_acc=0.9563 v_thresh=0.2607 (1322s)
[dvsgesture] epoch 234/250 loss=0.2795 train_acc=0.9552 v_thresh=0.2605 (1327s)
[dvsgesture] epoch 235/250 loss=0.2922 train_acc=0.9385 test_acc=0.5708 v_thresh=0.2607 (1335s)
[dvsgesture] epoch 236/250 loss=0.2796 train_acc=0.9604 v_thresh=0.2612 (1340s)
[dvsgesture] epoch 237/250 loss=0.2764 train_acc=0.9448 v_thresh=0.2610 (1345s)
[dvsgesture] epoch 238/250 loss=0.2810 train_acc=0.9573 v_thresh=0.2613 (1350s)
[dvsgesture] epoch 239/250 loss=0.2819 train_acc=0.9490 v_thresh=0.2609 (1356s)
[dvsgesture] epoch 240/250 loss=0.2828 train_acc=0.9417 test_acc=0.5917 v_thresh=0.2604 (1363s)
[dvsgesture] epoch 241/250 loss=0.2797 train_acc=0.9479 v_thresh=0.2609 (1368s)
[dvsgesture] epoch 242/250 loss=0.3011 train_acc=0.9427 v_thresh=0.2606 (1373s)
[dvsgesture] epoch 243/250 loss=0.2673 train_acc=0.9615 v_thresh=0.2605 (1378s)
[dvsgesture] epoch 244/250 loss=0.2844 train_acc=0.9531 v_thresh=0.2607 (1384s)
[dvsgesture] epoch 245/250 loss=0.2900 train_acc=0.9406 test_acc=0.5667 v_thresh=0.2601 (1391s)
[dvsgesture] epoch 246/250 loss=0.2802 train_acc=0.9490 v_thresh=0.2604 (1396s)
[dvsgesture] epoch 247/250 loss=0.2824 train_acc=0.9448 v_thresh=0.2600 (1401s)
[dvsgesture] epoch 248/250 loss=0.2706 train_acc=0.9646 v_thresh=0.2594 (1407s)
[dvsgesture] epoch 249/250 loss=0.2658 train_acc=0.9594 v_thresh=0.2593 (1412s)
[dvsgesture] epoch 250/250 loss=0.2709 train_acc=0.9479 test_acc=0.5875 v_thresh=0.2588 (1419s)
[dvsgesture] FINAL(last-epoch)=0.5875 BEST(epoch 155)=0.6042
fatal: not a git repository (or any of the parent directories): .git
[dvsgesture] wrote /home/ihs24/Desktop/CiM-HDC/phase1_firing_characterization/artifacts/rasters/dvsgesture_n20_T100_seed0.npz
[dvsgesture] wrote sidecar json
