[exp1_raw_calibrated] subtrain=769 val=210 test=240
[exp1_raw_calibrated] calibrated v_thresh_init=14.5709
[exp1_raw_calibrated] epoch 1/150 loss=1.7058 train_acc=0.4062 v_thresh=14.5744 (5s)
[exp1_raw_calibrated] epoch 2/150 loss=0.9489 train_acc=0.6315 v_thresh=14.5696 (9s)
[exp1_raw_calibrated] epoch 3/150 loss=0.7989 train_acc=0.7018 v_thresh=14.5693 (14s)
[exp1_raw_calibrated] epoch 4/150 loss=0.7464 train_acc=0.6914 v_thresh=14.5683 (18s)
[exp1_raw_calibrated] epoch 5/150 loss=0.6980 train_acc=0.7305 val_acc=0.5381 v_thresh=14.5593 (24s)
[exp1_raw_calibrated] epoch 6/150 loss=0.6554 train_acc=0.7604 v_thresh=14.5586 (28s)
[exp1_raw_calibrated] epoch 7/150 loss=0.6126 train_acc=0.7865 v_thresh=14.5589 (33s)
[exp1_raw_calibrated] epoch 8/150 loss=0.5548 train_acc=0.8021 v_thresh=14.5592 (37s)
[exp1_raw_calibrated] epoch 9/150 loss=0.5763 train_acc=0.7865 v_thresh=14.5594 (42s)
[exp1_raw_calibrated] epoch 10/150 loss=0.6108 train_acc=0.7786 val_acc=0.5714 v_thresh=14.5517 (47s)
[exp1_raw_calibrated] epoch 11/150 loss=0.6560 train_acc=0.7930 v_thresh=14.5484 (51s)
[exp1_raw_calibrated] epoch 12/150 loss=0.6038 train_acc=0.7982 v_thresh=14.5481 (56s)
[exp1_raw_calibrated] epoch 13/150 loss=0.6007 train_acc=0.7878 v_thresh=14.5481 (60s)
[exp1_raw_calibrated] epoch 14/150 loss=0.5865 train_acc=0.7930 v_thresh=14.5481 (64s)
[exp1_raw_calibrated] epoch 15/150 loss=0.6093 train_acc=0.7695 val_acc=0.5667 v_thresh=14.5481 (70s)
[exp1_raw_calibrated] epoch 16/150 loss=0.5219 train_acc=0.8229 v_thresh=14.5479 (74s)
[exp1_raw_calibrated] epoch 17/150 loss=0.5239 train_acc=0.8203 v_thresh=14.5479 (78s)
[exp1_raw_calibrated] epoch 18/150 loss=0.6013 train_acc=0.7995 v_thresh=14.5479 (83s)
[exp1_raw_calibrated] epoch 19/150 loss=0.5464 train_acc=0.8086 v_thresh=14.5479 (87s)
[exp1_raw_calibrated] epoch 20/150 loss=0.5180 train_acc=0.8151 val_acc=0.5952 v_thresh=14.5479 (92s)
[exp1_raw_calibrated] epoch 21/150 loss=0.4641 train_acc=0.8398 v_thresh=14.5479 (97s)
[exp1_raw_calibrated] epoch 22/150 loss=0.5396 train_acc=0.8125 v_thresh=14.5476 (101s)
[exp1_raw_calibrated] epoch 23/150 loss=0.6871 train_acc=0.7487 v_thresh=14.5476 (105s)
[exp1_raw_calibrated] epoch 24/150 loss=0.6136 train_acc=0.7956 v_thresh=14.5476 (110s)
[exp1_raw_calibrated] epoch 25/150 loss=0.6637 train_acc=0.7721 val_acc=0.5524 v_thresh=14.5476 (115s)
[exp1_raw_calibrated] epoch 26/150 loss=0.6347 train_acc=0.7721 v_thresh=14.5476 (119s)
[exp1_raw_calibrated] epoch 27/150 loss=0.5938 train_acc=0.7799 v_thresh=14.5476 (123s)
[exp1_raw_calibrated] epoch 28/150 loss=0.4980 train_acc=0.8411 v_thresh=14.5476 (128s)
[exp1_raw_calibrated] epoch 29/150 loss=0.4657 train_acc=0.8529 v_thresh=14.5476 (132s)
[exp1_raw_calibrated] epoch 30/150 loss=0.4462 train_acc=0.8815 val_acc=0.5905 v_thresh=14.5476 (138s)
[exp1_raw_calibrated] epoch 31/150 loss=0.4595 train_acc=0.8633 v_thresh=14.5477 (142s)
[exp1_raw_calibrated] epoch 32/150 loss=0.4278 train_acc=0.8711 v_thresh=14.5477 (146s)
[exp1_raw_calibrated] epoch 33/150 loss=0.4514 train_acc=0.8529 v_thresh=14.5477 (151s)
[exp1_raw_calibrated] epoch 34/150 loss=0.5391 train_acc=0.8112 v_thresh=14.5536 (155s)
[exp1_raw_calibrated] epoch 35/150 loss=0.5117 train_acc=0.8229 val_acc=0.5524 v_thresh=14.5544 (160s)
[exp1_raw_calibrated] epoch 36/150 loss=0.4882 train_acc=0.8529 v_thresh=14.5545 (165s)
[exp1_raw_calibrated] epoch 37/150 loss=0.5127 train_acc=0.8216 v_thresh=14.5546 (169s)
[exp1_raw_calibrated] epoch 38/150 loss=0.4977 train_acc=0.8398 v_thresh=14.5545 (173s)
[exp1_raw_calibrated] epoch 39/150 loss=0.5318 train_acc=0.8190 v_thresh=14.5545 (178s)
[exp1_raw_calibrated] epoch 40/150 loss=0.4963 train_acc=0.8451 val_acc=0.6286 v_thresh=14.5545 (183s)
[exp1_raw_calibrated] epoch 41/150 loss=0.4112 train_acc=0.8984 v_thresh=14.5545 (187s)
[exp1_raw_calibrated] epoch 42/150 loss=0.4130 train_acc=0.8893 v_thresh=14.5546 (192s)
[exp1_raw_calibrated] epoch 43/150 loss=0.4023 train_acc=0.8880 v_thresh=14.5546 (196s)
[exp1_raw_calibrated] epoch 44/150 loss=0.4333 train_acc=0.8503 v_thresh=14.5546 (200s)
[exp1_raw_calibrated] epoch 45/150 loss=0.4197 train_acc=0.8789 val_acc=0.5714 v_thresh=14.5546 (206s)
[exp1_raw_calibrated] epoch 46/150 loss=0.4107 train_acc=0.8854 v_thresh=14.5547 (210s)
[exp1_raw_calibrated] epoch 47/150 loss=0.4519 train_acc=0.8802 v_thresh=14.5547 (214s)
[exp1_raw_calibrated] epoch 48/150 loss=0.4610 train_acc=0.8737 v_thresh=14.5547 (218s)
[exp1_raw_calibrated] epoch 49/150 loss=0.5212 train_acc=0.8411 v_thresh=14.5547 (223s)
[exp1_raw_calibrated] epoch 50/150 loss=0.4814 train_acc=0.8620 val_acc=0.5476 v_thresh=14.5546 (228s)
[exp1_raw_calibrated] epoch 51/150 loss=0.4468 train_acc=0.8763 v_thresh=14.5546 (232s)
[exp1_raw_calibrated] epoch 52/150 loss=0.4741 train_acc=0.8659 v_thresh=14.5546 (236s)
[exp1_raw_calibrated] epoch 53/150 loss=0.4379 train_acc=0.8906 v_thresh=14.5546 (241s)
[exp1_raw_calibrated] epoch 54/150 loss=0.4407 train_acc=0.8776 v_thresh=14.5546 (245s)
[exp1_raw_calibrated] epoch 55/150 loss=0.4258 train_acc=0.8958 val_acc=0.6476 v_thresh=14.5549 (250s)
[exp1_raw_calibrated] epoch 56/150 loss=0.4144 train_acc=0.8685 v_thresh=14.5550 (255s)
[exp1_raw_calibrated] epoch 57/150 loss=0.3862 train_acc=0.8984 v_thresh=14.5552 (259s)
[exp1_raw_calibrated] epoch 58/150 loss=0.4157 train_acc=0.8906 v_thresh=14.5581 (263s)
[exp1_raw_calibrated] epoch 59/150 loss=0.4738 train_acc=0.8646 v_thresh=14.5590 (268s)
[exp1_raw_calibrated] epoch 60/150 loss=0.5120 train_acc=0.8451 val_acc=0.5476 v_thresh=14.5591 (273s)
[exp1_raw_calibrated] epoch 61/150 loss=0.4796 train_acc=0.8424 v_thresh=14.5591 (277s)
[exp1_raw_calibrated] epoch 62/150 loss=0.4910 train_acc=0.8438 v_thresh=14.5590 (282s)
[exp1_raw_calibrated] epoch 63/150 loss=0.4907 train_acc=0.8685 v_thresh=14.5591 (286s)
[exp1_raw_calibrated] epoch 64/150 loss=0.5032 train_acc=0.8464 v_thresh=14.5591 (290s)
[exp1_raw_calibrated] epoch 65/150 loss=0.5002 train_acc=0.8411 val_acc=0.6143 v_thresh=14.5591 (296s)
[exp1_raw_calibrated] epoch 66/150 loss=0.5261 train_acc=0.8216 v_thresh=14.5590 (300s)
[exp1_raw_calibrated] epoch 67/150 loss=0.5405 train_acc=0.8060 v_thresh=14.5591 (304s)
[exp1_raw_calibrated] epoch 68/150 loss=0.5198 train_acc=0.8216 v_thresh=14.5591 (309s)
[exp1_raw_calibrated] epoch 69/150 loss=0.5789 train_acc=0.7878 v_thresh=14.5589 (313s)
[exp1_raw_calibrated] epoch 70/150 loss=0.5828 train_acc=0.8034 val_acc=0.6238 v_thresh=14.5589 (318s)
[exp1_raw_calibrated] epoch 71/150 loss=0.5368 train_acc=0.8385 v_thresh=14.5586 (323s)
[exp1_raw_calibrated] epoch 72/150 loss=0.5696 train_acc=0.8099 v_thresh=14.5581 (327s)
[exp1_raw_calibrated] epoch 73/150 loss=0.6131 train_acc=0.7943 v_thresh=14.5581 (331s)
[exp1_raw_calibrated] epoch 74/150 loss=0.6114 train_acc=0.7656 v_thresh=14.5581 (336s)
[exp1_raw_calibrated] epoch 75/150 loss=0.5375 train_acc=0.8268 val_acc=0.6524 v_thresh=14.5581 (341s)
[exp1_raw_calibrated] epoch 76/150 loss=0.5405 train_acc=0.8203 v_thresh=14.5581 (345s)
[exp1_raw_calibrated] epoch 77/150 loss=0.6002 train_acc=0.7878 v_thresh=14.5581 (350s)
[exp1_raw_calibrated] epoch 78/150 loss=0.5375 train_acc=0.8151 v_thresh=14.5581 (354s)
[exp1_raw_calibrated] epoch 79/150 loss=0.4864 train_acc=0.8607 v_thresh=14.5581 (358s)
[exp1_raw_calibrated] epoch 80/150 loss=0.4913 train_acc=0.8385 val_acc=0.6762 v_thresh=14.5581 (364s)
[exp1_raw_calibrated] epoch 81/150 loss=0.4531 train_acc=0.8802 v_thresh=14.5581 (368s)
[exp1_raw_calibrated] epoch 82/150 loss=0.4815 train_acc=0.8281 v_thresh=14.5581 (372s)
[exp1_raw_calibrated] epoch 83/150 loss=0.4699 train_acc=0.8359 v_thresh=14.5581 (376s)
[exp1_raw_calibrated] epoch 84/150 loss=0.4423 train_acc=0.8750 v_thresh=14.5580 (381s)
[exp1_raw_calibrated] epoch 85/150 loss=0.4488 train_acc=0.8581 val_acc=0.6857 v_thresh=14.5580 (386s)
[exp1_raw_calibrated] epoch 86/150 loss=0.4474 train_acc=0.8490 v_thresh=14.5581 (390s)
[exp1_raw_calibrated] epoch 87/150 loss=0.4159 train_acc=0.8854 v_thresh=14.5581 (395s)
[exp1_raw_calibrated] epoch 88/150 loss=0.4188 train_acc=0.8776 v_thresh=14.5581 (399s)
[exp1_raw_calibrated] epoch 89/150 loss=0.4164 train_acc=0.8945 v_thresh=14.5581 (403s)
[exp1_raw_calibrated] epoch 90/150 loss=0.4144 train_acc=0.8932 val_acc=0.6857 v_thresh=14.5581 (409s)
[exp1_raw_calibrated] epoch 91/150 loss=0.3973 train_acc=0.8750 v_thresh=14.5581 (413s)
[exp1_raw_calibrated] epoch 92/150 loss=0.3895 train_acc=0.8880 v_thresh=14.5582 (418s)
[exp1_raw_calibrated] epoch 93/150 loss=0.3872 train_acc=0.8906 v_thresh=14.5582 (422s)
[exp1_raw_calibrated] epoch 94/150 loss=0.3895 train_acc=0.8724 v_thresh=14.5582 (426s)
[exp1_raw_calibrated] epoch 95/150 loss=0.3849 train_acc=0.8828 val_acc=0.6762 v_thresh=14.5582 (432s)
[exp1_raw_calibrated] epoch 96/150 loss=0.3857 train_acc=0.8672 v_thresh=14.5582 (436s)
[exp1_raw_calibrated] epoch 97/150 loss=0.3658 train_acc=0.8958 v_thresh=14.5582 (440s)
[exp1_raw_calibrated] epoch 98/150 loss=0.3756 train_acc=0.8750 v_thresh=14.5582 (445s)
[exp1_raw_calibrated] epoch 99/150 loss=0.3743 train_acc=0.8893 v_thresh=14.5582 (449s)
[exp1_raw_calibrated] epoch 100/150 loss=0.3580 train_acc=0.8893 val_acc=0.6810 v_thresh=14.5582 (454s)
[exp1_raw_calibrated] epoch 101/150 loss=0.3640 train_acc=0.8958 v_thresh=14.5582 (458s)
[exp1_raw_calibrated] epoch 102/150 loss=0.3719 train_acc=0.9023 v_thresh=14.5582 (463s)
[exp1_raw_calibrated] epoch 103/150 loss=0.3668 train_acc=0.8997 v_thresh=14.5582 (467s)
[exp1_raw_calibrated] epoch 104/150 loss=0.3929 train_acc=0.8828 v_thresh=14.5582 (471s)
[exp1_raw_calibrated] epoch 105/150 loss=0.3750 train_acc=0.8919 val_acc=0.6714 v_thresh=14.5582 (477s)
[exp1_raw_calibrated] epoch 106/150 loss=0.3449 train_acc=0.9062 v_thresh=14.5582 (481s)
[exp1_raw_calibrated] epoch 107/150 loss=0.3453 train_acc=0.8997 v_thresh=14.5582 (485s)
[exp1_raw_calibrated] epoch 108/150 loss=0.3435 train_acc=0.8984 v_thresh=14.5583 (489s)
[exp1_raw_calibrated] epoch 109/150 loss=0.4409 train_acc=0.8659 v_thresh=14.5581 (494s)
[exp1_raw_calibrated] epoch 110/150 loss=0.4195 train_acc=0.9023 val_acc=0.6524 v_thresh=14.5582 (499s)
[exp1_raw_calibrated] epoch 111/150 loss=0.4276 train_acc=0.8724 v_thresh=14.5582 (503s)
[exp1_raw_calibrated] epoch 112/150 loss=0.4064 train_acc=0.8945 v_thresh=14.5582 (507s)
[exp1_raw_calibrated] epoch 113/150 loss=0.4409 train_acc=0.8711 v_thresh=14.5583 (512s)
[exp1_raw_calibrated] epoch 114/150 loss=0.4412 train_acc=0.8646 v_thresh=14.5583 (516s)
[exp1_raw_calibrated] epoch 115/150 loss=0.3840 train_acc=0.9076 val_acc=0.6857 v_thresh=14.5582 (521s)
[exp1_raw_calibrated] epoch 116/150 loss=0.3953 train_acc=0.8945 v_thresh=14.5582 (526s)
[exp1_raw_calibrated] epoch 117/150 loss=0.3850 train_acc=0.8971 v_thresh=14.5582 (530s)
[exp1_raw_calibrated] epoch 118/150 loss=0.4009 train_acc=0.8620 v_thresh=14.5581 (534s)
[exp1_raw_calibrated] epoch 119/150 loss=0.3794 train_acc=0.8893 v_thresh=14.5581 (539s)
[exp1_raw_calibrated] epoch 120/150 loss=0.4282 train_acc=0.8542 val_acc=0.6714 v_thresh=14.5582 (544s)
[exp1_raw_calibrated] epoch 121/150 loss=0.4301 train_acc=0.8698 v_thresh=14.5582 (548s)
[exp1_raw_calibrated] epoch 122/150 loss=0.3773 train_acc=0.9049 v_thresh=14.5582 (552s)
[exp1_raw_calibrated] epoch 123/150 loss=0.3693 train_acc=0.9036 v_thresh=14.5582 (557s)
[exp1_raw_calibrated] epoch 124/150 loss=0.4049 train_acc=0.8828 v_thresh=14.5582 (561s)
[exp1_raw_calibrated] epoch 125/150 loss=0.3862 train_acc=0.8763 val_acc=0.6714 v_thresh=14.5583 (566s)
[exp1_raw_calibrated] epoch 126/150 loss=0.4108 train_acc=0.8503 v_thresh=14.5583 (570s)
[exp1_raw_calibrated] epoch 127/150 loss=0.3832 train_acc=0.8932 v_thresh=14.5582 (575s)
[exp1_raw_calibrated] epoch 128/150 loss=0.3508 train_acc=0.8997 v_thresh=14.5582 (579s)
[exp1_raw_calibrated] epoch 129/150 loss=0.3483 train_acc=0.9128 v_thresh=14.5582 (583s)
[exp1_raw_calibrated] epoch 130/150 loss=0.3699 train_acc=0.8997 val_acc=0.6571 v_thresh=14.5582 (588s)
[exp1_raw_calibrated] epoch 131/150 loss=0.3676 train_acc=0.9049 v_thresh=14.5582 (593s)
[exp1_raw_calibrated] epoch 132/150 loss=0.3527 train_acc=0.8997 v_thresh=14.5583 (597s)
[exp1_raw_calibrated] epoch 133/150 loss=0.3649 train_acc=0.8919 v_thresh=14.5583 (601s)
[exp1_raw_calibrated] epoch 134/150 loss=0.3841 train_acc=0.8763 v_thresh=14.5584 (606s)
[exp1_raw_calibrated] epoch 135/150 loss=0.3579 train_acc=0.9036 val_acc=0.6429 v_thresh=14.5581 (611s)
[exp1_raw_calibrated] epoch 136/150 loss=0.3908 train_acc=0.8633 v_thresh=14.5579 (615s)
[exp1_raw_calibrated] epoch 137/150 loss=0.3814 train_acc=0.8607 v_thresh=14.5579 (620s)
[exp1_raw_calibrated] epoch 138/150 loss=0.3406 train_acc=0.9076 v_thresh=14.5580 (624s)
[exp1_raw_calibrated] epoch 139/150 loss=0.3423 train_acc=0.8945 v_thresh=14.5579 (628s)
[exp1_raw_calibrated] epoch 140/150 loss=0.3922 train_acc=0.8477 val_acc=0.6190 v_thresh=14.5579 (633s)
[exp1_raw_calibrated] epoch 141/150 loss=0.3720 train_acc=0.8646 v_thresh=14.5579 (638s)
[exp1_raw_calibrated] epoch 142/150 loss=0.3372 train_acc=0.8958 v_thresh=14.5588 (642s)
[exp1_raw_calibrated] epoch 143/150 loss=0.3410 train_acc=0.8880 v_thresh=14.5592 (646s)
[exp1_raw_calibrated] epoch 144/150 loss=0.3899 train_acc=0.8711 v_thresh=14.5591 (650s)
[exp1_raw_calibrated] epoch 145/150 loss=0.4103 train_acc=0.8685 val_acc=0.6524 v_thresh=14.5592 (656s)
[exp1_raw_calibrated] epoch 146/150 loss=0.3661 train_acc=0.8984 v_thresh=14.5591 (660s)
[exp1_raw_calibrated] epoch 147/150 loss=0.3833 train_acc=0.8750 v_thresh=14.5591 (664s)
[exp1_raw_calibrated] epoch 148/150 loss=0.3904 train_acc=0.8698 v_thresh=14.5591 (668s)
[exp1_raw_calibrated] epoch 149/150 loss=0.3860 train_acc=0.8854 v_thresh=14.5592 (673s)
[exp1_raw_calibrated] epoch 150/150 loss=0.3532 train_acc=0.9049 val_acc=0.6381 v_thresh=14.5590 (678s)
[exp1_raw_calibrated] BEST val_acc=0.6857 at epoch 85 (selected without ever touching the test set)
[exp1_raw_calibrated] wrote /home/ihs24/Desktop/CiM-HDC/phase1_firing_characterization/artifacts/dvs_accuracy/exp1_raw_calibrated.json
