[exp3_stronger_reg] subtrain=769 val=210 test=240
[exp3_stronger_reg] calibrated v_thresh_init=10.9541
[exp3_stronger_reg] epoch 1/250 loss=1.5418 train_acc=0.4622 v_thresh=10.9533 (5s)
[exp3_stronger_reg] epoch 2/250 loss=0.9940 train_acc=0.6276 v_thresh=10.9585 (9s)
[exp3_stronger_reg] epoch 3/250 loss=0.8124 train_acc=0.7148 v_thresh=10.9592 (13s)
[exp3_stronger_reg] epoch 4/250 loss=0.8596 train_acc=0.6667 v_thresh=10.9593 (18s)
[exp3_stronger_reg] epoch 5/250 loss=0.7635 train_acc=0.7331 val_acc=0.5619 v_thresh=10.9593 (23s)
[exp3_stronger_reg] epoch 6/250 loss=0.6489 train_acc=0.7630 v_thresh=10.9591 (28s)
[exp3_stronger_reg] epoch 7/250 loss=0.7102 train_acc=0.7201 v_thresh=10.9589 (32s)
[exp3_stronger_reg] epoch 8/250 loss=0.6341 train_acc=0.7669 v_thresh=10.9588 (37s)
[exp3_stronger_reg] epoch 9/250 loss=0.6669 train_acc=0.7279 v_thresh=10.9588 (41s)
[exp3_stronger_reg] epoch 10/250 loss=0.6298 train_acc=0.7630 val_acc=0.5714 v_thresh=10.9589 (46s)
[exp3_stronger_reg] epoch 11/250 loss=0.5514 train_acc=0.7982 v_thresh=10.9589 (51s)
[exp3_stronger_reg] epoch 12/250 loss=0.5067 train_acc=0.8372 v_thresh=10.9589 (55s)
[exp3_stronger_reg] epoch 13/250 loss=0.5202 train_acc=0.8294 v_thresh=10.9589 (59s)
[exp3_stronger_reg] epoch 14/250 loss=0.5471 train_acc=0.8125 v_thresh=10.9589 (63s)
[exp3_stronger_reg] epoch 15/250 loss=0.5518 train_acc=0.8177 val_acc=0.6667 v_thresh=10.9587 (69s)
[exp3_stronger_reg] epoch 16/250 loss=0.5419 train_acc=0.8203 v_thresh=10.9585 (73s)
[exp3_stronger_reg] epoch 17/250 loss=0.5420 train_acc=0.7917 v_thresh=10.9585 (77s)
[exp3_stronger_reg] epoch 18/250 loss=0.6243 train_acc=0.7591 v_thresh=10.9585 (81s)
[exp3_stronger_reg] epoch 19/250 loss=0.4736 train_acc=0.8490 v_thresh=10.9585 (86s)
[exp3_stronger_reg] epoch 20/250 loss=0.4657 train_acc=0.8411 val_acc=0.6476 v_thresh=10.9585 (91s)
[exp3_stronger_reg] epoch 21/250 loss=0.4268 train_acc=0.8698 v_thresh=10.9585 (95s)
[exp3_stronger_reg] epoch 22/250 loss=0.4436 train_acc=0.8620 v_thresh=10.9584 (100s)
[exp3_stronger_reg] epoch 23/250 loss=0.5149 train_acc=0.8255 v_thresh=10.9584 (104s)
[exp3_stronger_reg] epoch 24/250 loss=0.4622 train_acc=0.8568 v_thresh=10.9585 (108s)
[exp3_stronger_reg] epoch 25/250 loss=0.4446 train_acc=0.8451 val_acc=0.5952 v_thresh=10.9585 (113s)
[exp3_stronger_reg] epoch 26/250 loss=0.4484 train_acc=0.8594 v_thresh=10.9585 (117s)
[exp3_stronger_reg] epoch 27/250 loss=0.4292 train_acc=0.8555 v_thresh=10.9585 (121s)
[exp3_stronger_reg] epoch 28/250 loss=0.3708 train_acc=0.8958 v_thresh=10.9585 (126s)
[exp3_stronger_reg] epoch 29/250 loss=0.3541 train_acc=0.9128 v_thresh=10.9585 (130s)
[exp3_stronger_reg] epoch 30/250 loss=0.3342 train_acc=0.9232 val_acc=0.6571 v_thresh=10.9586 (135s)
[exp3_stronger_reg] epoch 31/250 loss=0.3490 train_acc=0.8880 v_thresh=10.9581 (139s)
[exp3_stronger_reg] epoch 32/250 loss=0.3501 train_acc=0.9076 v_thresh=10.9580 (143s)
[exp3_stronger_reg] epoch 33/250 loss=0.3424 train_acc=0.9076 v_thresh=10.9582 (148s)
[exp3_stronger_reg] epoch 34/250 loss=0.3486 train_acc=0.9023 v_thresh=10.9583 (152s)
[exp3_stronger_reg] epoch 35/250 loss=0.3040 train_acc=0.9245 val_acc=0.6714 v_thresh=10.9583 (157s)
[exp3_stronger_reg] epoch 36/250 loss=0.2960 train_acc=0.9336 v_thresh=10.9583 (161s)
[exp3_stronger_reg] epoch 37/250 loss=0.3015 train_acc=0.9349 v_thresh=10.9583 (166s)
[exp3_stronger_reg] epoch 38/250 loss=0.3191 train_acc=0.9154 v_thresh=10.9583 (170s)
[exp3_stronger_reg] epoch 39/250 loss=0.3326 train_acc=0.8958 v_thresh=10.9583 (174s)
[exp3_stronger_reg] epoch 40/250 loss=0.3659 train_acc=0.8633 val_acc=0.6714 v_thresh=10.9583 (179s)
[exp3_stronger_reg] epoch 41/250 loss=0.3025 train_acc=0.9089 v_thresh=10.9583 (184s)
[exp3_stronger_reg] epoch 42/250 loss=0.2813 train_acc=0.9258 v_thresh=10.9583 (188s)
[exp3_stronger_reg] epoch 43/250 loss=0.2821 train_acc=0.9310 v_thresh=10.9583 (192s)
[exp3_stronger_reg] epoch 44/250 loss=0.3290 train_acc=0.9076 v_thresh=10.9583 (196s)
[exp3_stronger_reg] epoch 45/250 loss=0.2883 train_acc=0.9310 val_acc=0.6762 v_thresh=10.9582 (202s)
[exp3_stronger_reg] epoch 46/250 loss=0.3123 train_acc=0.9154 v_thresh=10.9582 (206s)
[exp3_stronger_reg] epoch 47/250 loss=0.2935 train_acc=0.9349 v_thresh=10.9581 (210s)
[exp3_stronger_reg] epoch 48/250 loss=0.3134 train_acc=0.9076 v_thresh=10.9580 (214s)
[exp3_stronger_reg] epoch 49/250 loss=0.3631 train_acc=0.9023 v_thresh=10.9580 (218s)
[exp3_stronger_reg] epoch 50/250 loss=0.3521 train_acc=0.8984 val_acc=0.6143 v_thresh=10.9580 (224s)
[exp3_stronger_reg] epoch 51/250 loss=0.3259 train_acc=0.9167 v_thresh=10.9580 (228s)
[exp3_stronger_reg] epoch 52/250 loss=0.2936 train_acc=0.9284 v_thresh=10.9580 (232s)
[exp3_stronger_reg] epoch 53/250 loss=0.2658 train_acc=0.9375 v_thresh=10.9577 (236s)
[exp3_stronger_reg] epoch 54/250 loss=0.2669 train_acc=0.9440 v_thresh=10.9577 (240s)
[exp3_stronger_reg] epoch 55/250 loss=0.2498 train_acc=0.9518 val_acc=0.6810 v_thresh=10.9577 (246s)
[exp3_stronger_reg] epoch 56/250 loss=0.2634 train_acc=0.9427 v_thresh=10.9578 (250s)
[exp3_stronger_reg] epoch 57/250 loss=0.2659 train_acc=0.9310 v_thresh=10.9578 (254s)
[exp3_stronger_reg] epoch 58/250 loss=0.2588 train_acc=0.9492 v_thresh=10.9578 (258s)
[exp3_stronger_reg] epoch 59/250 loss=0.2382 train_acc=0.9583 v_thresh=10.9578 (263s)
[exp3_stronger_reg] epoch 60/250 loss=0.2363 train_acc=0.9505 val_acc=0.6905 v_thresh=10.9578 (268s)
[exp3_stronger_reg] epoch 61/250 loss=0.2274 train_acc=0.9609 v_thresh=10.9578 (272s)
[exp3_stronger_reg] epoch 62/250 loss=0.2317 train_acc=0.9557 v_thresh=10.9578 (276s)
[exp3_stronger_reg] epoch 63/250 loss=0.2148 train_acc=0.9596 v_thresh=10.9579 (280s)
[exp3_stronger_reg] epoch 64/250 loss=0.2153 train_acc=0.9453 v_thresh=10.9570 (284s)
[exp3_stronger_reg] epoch 65/250 loss=0.2264 train_acc=0.9583 val_acc=0.6905 v_thresh=10.9567 (290s)
[exp3_stronger_reg] epoch 66/250 loss=0.2238 train_acc=0.9570 v_thresh=10.9566 (294s)
[exp3_stronger_reg] epoch 67/250 loss=0.2401 train_acc=0.9453 v_thresh=10.9566 (298s)
[exp3_stronger_reg] epoch 68/250 loss=0.2316 train_acc=0.9414 v_thresh=10.9567 (302s)
[exp3_stronger_reg] epoch 69/250 loss=0.2433 train_acc=0.9375 v_thresh=10.9567 (307s)
[exp3_stronger_reg] epoch 70/250 loss=0.2552 train_acc=0.9323 val_acc=0.6476 v_thresh=10.9567 (312s)
[exp3_stronger_reg] epoch 71/250 loss=0.2288 train_acc=0.9479 v_thresh=10.9567 (316s)
[exp3_stronger_reg] epoch 72/250 loss=0.2015 train_acc=0.9674 v_thresh=10.9567 (320s)
[exp3_stronger_reg] epoch 73/250 loss=0.1990 train_acc=0.9714 v_thresh=10.9567 (325s)
[exp3_stronger_reg] epoch 74/250 loss=0.1855 train_acc=0.9753 v_thresh=10.9567 (329s)
[exp3_stronger_reg] epoch 75/250 loss=0.1750 train_acc=0.9753 val_acc=0.6190 v_thresh=10.9567 (334s)
[exp3_stronger_reg] epoch 76/250 loss=0.1875 train_acc=0.9727 v_thresh=10.9567 (338s)
[exp3_stronger_reg] epoch 77/250 loss=0.2052 train_acc=0.9583 v_thresh=10.9567 (343s)
[exp3_stronger_reg] epoch 78/250 loss=0.2031 train_acc=0.9674 v_thresh=10.9566 (347s)
[exp3_stronger_reg] epoch 79/250 loss=0.2252 train_acc=0.9453 v_thresh=10.9568 (351s)
[exp3_stronger_reg] epoch 80/250 loss=0.1884 train_acc=0.9701 val_acc=0.6429 v_thresh=10.9568 (356s)
[exp3_stronger_reg] epoch 81/250 loss=0.1795 train_acc=0.9766 v_thresh=10.9568 (361s)
[exp3_stronger_reg] epoch 82/250 loss=0.1765 train_acc=0.9727 v_thresh=10.9568 (365s)
[exp3_stronger_reg] epoch 83/250 loss=0.1883 train_acc=0.9557 v_thresh=10.9567 (369s)
[exp3_stronger_reg] epoch 84/250 loss=0.1926 train_acc=0.9622 v_thresh=10.9568 (373s)
[exp3_stronger_reg] epoch 85/250 loss=0.1848 train_acc=0.9727 val_acc=0.6476 v_thresh=10.9568 (378s)
[exp3_stronger_reg] epoch 86/250 loss=0.1834 train_acc=0.9661 v_thresh=10.9567 (382s)
[exp3_stronger_reg] epoch 87/250 loss=0.1815 train_acc=0.9792 v_thresh=10.9567 (386s)
[exp3_stronger_reg] epoch 88/250 loss=0.1682 train_acc=0.9779 v_thresh=10.9567 (391s)
[exp3_stronger_reg] epoch 89/250 loss=0.1644 train_acc=0.9766 v_thresh=10.9567 (395s)
[exp3_stronger_reg] epoch 90/250 loss=0.1545 train_acc=0.9857 val_acc=0.6905 v_thresh=10.9567 (400s)
[exp3_stronger_reg] epoch 91/250 loss=0.1573 train_acc=0.9831 v_thresh=10.9567 (404s)
[exp3_stronger_reg] epoch 92/250 loss=0.1623 train_acc=0.9818 v_thresh=10.9568 (408s)
[exp3_stronger_reg] epoch 93/250 loss=0.1694 train_acc=0.9805 v_thresh=10.9568 (413s)
[exp3_stronger_reg] epoch 94/250 loss=0.1837 train_acc=0.9648 v_thresh=10.9568 (417s)
[exp3_stronger_reg] epoch 95/250 loss=0.1665 train_acc=0.9766 val_acc=0.6905 v_thresh=10.9568 (422s)
[exp3_stronger_reg] epoch 96/250 loss=0.1681 train_acc=0.9766 v_thresh=10.9567 (427s)
[exp3_stronger_reg] epoch 97/250 loss=0.1728 train_acc=0.9753 v_thresh=10.9567 (431s)
[exp3_stronger_reg] epoch 98/250 loss=0.1782 train_acc=0.9648 v_thresh=10.9567 (435s)
[exp3_stronger_reg] epoch 99/250 loss=0.1632 train_acc=0.9779 v_thresh=10.9567 (439s)
[exp3_stronger_reg] epoch 100/250 loss=0.1546 train_acc=0.9831 val_acc=0.6714 v_thresh=10.9567 (445s)
[exp3_stronger_reg] epoch 101/250 loss=0.1498 train_acc=0.9844 v_thresh=10.9567 (449s)
[exp3_stronger_reg] epoch 102/250 loss=0.1469 train_acc=0.9805 v_thresh=10.9567 (453s)
[exp3_stronger_reg] epoch 103/250 loss=0.1439 train_acc=0.9883 v_thresh=10.9567 (457s)
[exp3_stronger_reg] epoch 104/250 loss=0.1473 train_acc=0.9727 v_thresh=10.9567 (461s)
[exp3_stronger_reg] epoch 105/250 loss=0.1387 train_acc=0.9870 val_acc=0.6905 v_thresh=10.9567 (467s)
[exp3_stronger_reg] epoch 106/250 loss=0.1282 train_acc=0.9857 v_thresh=10.9567 (471s)
[exp3_stronger_reg] epoch 107/250 loss=0.1381 train_acc=0.9805 v_thresh=10.9571 (475s)
[exp3_stronger_reg] epoch 108/250 loss=0.1658 train_acc=0.9792 v_thresh=10.9572 (479s)
[exp3_stronger_reg] epoch 109/250 loss=0.2011 train_acc=0.9661 v_thresh=10.9577 (483s)
[exp3_stronger_reg] epoch 110/250 loss=0.2154 train_acc=0.9570 val_acc=0.6857 v_thresh=10.9581 (489s)
[exp3_stronger_reg] epoch 111/250 loss=0.2220 train_acc=0.9635 v_thresh=10.9582 (493s)
[exp3_stronger_reg] epoch 112/250 loss=0.2226 train_acc=0.9505 v_thresh=10.9582 (497s)
[exp3_stronger_reg] epoch 113/250 loss=0.2114 train_acc=0.9596 v_thresh=10.9581 (501s)
[exp3_stronger_reg] epoch 114/250 loss=0.2091 train_acc=0.9635 v_thresh=10.9581 (506s)
[exp3_stronger_reg] epoch 115/250 loss=0.1827 train_acc=0.9831 val_acc=0.6810 v_thresh=10.9581 (511s)
[exp3_stronger_reg] epoch 116/250 loss=0.1727 train_acc=0.9818 v_thresh=10.9581 (515s)
[exp3_stronger_reg] epoch 117/250 loss=0.1735 train_acc=0.9766 v_thresh=10.9584 (519s)
[exp3_stronger_reg] epoch 118/250 loss=0.1655 train_acc=0.9753 v_thresh=10.9584 (523s)
[exp3_stronger_reg] epoch 119/250 loss=0.1770 train_acc=0.9753 v_thresh=10.9585 (528s)
[exp3_stronger_reg] epoch 120/250 loss=0.1834 train_acc=0.9792 val_acc=0.6571 v_thresh=10.9586 (533s)
[exp3_stronger_reg] epoch 121/250 loss=0.1791 train_acc=0.9792 v_thresh=10.9587 (537s)
[exp3_stronger_reg] epoch 122/250 loss=0.1738 train_acc=0.9766 v_thresh=10.9587 (541s)
[exp3_stronger_reg] epoch 123/250 loss=0.1764 train_acc=0.9818 v_thresh=10.9587 (545s)
[exp3_stronger_reg] epoch 124/250 loss=0.1817 train_acc=0.9635 v_thresh=10.9617 (550s)
[exp3_stronger_reg] epoch 125/250 loss=0.1767 train_acc=0.9818 val_acc=0.7048 v_thresh=10.9624 (555s)
[exp3_stronger_reg] epoch 126/250 loss=0.1781 train_acc=0.9805 v_thresh=10.9623 (559s)
[exp3_stronger_reg] epoch 127/250 loss=0.1795 train_acc=0.9870 v_thresh=10.9619 (563s)
[exp3_stronger_reg] epoch 128/250 loss=0.1768 train_acc=0.9805 v_thresh=10.9619 (567s)
[exp3_stronger_reg] epoch 129/250 loss=0.1637 train_acc=0.9857 v_thresh=10.9619 (572s)
[exp3_stronger_reg] epoch 130/250 loss=0.1766 train_acc=0.9766 val_acc=0.7000 v_thresh=10.9617 (577s)
[exp3_stronger_reg] epoch 131/250 loss=0.1819 train_acc=0.9792 v_thresh=10.9617 (581s)
[exp3_stronger_reg] epoch 132/250 loss=0.1730 train_acc=0.9766 v_thresh=10.9617 (585s)
[exp3_stronger_reg] epoch 133/250 loss=0.1654 train_acc=0.9779 v_thresh=10.9622 (590s)
[exp3_stronger_reg] epoch 134/250 loss=0.1672 train_acc=0.9779 v_thresh=10.9622 (594s)
[exp3_stronger_reg] epoch 135/250 loss=0.1646 train_acc=0.9792 val_acc=0.6905 v_thresh=10.9622 (599s)
[exp3_stronger_reg] epoch 136/250 loss=0.1653 train_acc=0.9818 v_thresh=10.9619 (603s)
[exp3_stronger_reg] epoch 137/250 loss=0.1597 train_acc=0.9818 v_thresh=10.9616 (607s)
[exp3_stronger_reg] epoch 138/250 loss=0.1585 train_acc=0.9779 v_thresh=10.9616 (612s)
[exp3_stronger_reg] epoch 139/250 loss=0.1598 train_acc=0.9779 v_thresh=10.9616 (616s)
[exp3_stronger_reg] epoch 140/250 loss=0.1743 train_acc=0.9792 val_acc=0.6524 v_thresh=10.9616 (621s)
[exp3_stronger_reg] epoch 141/250 loss=0.1679 train_acc=0.9714 v_thresh=10.9616 (625s)
[exp3_stronger_reg] epoch 142/250 loss=0.1501 train_acc=0.9831 v_thresh=10.9616 (630s)
[exp3_stronger_reg] epoch 143/250 loss=0.1540 train_acc=0.9831 v_thresh=10.9617 (634s)
[exp3_stronger_reg] epoch 144/250 loss=0.1532 train_acc=0.9818 v_thresh=10.9617 (638s)
[exp3_stronger_reg] epoch 145/250 loss=0.1610 train_acc=0.9766 val_acc=0.6714 v_thresh=10.9617 (643s)
[exp3_stronger_reg] epoch 146/250 loss=0.1564 train_acc=0.9740 v_thresh=10.9618 (647s)
[exp3_stronger_reg] epoch 147/250 loss=0.1590 train_acc=0.9818 v_thresh=10.9618 (651s)
[exp3_stronger_reg] epoch 148/250 loss=0.1540 train_acc=0.9844 v_thresh=10.9617 (656s)
[exp3_stronger_reg] epoch 149/250 loss=0.1616 train_acc=0.9844 v_thresh=10.9617 (660s)
[exp3_stronger_reg] epoch 150/250 loss=0.1549 train_acc=0.9792 val_acc=0.6714 v_thresh=10.9617 (665s)
[exp3_stronger_reg] epoch 151/250 loss=0.1487 train_acc=0.9883 v_thresh=10.9617 (669s)
[exp3_stronger_reg] epoch 152/250 loss=0.1458 train_acc=0.9870 v_thresh=10.9617 (673s)
[exp3_stronger_reg] epoch 153/250 loss=0.1487 train_acc=0.9896 v_thresh=10.9617 (678s)
[exp3_stronger_reg] epoch 154/250 loss=0.1521 train_acc=0.9831 v_thresh=10.9610 (682s)
[exp3_stronger_reg] epoch 155/250 loss=0.1400 train_acc=0.9870 val_acc=0.7048 v_thresh=10.9610 (687s)
[exp3_stronger_reg] epoch 156/250 loss=0.1346 train_acc=0.9935 v_thresh=10.9610 (691s)
[exp3_stronger_reg] epoch 157/250 loss=0.1411 train_acc=0.9844 v_thresh=10.9610 (695s)
[exp3_stronger_reg] epoch 158/250 loss=0.1396 train_acc=0.9870 v_thresh=10.9611 (700s)
[exp3_stronger_reg] epoch 159/250 loss=0.1416 train_acc=0.9857 v_thresh=10.9611 (704s)
[exp3_stronger_reg] epoch 160/250 loss=0.1330 train_acc=0.9857 val_acc=0.6857 v_thresh=10.9611 (709s)
[exp3_stronger_reg] epoch 161/250 loss=0.1402 train_acc=0.9896 v_thresh=10.9611 (713s)
[exp3_stronger_reg] epoch 162/250 loss=0.1416 train_acc=0.9896 v_thresh=10.9610 (717s)
[exp3_stronger_reg] epoch 163/250 loss=0.1364 train_acc=0.9857 v_thresh=10.9610 (722s)
[exp3_stronger_reg] epoch 164/250 loss=0.1360 train_acc=0.9883 v_thresh=10.9610 (726s)
[exp3_stronger_reg] epoch 165/250 loss=0.1309 train_acc=0.9909 val_acc=0.6952 v_thresh=10.9610 (731s)
[exp3_stronger_reg] epoch 166/250 loss=0.1242 train_acc=0.9935 v_thresh=10.9610 (735s)
[exp3_stronger_reg] epoch 167/250 loss=0.1296 train_acc=0.9909 v_thresh=10.9610 (739s)
[exp3_stronger_reg] epoch 168/250 loss=0.1213 train_acc=0.9909 v_thresh=10.9610 (744s)
[exp3_stronger_reg] epoch 169/250 loss=0.1233 train_acc=0.9896 v_thresh=10.9610 (748s)
[exp3_stronger_reg] epoch 170/250 loss=0.1253 train_acc=0.9935 val_acc=0.7048 v_thresh=10.9610 (753s)
[exp3_stronger_reg] epoch 171/250 loss=0.1220 train_acc=0.9883 v_thresh=10.9611 (757s)
[exp3_stronger_reg] epoch 172/250 loss=0.1198 train_acc=0.9909 v_thresh=10.9612 (762s)
[exp3_stronger_reg] epoch 173/250 loss=0.1210 train_acc=0.9935 v_thresh=10.9612 (766s)
[exp3_stronger_reg] epoch 174/250 loss=0.1354 train_acc=0.9818 v_thresh=10.9612 (770s)
[exp3_stronger_reg] epoch 175/250 loss=0.1350 train_acc=0.9883 val_acc=0.7190 v_thresh=10.9611 (775s)
[exp3_stronger_reg] epoch 176/250 loss=0.1321 train_acc=0.9896 v_thresh=10.9611 (780s)
[exp3_stronger_reg] epoch 177/250 loss=0.1214 train_acc=0.9948 v_thresh=10.9611 (784s)
[exp3_stronger_reg] epoch 178/250 loss=0.1193 train_acc=0.9935 v_thresh=10.9611 (788s)
[exp3_stronger_reg] epoch 179/250 loss=0.1200 train_acc=0.9909 v_thresh=10.9611 (792s)
[exp3_stronger_reg] epoch 180/250 loss=0.1149 train_acc=0.9948 val_acc=0.7095 v_thresh=10.9611 (798s)
[exp3_stronger_reg] epoch 181/250 loss=0.1169 train_acc=0.9961 v_thresh=10.9610 (802s)
[exp3_stronger_reg] epoch 182/250 loss=0.1200 train_acc=0.9922 v_thresh=10.9610 (806s)
[exp3_stronger_reg] epoch 183/250 loss=0.1235 train_acc=0.9909 v_thresh=10.9610 (810s)
[exp3_stronger_reg] epoch 184/250 loss=0.1180 train_acc=0.9935 v_thresh=10.9610 (815s)
[exp3_stronger_reg] epoch 185/250 loss=0.1214 train_acc=0.9948 val_acc=0.7190 v_thresh=10.9609 (820s)
[exp3_stronger_reg] epoch 186/250 loss=0.1213 train_acc=0.9922 v_thresh=10.9608 (824s)
[exp3_stronger_reg] epoch 187/250 loss=0.1244 train_acc=0.9922 v_thresh=10.9608 (828s)
[exp3_stronger_reg] epoch 188/250 loss=0.1216 train_acc=0.9948 v_thresh=10.9607 (833s)
[exp3_stronger_reg] epoch 189/250 loss=0.1272 train_acc=0.9922 v_thresh=10.9605 (837s)
[exp3_stronger_reg] epoch 190/250 loss=0.1222 train_acc=0.9935 val_acc=0.7095 v_thresh=10.9605 (842s)
[exp3_stronger_reg] epoch 191/250 loss=0.1214 train_acc=0.9935 v_thresh=10.9605 (846s)
[exp3_stronger_reg] epoch 192/250 loss=0.1242 train_acc=0.9961 v_thresh=10.9605 (851s)
[exp3_stronger_reg] epoch 193/250 loss=0.1231 train_acc=0.9935 v_thresh=10.9605 (855s)
[exp3_stronger_reg] epoch 194/250 loss=0.1222 train_acc=0.9961 v_thresh=10.9605 (859s)
[exp3_stronger_reg] epoch 195/250 loss=0.1208 train_acc=0.9948 val_acc=0.6905 v_thresh=10.9605 (864s)
[exp3_stronger_reg] epoch 196/250 loss=0.1202 train_acc=0.9935 v_thresh=10.9605 (868s)
[exp3_stronger_reg] epoch 197/250 loss=0.1194 train_acc=0.9961 v_thresh=10.9604 (872s)
[exp3_stronger_reg] epoch 198/250 loss=0.1166 train_acc=0.9922 v_thresh=10.9604 (877s)
[exp3_stronger_reg] epoch 199/250 loss=0.1208 train_acc=0.9948 v_thresh=10.9606 (881s)
[exp3_stronger_reg] epoch 200/250 loss=0.1167 train_acc=0.9935 val_acc=0.7476 v_thresh=10.9627 (886s)
[exp3_stronger_reg] epoch 201/250 loss=0.1118 train_acc=0.9961 v_thresh=10.9636 (891s)
[exp3_stronger_reg] epoch 202/250 loss=0.1084 train_acc=0.9935 v_thresh=10.9637 (895s)
[exp3_stronger_reg] epoch 203/250 loss=0.1059 train_acc=0.9961 v_thresh=10.9637 (899s)
[exp3_stronger_reg] epoch 204/250 loss=0.1070 train_acc=0.9935 v_thresh=10.9637 (903s)
[exp3_stronger_reg] epoch 205/250 loss=0.1038 train_acc=0.9961 val_acc=0.7286 v_thresh=10.9637 (908s)
[exp3_stronger_reg] epoch 206/250 loss=0.1051 train_acc=0.9922 v_thresh=10.9637 (913s)
[exp3_stronger_reg] epoch 207/250 loss=0.1050 train_acc=0.9974 v_thresh=10.9637 (917s)
[exp3_stronger_reg] epoch 208/250 loss=0.1028 train_acc=0.9961 v_thresh=10.9637 (921s)
[exp3_stronger_reg] epoch 209/250 loss=0.1043 train_acc=0.9935 v_thresh=10.9637 (925s)
[exp3_stronger_reg] epoch 210/250 loss=0.1026 train_acc=0.9948 val_acc=0.7286 v_thresh=10.9637 (930s)
[exp3_stronger_reg] epoch 211/250 loss=0.1015 train_acc=0.9948 v_thresh=10.9637 (935s)
[exp3_stronger_reg] epoch 212/250 loss=0.1026 train_acc=0.9948 v_thresh=10.9637 (939s)
[exp3_stronger_reg] epoch 213/250 loss=0.1034 train_acc=0.9987 v_thresh=10.9637 (943s)
[exp3_stronger_reg] epoch 214/250 loss=0.1035 train_acc=0.9961 v_thresh=10.9637 (947s)
[exp3_stronger_reg] epoch 215/250 loss=0.1026 train_acc=0.9948 val_acc=0.7381 v_thresh=10.9637 (953s)
[exp3_stronger_reg] epoch 216/250 loss=0.1021 train_acc=1.0000 v_thresh=10.9637 (957s)
[exp3_stronger_reg] epoch 217/250 loss=0.0997 train_acc=0.9961 v_thresh=10.9637 (961s)
[exp3_stronger_reg] epoch 218/250 loss=0.1014 train_acc=0.9935 v_thresh=10.9637 (965s)
[exp3_stronger_reg] epoch 219/250 loss=0.0997 train_acc=0.9974 v_thresh=10.9637 (969s)
[exp3_stronger_reg] epoch 220/250 loss=0.1023 train_acc=0.9961 val_acc=0.7190 v_thresh=10.9637 (975s)
[exp3_stronger_reg] epoch 221/250 loss=0.1006 train_acc=0.9961 v_thresh=10.9637 (979s)
[exp3_stronger_reg] epoch 222/250 loss=0.1020 train_acc=0.9948 v_thresh=10.9637 (983s)
[exp3_stronger_reg] epoch 223/250 loss=0.1026 train_acc=0.9948 v_thresh=10.9637 (987s)
[exp3_stronger_reg] epoch 224/250 loss=0.1014 train_acc=0.9961 v_thresh=10.9637 (991s)
[exp3_stronger_reg] epoch 225/250 loss=0.0994 train_acc=0.9974 val_acc=0.7238 v_thresh=10.9637 (996s)
[exp3_stronger_reg] epoch 226/250 loss=0.0989 train_acc=0.9974 v_thresh=10.9637 (1001s)
[exp3_stronger_reg] epoch 227/250 loss=0.1000 train_acc=0.9961 v_thresh=10.9637 (1005s)
[exp3_stronger_reg] epoch 228/250 loss=0.0994 train_acc=0.9948 v_thresh=10.9637 (1009s)
[exp3_stronger_reg] epoch 229/250 loss=0.0985 train_acc=0.9987 v_thresh=10.9637 (1013s)
[exp3_stronger_reg] epoch 230/250 loss=0.1017 train_acc=0.9987 val_acc=0.7190 v_thresh=10.9637 (1019s)
[exp3_stronger_reg] epoch 231/250 loss=0.1004 train_acc=0.9961 v_thresh=10.9637 (1023s)
[exp3_stronger_reg] epoch 232/250 loss=0.0980 train_acc=0.9987 v_thresh=10.9637 (1027s)
[exp3_stronger_reg] epoch 233/250 loss=0.0995 train_acc=0.9961 v_thresh=10.9637 (1031s)
[exp3_stronger_reg] epoch 234/250 loss=0.1008 train_acc=0.9974 v_thresh=10.9637 (1035s)
[exp3_stronger_reg] epoch 235/250 loss=0.0987 train_acc=0.9961 val_acc=0.7286 v_thresh=10.9637 (1041s)
[exp3_stronger_reg] epoch 236/250 loss=0.0975 train_acc=0.9974 v_thresh=10.9637 (1045s)
[exp3_stronger_reg] epoch 237/250 loss=0.0960 train_acc=0.9961 v_thresh=10.9637 (1049s)
[exp3_stronger_reg] epoch 238/250 loss=0.0985 train_acc=0.9974 v_thresh=10.9637 (1053s)
[exp3_stronger_reg] epoch 239/250 loss=0.0989 train_acc=0.9961 v_thresh=10.9637 (1058s)
[exp3_stronger_reg] epoch 240/250 loss=0.0978 train_acc=0.9987 val_acc=0.7238 v_thresh=10.9637 (1063s)
[exp3_stronger_reg] epoch 241/250 loss=0.1016 train_acc=0.9948 v_thresh=10.9637 (1067s)
[exp3_stronger_reg] epoch 242/250 loss=0.0984 train_acc=0.9987 v_thresh=10.9637 (1071s)
[exp3_stronger_reg] epoch 243/250 loss=0.0974 train_acc=0.9987 v_thresh=10.9637 (1076s)
[exp3_stronger_reg] epoch 244/250 loss=0.0973 train_acc=0.9961 v_thresh=10.9637 (1080s)
[exp3_stronger_reg] epoch 245/250 loss=0.0988 train_acc=0.9948 val_acc=0.7238 v_thresh=10.9637 (1085s)
[exp3_stronger_reg] epoch 246/250 loss=0.0999 train_acc=0.9974 v_thresh=10.9637 (1089s)
[exp3_stronger_reg] epoch 247/250 loss=0.0984 train_acc=0.9961 v_thresh=10.9637 (1094s)
[exp3_stronger_reg] epoch 248/250 loss=0.0978 train_acc=0.9961 v_thresh=10.9637 (1098s)
[exp3_stronger_reg] epoch 249/250 loss=0.0974 train_acc=0.9974 v_thresh=10.9637 (1102s)
[exp3_stronger_reg] epoch 250/250 loss=0.0991 train_acc=0.9987 val_acc=0.7286 v_thresh=10.9637 (1107s)
[exp3_stronger_reg] BEST val_acc=0.7476 at epoch 200 (selected without ever touching the test set)
[exp3_stronger_reg] wrote /home/ihs24/Desktop/CiM-HDC/phase1_firing_characterization/artifacts/dvs_accuracy/exp3_stronger_reg.json
