[exp4_perchannel_lsmooth] subtrain=769 val=210 test=240
[exp4_perchannel_lsmooth] calibrated v_thresh_init=13.1104
[exp4_perchannel_lsmooth] epoch 1/200 loss=1.8340 train_acc=0.4570 v_thresh=13.1041 (5s)
[exp4_perchannel_lsmooth] epoch 2/200 loss=1.3961 train_acc=0.6107 v_thresh=13.1010 (10s)
[exp4_perchannel_lsmooth] epoch 3/200 loss=1.2893 train_acc=0.6784 v_thresh=13.1007 (15s)
[exp4_perchannel_lsmooth] epoch 4/200 loss=1.2354 train_acc=0.7096 v_thresh=13.1008 (20s)
[exp4_perchannel_lsmooth] epoch 5/200 loss=1.1393 train_acc=0.7435 val_acc=0.5333 v_thresh=13.1059 (25s)
[exp4_perchannel_lsmooth] epoch 6/200 loss=1.0424 train_acc=0.7969 v_thresh=13.1107 (30s)
[exp4_perchannel_lsmooth] epoch 7/200 loss=0.9994 train_acc=0.8008 v_thresh=13.1112 (35s)
[exp4_perchannel_lsmooth] epoch 8/200 loss=0.9902 train_acc=0.8216 v_thresh=13.1110 (39s)
[exp4_perchannel_lsmooth] epoch 9/200 loss=1.0371 train_acc=0.7643 v_thresh=13.1088 (44s)
[exp4_perchannel_lsmooth] epoch 10/200 loss=1.1282 train_acc=0.7161 val_acc=0.5619 v_thresh=13.1033 (50s)
[exp4_perchannel_lsmooth] epoch 11/200 loss=1.0163 train_acc=0.7982 v_thresh=13.1028 (55s)
[exp4_perchannel_lsmooth] epoch 12/200 loss=1.0424 train_acc=0.7539 v_thresh=13.1027 (59s)
[exp4_perchannel_lsmooth] epoch 13/200 loss=1.0269 train_acc=0.7865 v_thresh=13.1025 (64s)
[exp4_perchannel_lsmooth] epoch 14/200 loss=0.9607 train_acc=0.8346 v_thresh=13.1023 (69s)
[exp4_perchannel_lsmooth] epoch 15/200 loss=0.9398 train_acc=0.8516 val_acc=0.5571 v_thresh=13.0974 (74s)
[exp4_perchannel_lsmooth] epoch 16/200 loss=0.9764 train_acc=0.8125 v_thresh=13.0952 (79s)
[exp4_perchannel_lsmooth] epoch 17/200 loss=1.0174 train_acc=0.8177 v_thresh=13.0943 (83s)
[exp4_perchannel_lsmooth] epoch 18/200 loss=1.1192 train_acc=0.7188 v_thresh=13.0942 (88s)
[exp4_perchannel_lsmooth] epoch 19/200 loss=1.0351 train_acc=0.7682 v_thresh=13.0937 (93s)
[exp4_perchannel_lsmooth] epoch 20/200 loss=0.9958 train_acc=0.8034 val_acc=0.5667 v_thresh=13.0936 (98s)
[exp4_perchannel_lsmooth] epoch 21/200 loss=0.9244 train_acc=0.8424 v_thresh=13.0937 (103s)
[exp4_perchannel_lsmooth] epoch 22/200 loss=0.9159 train_acc=0.8451 v_thresh=13.0937 (108s)
[exp4_perchannel_lsmooth] epoch 23/200 loss=0.9554 train_acc=0.8242 v_thresh=13.0937 (112s)
[exp4_perchannel_lsmooth] epoch 24/200 loss=0.9130 train_acc=0.8464 v_thresh=13.0937 (117s)
[exp4_perchannel_lsmooth] epoch 25/200 loss=0.8648 train_acc=0.8776 val_acc=0.5286 v_thresh=13.0927 (122s)
[exp4_perchannel_lsmooth] epoch 26/200 loss=0.9392 train_acc=0.8151 v_thresh=13.0917 (127s)
[exp4_perchannel_lsmooth] epoch 27/200 loss=0.9440 train_acc=0.8125 v_thresh=13.0916 (132s)
[exp4_perchannel_lsmooth] epoch 28/200 loss=0.8749 train_acc=0.8750 v_thresh=13.0916 (136s)
[exp4_perchannel_lsmooth] epoch 29/200 loss=0.8688 train_acc=0.8867 v_thresh=13.0917 (141s)
[exp4_perchannel_lsmooth] epoch 30/200 loss=0.8897 train_acc=0.8672 val_acc=0.5333 v_thresh=13.0917 (147s)
[exp4_perchannel_lsmooth] epoch 31/200 loss=0.9548 train_acc=0.8190 v_thresh=13.0963 (151s)
[exp4_perchannel_lsmooth] epoch 32/200 loss=0.9128 train_acc=0.8646 v_thresh=13.0973 (156s)
[exp4_perchannel_lsmooth] epoch 33/200 loss=0.8937 train_acc=0.8685 v_thresh=13.0974 (160s)
[exp4_perchannel_lsmooth] epoch 34/200 loss=0.9220 train_acc=0.8542 v_thresh=13.0974 (165s)
[exp4_perchannel_lsmooth] epoch 35/200 loss=0.8842 train_acc=0.8750 val_acc=0.6333 v_thresh=13.0975 (171s)
[exp4_perchannel_lsmooth] epoch 36/200 loss=0.8414 train_acc=0.9089 v_thresh=13.0975 (175s)
[exp4_perchannel_lsmooth] epoch 37/200 loss=0.8783 train_acc=0.8880 v_thresh=13.0975 (180s)
[exp4_perchannel_lsmooth] epoch 38/200 loss=0.8936 train_acc=0.8620 v_thresh=13.0975 (185s)
[exp4_perchannel_lsmooth] epoch 39/200 loss=0.8814 train_acc=0.8776 v_thresh=13.0976 (189s)
[exp4_perchannel_lsmooth] epoch 40/200 loss=0.9363 train_acc=0.8268 val_acc=0.5667 v_thresh=13.0976 (195s)
[exp4_perchannel_lsmooth] epoch 41/200 loss=0.9080 train_acc=0.8464 v_thresh=13.0977 (200s)
[exp4_perchannel_lsmooth] epoch 42/200 loss=0.9005 train_acc=0.8464 v_thresh=13.0977 (204s)
[exp4_perchannel_lsmooth] epoch 43/200 loss=0.8604 train_acc=0.8906 v_thresh=13.0977 (209s)
[exp4_perchannel_lsmooth] epoch 44/200 loss=0.9164 train_acc=0.8633 v_thresh=13.0977 (213s)
[exp4_perchannel_lsmooth] epoch 45/200 loss=0.8284 train_acc=0.9102 val_acc=0.6000 v_thresh=13.0977 (219s)
[exp4_perchannel_lsmooth] epoch 46/200 loss=0.8012 train_acc=0.9115 v_thresh=13.0977 (224s)
[exp4_perchannel_lsmooth] epoch 47/200 loss=0.8032 train_acc=0.9232 v_thresh=13.0977 (228s)
[exp4_perchannel_lsmooth] epoch 48/200 loss=0.8359 train_acc=0.8958 v_thresh=13.0977 (233s)
[exp4_perchannel_lsmooth] epoch 49/200 loss=0.8473 train_acc=0.8919 v_thresh=13.0977 (237s)
[exp4_perchannel_lsmooth] epoch 50/200 loss=0.7983 train_acc=0.9245 val_acc=0.6000 v_thresh=13.0977 (243s)
[exp4_perchannel_lsmooth] epoch 51/200 loss=0.7943 train_acc=0.9154 v_thresh=13.0977 (248s)
[exp4_perchannel_lsmooth] epoch 52/200 loss=0.7978 train_acc=0.9206 v_thresh=13.0977 (252s)
[exp4_perchannel_lsmooth] epoch 53/200 loss=0.7795 train_acc=0.9284 v_thresh=13.0980 (257s)
[exp4_perchannel_lsmooth] epoch 54/200 loss=0.7854 train_acc=0.9232 v_thresh=13.0981 (261s)
[exp4_perchannel_lsmooth] epoch 55/200 loss=0.8143 train_acc=0.9180 val_acc=0.5952 v_thresh=13.0981 (267s)
[exp4_perchannel_lsmooth] epoch 56/200 loss=0.8440 train_acc=0.8971 v_thresh=13.0981 (272s)
[exp4_perchannel_lsmooth] epoch 57/200 loss=0.8482 train_acc=0.8945 v_thresh=13.0981 (276s)
[exp4_perchannel_lsmooth] epoch 58/200 loss=0.8424 train_acc=0.9049 v_thresh=13.0981 (281s)
[exp4_perchannel_lsmooth] epoch 59/200 loss=0.8292 train_acc=0.8984 v_thresh=13.0981 (285s)
[exp4_perchannel_lsmooth] epoch 60/200 loss=0.8399 train_acc=0.8984 val_acc=0.5952 v_thresh=13.0981 (291s)
[exp4_perchannel_lsmooth] epoch 61/200 loss=0.7967 train_acc=0.9193 v_thresh=13.0981 (295s)
[exp4_perchannel_lsmooth] epoch 62/200 loss=0.7922 train_acc=0.9323 v_thresh=13.0980 (300s)
[exp4_perchannel_lsmooth] epoch 63/200 loss=0.7914 train_acc=0.9297 v_thresh=13.0980 (305s)
[exp4_perchannel_lsmooth] epoch 64/200 loss=0.8058 train_acc=0.9023 v_thresh=13.0981 (309s)
[exp4_perchannel_lsmooth] epoch 65/200 loss=0.8315 train_acc=0.9010 val_acc=0.6238 v_thresh=13.0981 (315s)
[exp4_perchannel_lsmooth] epoch 66/200 loss=0.8442 train_acc=0.8893 v_thresh=13.0980 (319s)
[exp4_perchannel_lsmooth] epoch 67/200 loss=0.8430 train_acc=0.8815 v_thresh=13.0981 (324s)
[exp4_perchannel_lsmooth] epoch 68/200 loss=0.7679 train_acc=0.9297 v_thresh=13.0981 (329s)
[exp4_perchannel_lsmooth] epoch 69/200 loss=0.7528 train_acc=0.9401 v_thresh=13.0981 (333s)
[exp4_perchannel_lsmooth] epoch 70/200 loss=0.7528 train_acc=0.9466 val_acc=0.6524 v_thresh=13.0981 (339s)
[exp4_perchannel_lsmooth] epoch 71/200 loss=0.7471 train_acc=0.9531 v_thresh=13.0981 (343s)
[exp4_perchannel_lsmooth] epoch 72/200 loss=0.7429 train_acc=0.9518 v_thresh=13.0980 (348s)
[exp4_perchannel_lsmooth] epoch 73/200 loss=0.7575 train_acc=0.9375 v_thresh=13.0980 (353s)
[exp4_perchannel_lsmooth] epoch 74/200 loss=0.7582 train_acc=0.9388 v_thresh=13.0980 (357s)
[exp4_perchannel_lsmooth] epoch 75/200 loss=0.7283 train_acc=0.9531 val_acc=0.6381 v_thresh=13.0980 (363s)
[exp4_perchannel_lsmooth] epoch 76/200 loss=0.7711 train_acc=0.9297 v_thresh=13.0980 (367s)
[exp4_perchannel_lsmooth] epoch 77/200 loss=0.7830 train_acc=0.9193 v_thresh=13.0980 (372s)
[exp4_perchannel_lsmooth] epoch 78/200 loss=0.7793 train_acc=0.9154 v_thresh=13.0980 (377s)
[exp4_perchannel_lsmooth] epoch 79/200 loss=0.7640 train_acc=0.9310 v_thresh=13.0980 (381s)
[exp4_perchannel_lsmooth] epoch 80/200 loss=0.7569 train_acc=0.9414 val_acc=0.6286 v_thresh=13.0980 (387s)
[exp4_perchannel_lsmooth] epoch 81/200 loss=0.7519 train_acc=0.9349 v_thresh=13.0980 (391s)
[exp4_perchannel_lsmooth] epoch 82/200 loss=0.7552 train_acc=0.9466 v_thresh=13.0980 (396s)
[exp4_perchannel_lsmooth] epoch 83/200 loss=0.7576 train_acc=0.9453 v_thresh=13.0980 (401s)
[exp4_perchannel_lsmooth] epoch 84/200 loss=0.7535 train_acc=0.9492 v_thresh=13.0980 (405s)
[exp4_perchannel_lsmooth] epoch 85/200 loss=0.7457 train_acc=0.9349 val_acc=0.6381 v_thresh=13.0980 (411s)
[exp4_perchannel_lsmooth] epoch 86/200 loss=0.7528 train_acc=0.9492 v_thresh=13.0979 (415s)
[exp4_perchannel_lsmooth] epoch 87/200 loss=0.7542 train_acc=0.9518 v_thresh=13.0978 (420s)
[exp4_perchannel_lsmooth] epoch 88/200 loss=0.7682 train_acc=0.9245 v_thresh=13.0980 (425s)
[exp4_perchannel_lsmooth] epoch 89/200 loss=0.7732 train_acc=0.9245 v_thresh=13.0981 (429s)
[exp4_perchannel_lsmooth] epoch 90/200 loss=0.7775 train_acc=0.9349 val_acc=0.6095 v_thresh=13.0993 (435s)
[exp4_perchannel_lsmooth] epoch 91/200 loss=0.7835 train_acc=0.9310 v_thresh=13.0994 (439s)
[exp4_perchannel_lsmooth] epoch 92/200 loss=0.7794 train_acc=0.9362 v_thresh=13.0993 (444s)
[exp4_perchannel_lsmooth] epoch 93/200 loss=0.8149 train_acc=0.9076 v_thresh=13.0997 (449s)
[exp4_perchannel_lsmooth] epoch 94/200 loss=0.8356 train_acc=0.8984 v_thresh=13.0998 (453s)
[exp4_perchannel_lsmooth] epoch 95/200 loss=0.8071 train_acc=0.9284 val_acc=0.5905 v_thresh=13.0999 (459s)
[exp4_perchannel_lsmooth] epoch 96/200 loss=0.8011 train_acc=0.9180 v_thresh=13.1000 (464s)
[exp4_perchannel_lsmooth] epoch 97/200 loss=0.7800 train_acc=0.9427 v_thresh=13.1000 (468s)
[exp4_perchannel_lsmooth] epoch 98/200 loss=0.7912 train_acc=0.9193 v_thresh=13.0999 (473s)
[exp4_perchannel_lsmooth] epoch 99/200 loss=0.7818 train_acc=0.9297 v_thresh=13.0999 (477s)
[exp4_perchannel_lsmooth] epoch 100/200 loss=0.7677 train_acc=0.9336 val_acc=0.6429 v_thresh=13.0999 (483s)
[exp4_perchannel_lsmooth] epoch 101/200 loss=0.7511 train_acc=0.9492 v_thresh=13.0999 (488s)
[exp4_perchannel_lsmooth] epoch 102/200 loss=0.7478 train_acc=0.9570 v_thresh=13.0999 (492s)
[exp4_perchannel_lsmooth] epoch 103/200 loss=0.7507 train_acc=0.9505 v_thresh=13.0999 (497s)
[exp4_perchannel_lsmooth] epoch 104/200 loss=0.7661 train_acc=0.9284 v_thresh=13.0999 (502s)
[exp4_perchannel_lsmooth] epoch 105/200 loss=0.7517 train_acc=0.9414 val_acc=0.6381 v_thresh=13.0999 (507s)
[exp4_perchannel_lsmooth] epoch 106/200 loss=0.7412 train_acc=0.9557 v_thresh=13.0998 (512s)
[exp4_perchannel_lsmooth] epoch 107/200 loss=0.7378 train_acc=0.9479 v_thresh=13.0998 (516s)
[exp4_perchannel_lsmooth] epoch 108/200 loss=0.7387 train_acc=0.9492 v_thresh=13.0998 (521s)
[exp4_perchannel_lsmooth] epoch 109/200 loss=0.7417 train_acc=0.9453 v_thresh=13.0998 (525s)
[exp4_perchannel_lsmooth] epoch 110/200 loss=0.7378 train_acc=0.9557 val_acc=0.6524 v_thresh=13.0998 (531s)
[exp4_perchannel_lsmooth] epoch 111/200 loss=0.7381 train_acc=0.9466 v_thresh=13.0998 (536s)
[exp4_perchannel_lsmooth] epoch 112/200 loss=0.7434 train_acc=0.9427 v_thresh=13.0998 (540s)
[exp4_perchannel_lsmooth] epoch 113/200 loss=0.7491 train_acc=0.9414 v_thresh=13.0998 (545s)
[exp4_perchannel_lsmooth] epoch 114/200 loss=0.7394 train_acc=0.9427 v_thresh=13.0998 (549s)
[exp4_perchannel_lsmooth] epoch 115/200 loss=0.7267 train_acc=0.9544 val_acc=0.6286 v_thresh=13.0999 (555s)
[exp4_perchannel_lsmooth] epoch 116/200 loss=0.7392 train_acc=0.9492 v_thresh=13.0999 (559s)
[exp4_perchannel_lsmooth] epoch 117/200 loss=0.7357 train_acc=0.9557 v_thresh=13.1000 (564s)
[exp4_perchannel_lsmooth] epoch 118/200 loss=0.7279 train_acc=0.9479 v_thresh=13.0999 (569s)
[exp4_perchannel_lsmooth] epoch 119/200 loss=0.7254 train_acc=0.9544 v_thresh=13.0999 (573s)
[exp4_perchannel_lsmooth] epoch 120/200 loss=0.7212 train_acc=0.9557 val_acc=0.6571 v_thresh=13.1000 (579s)
[exp4_perchannel_lsmooth] epoch 121/200 loss=0.7162 train_acc=0.9505 v_thresh=13.1001 (584s)
[exp4_perchannel_lsmooth] epoch 122/200 loss=0.7101 train_acc=0.9570 v_thresh=13.1001 (588s)
[exp4_perchannel_lsmooth] epoch 123/200 loss=0.7095 train_acc=0.9635 v_thresh=13.1001 (593s)
[exp4_perchannel_lsmooth] epoch 124/200 loss=0.7178 train_acc=0.9388 v_thresh=13.1001 (597s)
[exp4_perchannel_lsmooth] epoch 125/200 loss=0.7064 train_acc=0.9648 val_acc=0.6857 v_thresh=13.1001 (603s)
[exp4_perchannel_lsmooth] epoch 126/200 loss=0.7174 train_acc=0.9531 v_thresh=13.1001 (608s)
[exp4_perchannel_lsmooth] epoch 127/200 loss=0.7124 train_acc=0.9570 v_thresh=13.1001 (612s)
[exp4_perchannel_lsmooth] epoch 128/200 loss=0.7009 train_acc=0.9648 v_thresh=13.1001 (617s)
[exp4_perchannel_lsmooth] epoch 129/200 loss=0.6986 train_acc=0.9701 v_thresh=13.1001 (621s)
[exp4_perchannel_lsmooth] epoch 130/200 loss=0.7018 train_acc=0.9674 val_acc=0.6095 v_thresh=13.1001 (627s)
[exp4_perchannel_lsmooth] epoch 131/200 loss=0.6955 train_acc=0.9648 v_thresh=13.1000 (631s)
[exp4_perchannel_lsmooth] epoch 132/200 loss=0.6990 train_acc=0.9648 v_thresh=13.1000 (636s)
[exp4_perchannel_lsmooth] epoch 133/200 loss=0.6943 train_acc=0.9727 v_thresh=13.1006 (641s)
[exp4_perchannel_lsmooth] epoch 134/200 loss=0.7151 train_acc=0.9648 v_thresh=13.1015 (645s)
[exp4_perchannel_lsmooth] epoch 135/200 loss=0.7168 train_acc=0.9596 val_acc=0.6667 v_thresh=13.1016 (651s)
[exp4_perchannel_lsmooth] epoch 136/200 loss=0.7110 train_acc=0.9570 v_thresh=13.1016 (655s)
[exp4_perchannel_lsmooth] epoch 137/200 loss=0.7137 train_acc=0.9648 v_thresh=13.1016 (660s)
[exp4_perchannel_lsmooth] epoch 138/200 loss=0.7089 train_acc=0.9648 v_thresh=13.1016 (665s)
[exp4_perchannel_lsmooth] epoch 139/200 loss=0.7058 train_acc=0.9570 v_thresh=13.1016 (669s)
[exp4_perchannel_lsmooth] epoch 140/200 loss=0.7188 train_acc=0.9518 val_acc=0.6524 v_thresh=13.1009 (675s)
[exp4_perchannel_lsmooth] epoch 141/200 loss=0.7058 train_acc=0.9596 v_thresh=13.1008 (679s)
[exp4_perchannel_lsmooth] epoch 142/200 loss=0.7007 train_acc=0.9609 v_thresh=13.1008 (684s)
[exp4_perchannel_lsmooth] epoch 143/200 loss=0.6956 train_acc=0.9688 v_thresh=13.1008 (689s)
[exp4_perchannel_lsmooth] epoch 144/200 loss=0.6996 train_acc=0.9661 v_thresh=13.1008 (693s)
[exp4_perchannel_lsmooth] epoch 145/200 loss=0.6981 train_acc=0.9635 val_acc=0.6381 v_thresh=13.1008 (699s)
[exp4_perchannel_lsmooth] epoch 146/200 loss=0.6979 train_acc=0.9688 v_thresh=13.1008 (703s)
[exp4_perchannel_lsmooth] epoch 147/200 loss=0.6975 train_acc=0.9661 v_thresh=13.1008 (708s)
[exp4_perchannel_lsmooth] epoch 148/200 loss=0.7003 train_acc=0.9596 v_thresh=13.1008 (713s)
[exp4_perchannel_lsmooth] epoch 149/200 loss=0.6974 train_acc=0.9688 v_thresh=13.1008 (717s)
[exp4_perchannel_lsmooth] epoch 150/200 loss=0.6931 train_acc=0.9727 val_acc=0.6476 v_thresh=13.1008 (723s)
[exp4_perchannel_lsmooth] epoch 151/200 loss=0.6932 train_acc=0.9648 v_thresh=13.1008 (727s)
[exp4_perchannel_lsmooth] epoch 152/200 loss=0.6898 train_acc=0.9740 v_thresh=13.1008 (732s)
[exp4_perchannel_lsmooth] epoch 153/200 loss=0.6884 train_acc=0.9701 v_thresh=13.1008 (737s)
[exp4_perchannel_lsmooth] epoch 154/200 loss=0.6888 train_acc=0.9661 v_thresh=13.1008 (741s)
[exp4_perchannel_lsmooth] epoch 155/200 loss=0.6824 train_acc=0.9714 val_acc=0.6524 v_thresh=13.1008 (747s)
[exp4_perchannel_lsmooth] epoch 156/200 loss=0.6831 train_acc=0.9648 v_thresh=13.1008 (751s)
[exp4_perchannel_lsmooth] epoch 157/200 loss=0.6824 train_acc=0.9674 v_thresh=13.1008 (756s)
[exp4_perchannel_lsmooth] epoch 158/200 loss=0.6795 train_acc=0.9688 v_thresh=13.1008 (761s)
[exp4_perchannel_lsmooth] epoch 159/200 loss=0.6852 train_acc=0.9740 v_thresh=13.1017 (765s)
[exp4_perchannel_lsmooth] epoch 160/200 loss=0.6913 train_acc=0.9635 val_acc=0.6619 v_thresh=13.1018 (771s)
[exp4_perchannel_lsmooth] epoch 161/200 loss=0.6879 train_acc=0.9727 v_thresh=13.1017 (775s)
[exp4_perchannel_lsmooth] epoch 162/200 loss=0.6913 train_acc=0.9648 v_thresh=13.1014 (780s)
[exp4_perchannel_lsmooth] epoch 163/200 loss=0.6951 train_acc=0.9648 v_thresh=13.1013 (784s)
[exp4_perchannel_lsmooth] epoch 164/200 loss=0.6972 train_acc=0.9714 v_thresh=13.1013 (789s)
[exp4_perchannel_lsmooth] epoch 165/200 loss=0.6976 train_acc=0.9661 val_acc=0.6619 v_thresh=13.1013 (795s)
[exp4_perchannel_lsmooth] epoch 166/200 loss=0.6942 train_acc=0.9701 v_thresh=13.1013 (799s)
[exp4_perchannel_lsmooth] epoch 167/200 loss=0.6952 train_acc=0.9674 v_thresh=13.1013 (804s)
[exp4_perchannel_lsmooth] epoch 168/200 loss=0.6993 train_acc=0.9622 v_thresh=13.1013 (808s)
[exp4_perchannel_lsmooth] epoch 169/200 loss=0.6871 train_acc=0.9661 v_thresh=13.1013 (813s)
[exp4_perchannel_lsmooth] epoch 170/200 loss=0.6879 train_acc=0.9674 val_acc=0.6476 v_thresh=13.1013 (819s)
[exp4_perchannel_lsmooth] epoch 171/200 loss=0.6884 train_acc=0.9674 v_thresh=13.1013 (823s)
[exp4_perchannel_lsmooth] epoch 172/200 loss=0.6853 train_acc=0.9714 v_thresh=13.1013 (828s)
[exp4_perchannel_lsmooth] epoch 173/200 loss=0.6896 train_acc=0.9674 v_thresh=13.1013 (833s)
[exp4_perchannel_lsmooth] epoch 174/200 loss=0.6831 train_acc=0.9701 v_thresh=13.1013 (837s)
[exp4_perchannel_lsmooth] epoch 175/200 loss=0.6855 train_acc=0.9661 val_acc=0.6619 v_thresh=13.1013 (843s)
[exp4_perchannel_lsmooth] epoch 176/200 loss=0.6881 train_acc=0.9688 v_thresh=13.1013 (847s)
[exp4_perchannel_lsmooth] epoch 177/200 loss=0.6834 train_acc=0.9688 v_thresh=13.1014 (852s)
[exp4_perchannel_lsmooth] epoch 178/200 loss=0.6847 train_acc=0.9661 v_thresh=13.1014 (857s)
[exp4_perchannel_lsmooth] epoch 179/200 loss=0.6842 train_acc=0.9714 v_thresh=13.1014 (861s)
[exp4_perchannel_lsmooth] epoch 180/200 loss=0.6845 train_acc=0.9727 val_acc=0.6429 v_thresh=13.1014 (867s)
[exp4_perchannel_lsmooth] epoch 181/200 loss=0.6874 train_acc=0.9727 v_thresh=13.1014 (871s)
[exp4_perchannel_lsmooth] epoch 182/200 loss=0.6806 train_acc=0.9701 v_thresh=13.1014 (876s)
[exp4_perchannel_lsmooth] epoch 183/200 loss=0.6847 train_acc=0.9714 v_thresh=13.1014 (881s)
[exp4_perchannel_lsmooth] epoch 184/200 loss=0.6844 train_acc=0.9714 v_thresh=13.1014 (885s)
[exp4_perchannel_lsmooth] epoch 185/200 loss=0.6842 train_acc=0.9701 val_acc=0.6524 v_thresh=13.1014 (891s)
[exp4_perchannel_lsmooth] epoch 186/200 loss=0.6780 train_acc=0.9701 v_thresh=13.1014 (895s)
[exp4_perchannel_lsmooth] epoch 187/200 loss=0.6833 train_acc=0.9701 v_thresh=13.1014 (900s)
[exp4_perchannel_lsmooth] epoch 188/200 loss=0.6820 train_acc=0.9688 v_thresh=13.1014 (905s)
[exp4_perchannel_lsmooth] epoch 189/200 loss=0.6822 train_acc=0.9753 v_thresh=13.1014 (909s)
[exp4_perchannel_lsmooth] epoch 190/200 loss=0.6838 train_acc=0.9661 val_acc=0.6667 v_thresh=13.1014 (915s)
[exp4_perchannel_lsmooth] epoch 191/200 loss=0.6817 train_acc=0.9727 v_thresh=13.1014 (919s)
[exp4_perchannel_lsmooth] epoch 192/200 loss=0.6810 train_acc=0.9701 v_thresh=13.1014 (924s)
[exp4_perchannel_lsmooth] epoch 193/200 loss=0.6825 train_acc=0.9727 v_thresh=13.1014 (928s)
[exp4_perchannel_lsmooth] epoch 194/200 loss=0.6788 train_acc=0.9766 v_thresh=13.1014 (933s)
[exp4_perchannel_lsmooth] epoch 195/200 loss=0.6806 train_acc=0.9701 val_acc=0.6667 v_thresh=13.1014 (939s)
[exp4_perchannel_lsmooth] epoch 196/200 loss=0.6781 train_acc=0.9661 v_thresh=13.1014 (943s)
[exp4_perchannel_lsmooth] epoch 197/200 loss=0.6826 train_acc=0.9674 v_thresh=13.1014 (948s)
[exp4_perchannel_lsmooth] epoch 198/200 loss=0.6824 train_acc=0.9714 v_thresh=13.1014 (953s)
[exp4_perchannel_lsmooth] epoch 199/200 loss=0.6809 train_acc=0.9701 v_thresh=13.1014 (957s)
[exp4_perchannel_lsmooth] epoch 200/200 loss=0.6793 train_acc=0.9674 val_acc=0.6667 v_thresh=13.1014 (963s)
[exp4_perchannel_lsmooth] BEST val_acc=0.6857 at epoch 125 (selected without ever touching the test set)
[exp4_perchannel_lsmooth] wrote /home/ihs24/Desktop/CiM-HDC/phase1_firing_characterization/artifacts/dvs_accuracy/exp4_perchannel_lsmooth.json
