[exp5_perchannel_only] subtrain=769 val=210 test=240
[exp5_perchannel_only] calibrated v_thresh_init=13.1104
[exp5_perchannel_only] epoch 1/200 loss=1.5745 train_acc=0.4557 v_thresh=13.1046 (5s)
[exp5_perchannel_only] epoch 2/200 loss=0.9587 train_acc=0.6458 v_thresh=13.1086 (10s)
[exp5_perchannel_only] epoch 3/200 loss=0.7688 train_acc=0.7109 v_thresh=13.1096 (15s)
[exp5_perchannel_only] epoch 4/200 loss=0.7064 train_acc=0.7383 v_thresh=13.1098 (20s)
[exp5_perchannel_only] epoch 5/200 loss=0.6218 train_acc=0.7734 val_acc=0.5476 v_thresh=13.1098 (25s)
[exp5_perchannel_only] epoch 6/200 loss=0.5525 train_acc=0.8177 v_thresh=13.1098 (30s)
[exp5_perchannel_only] epoch 7/200 loss=0.5197 train_acc=0.8255 v_thresh=13.1098 (35s)
[exp5_perchannel_only] epoch 8/200 loss=0.4578 train_acc=0.8438 v_thresh=13.1098 (40s)
[exp5_perchannel_only] epoch 9/200 loss=0.5585 train_acc=0.7969 v_thresh=13.1098 (45s)
[exp5_perchannel_only] epoch 10/200 loss=0.5522 train_acc=0.7969 val_acc=0.5952 v_thresh=13.1098 (51s)
[exp5_perchannel_only] epoch 11/200 loss=0.5250 train_acc=0.8372 v_thresh=13.1098 (56s)
[exp5_perchannel_only] epoch 12/200 loss=0.4344 train_acc=0.8737 v_thresh=13.1098 (61s)
[exp5_perchannel_only] epoch 13/200 loss=0.4336 train_acc=0.8672 v_thresh=13.1098 (66s)
[exp5_perchannel_only] epoch 14/200 loss=0.4492 train_acc=0.8594 v_thresh=13.1098 (70s)
[exp5_perchannel_only] epoch 15/200 loss=0.5084 train_acc=0.8268 val_acc=0.5667 v_thresh=13.1098 (76s)
[exp5_perchannel_only] epoch 16/200 loss=0.4673 train_acc=0.8398 v_thresh=13.1098 (81s)
[exp5_perchannel_only] epoch 17/200 loss=0.4520 train_acc=0.8503 v_thresh=13.1098 (86s)
[exp5_perchannel_only] epoch 18/200 loss=0.5161 train_acc=0.8099 v_thresh=13.1098 (91s)
[exp5_perchannel_only] epoch 19/200 loss=0.5160 train_acc=0.8333 v_thresh=13.1097 (95s)
[exp5_perchannel_only] epoch 20/200 loss=0.5546 train_acc=0.8099 val_acc=0.5571 v_thresh=13.1097 (101s)
[exp5_perchannel_only] epoch 21/200 loss=0.4861 train_acc=0.8451 v_thresh=13.1097 (106s)
[exp5_perchannel_only] epoch 22/200 loss=0.4139 train_acc=0.8620 v_thresh=13.1097 (111s)
[exp5_perchannel_only] epoch 23/200 loss=0.4639 train_acc=0.8490 v_thresh=13.1097 (115s)
[exp5_perchannel_only] epoch 24/200 loss=0.4922 train_acc=0.8242 v_thresh=13.1097 (120s)
[exp5_perchannel_only] epoch 25/200 loss=0.5150 train_acc=0.8060 val_acc=0.5905 v_thresh=13.1097 (126s)
[exp5_perchannel_only] epoch 26/200 loss=0.4692 train_acc=0.8451 v_thresh=13.1097 (130s)
[exp5_perchannel_only] epoch 27/200 loss=0.4065 train_acc=0.8841 v_thresh=13.1097 (135s)
[exp5_perchannel_only] epoch 28/200 loss=0.3683 train_acc=0.8971 v_thresh=13.1097 (139s)
[exp5_perchannel_only] epoch 29/200 loss=0.4035 train_acc=0.8958 v_thresh=13.1097 (144s)
[exp5_perchannel_only] epoch 30/200 loss=0.4420 train_acc=0.8854 val_acc=0.6381 v_thresh=13.1097 (150s)
[exp5_perchannel_only] epoch 31/200 loss=0.4472 train_acc=0.8620 v_thresh=13.1101 (154s)
[exp5_perchannel_only] epoch 32/200 loss=0.4218 train_acc=0.8802 v_thresh=13.1102 (159s)
[exp5_perchannel_only] epoch 33/200 loss=0.3935 train_acc=0.8737 v_thresh=13.1102 (164s)
[exp5_perchannel_only] epoch 34/200 loss=0.4250 train_acc=0.8568 v_thresh=13.1102 (169s)
[exp5_perchannel_only] epoch 35/200 loss=0.4137 train_acc=0.8659 val_acc=0.6429 v_thresh=13.1102 (174s)
[exp5_perchannel_only] epoch 36/200 loss=0.3603 train_acc=0.9023 v_thresh=13.1102 (179s)
[exp5_perchannel_only] epoch 37/200 loss=0.3591 train_acc=0.9102 v_thresh=13.1102 (183s)
[exp5_perchannel_only] epoch 38/200 loss=0.3523 train_acc=0.8906 v_thresh=13.1102 (188s)
[exp5_perchannel_only] epoch 39/200 loss=0.3389 train_acc=0.9115 v_thresh=13.1102 (193s)
[exp5_perchannel_only] epoch 40/200 loss=0.3388 train_acc=0.9062 val_acc=0.7000 v_thresh=13.1102 (199s)
[exp5_perchannel_only] epoch 41/200 loss=0.2966 train_acc=0.9336 v_thresh=13.1102 (203s)
[exp5_perchannel_only] epoch 42/200 loss=0.3286 train_acc=0.9023 v_thresh=13.1102 (208s)
[exp5_perchannel_only] epoch 43/200 loss=0.3045 train_acc=0.9167 v_thresh=13.1102 (213s)
[exp5_perchannel_only] epoch 44/200 loss=0.3093 train_acc=0.9245 v_thresh=13.1102 (217s)
[exp5_perchannel_only] epoch 45/200 loss=0.3026 train_acc=0.9323 val_acc=0.6524 v_thresh=13.1102 (223s)
[exp5_perchannel_only] epoch 46/200 loss=0.2869 train_acc=0.9492 v_thresh=13.1102 (228s)
[exp5_perchannel_only] epoch 47/200 loss=0.2994 train_acc=0.9414 v_thresh=13.1098 (233s)
[exp5_perchannel_only] epoch 48/200 loss=0.3922 train_acc=0.8828 v_thresh=13.1141 (237s)
[exp5_perchannel_only] epoch 49/200 loss=0.4318 train_acc=0.8867 v_thresh=13.1144 (242s)
[exp5_perchannel_only] epoch 50/200 loss=0.3700 train_acc=0.8945 val_acc=0.6333 v_thresh=13.1144 (248s)
[exp5_perchannel_only] epoch 51/200 loss=0.3382 train_acc=0.8984 v_thresh=13.1144 (252s)
[exp5_perchannel_only] epoch 52/200 loss=0.3104 train_acc=0.9271 v_thresh=13.1144 (257s)
[exp5_perchannel_only] epoch 53/200 loss=0.2980 train_acc=0.9180 v_thresh=13.1144 (261s)
[exp5_perchannel_only] epoch 54/200 loss=0.3014 train_acc=0.9167 v_thresh=13.1144 (266s)
[exp5_perchannel_only] epoch 55/200 loss=0.2876 train_acc=0.9388 val_acc=0.6762 v_thresh=13.1144 (272s)
[exp5_perchannel_only] epoch 56/200 loss=0.3015 train_acc=0.9219 v_thresh=13.1144 (276s)
[exp5_perchannel_only] epoch 57/200 loss=0.3043 train_acc=0.9193 v_thresh=13.1144 (281s)
[exp5_perchannel_only] epoch 58/200 loss=0.2703 train_acc=0.9401 v_thresh=13.1144 (286s)
[exp5_perchannel_only] epoch 59/200 loss=0.2701 train_acc=0.9466 v_thresh=13.1144 (290s)
[exp5_perchannel_only] epoch 60/200 loss=0.2884 train_acc=0.9414 val_acc=0.6571 v_thresh=13.1144 (296s)
[exp5_perchannel_only] epoch 61/200 loss=0.2794 train_acc=0.9544 v_thresh=13.1144 (300s)
[exp5_perchannel_only] epoch 62/200 loss=0.2809 train_acc=0.9453 v_thresh=13.1144 (305s)
[exp5_perchannel_only] epoch 63/200 loss=0.2760 train_acc=0.9427 v_thresh=13.1144 (310s)
[exp5_perchannel_only] epoch 64/200 loss=0.3041 train_acc=0.9284 v_thresh=13.1144 (314s)
[exp5_perchannel_only] epoch 65/200 loss=0.3126 train_acc=0.9219 val_acc=0.6381 v_thresh=13.1144 (320s)
[exp5_perchannel_only] epoch 66/200 loss=0.2887 train_acc=0.9401 v_thresh=13.1144 (325s)
[exp5_perchannel_only] epoch 67/200 loss=0.2910 train_acc=0.9271 v_thresh=13.1144 (329s)
[exp5_perchannel_only] epoch 68/200 loss=0.3074 train_acc=0.9310 v_thresh=13.1144 (334s)
[exp5_perchannel_only] epoch 69/200 loss=0.2964 train_acc=0.9271 v_thresh=13.1144 (339s)
[exp5_perchannel_only] epoch 70/200 loss=0.3169 train_acc=0.9180 val_acc=0.6714 v_thresh=13.1144 (345s)
[exp5_perchannel_only] epoch 71/200 loss=0.2985 train_acc=0.9193 v_thresh=13.1144 (349s)
[exp5_perchannel_only] epoch 72/200 loss=0.2751 train_acc=0.9362 v_thresh=13.1144 (354s)
[exp5_perchannel_only] epoch 73/200 loss=0.2733 train_acc=0.9453 v_thresh=13.1144 (358s)
[exp5_perchannel_only] epoch 74/200 loss=0.2611 train_acc=0.9505 v_thresh=13.1144 (363s)
[exp5_perchannel_only] epoch 75/200 loss=0.2620 train_acc=0.9401 val_acc=0.6429 v_thresh=13.1144 (369s)
[exp5_perchannel_only] epoch 76/200 loss=0.2756 train_acc=0.9388 v_thresh=13.1144 (373s)
[exp5_perchannel_only] epoch 77/200 loss=0.2750 train_acc=0.9401 v_thresh=13.1144 (378s)
[exp5_perchannel_only] epoch 78/200 loss=0.2805 train_acc=0.9336 v_thresh=13.1144 (383s)
[exp5_perchannel_only] epoch 79/200 loss=0.2799 train_acc=0.9427 v_thresh=13.1144 (388s)
[exp5_perchannel_only] epoch 80/200 loss=0.2953 train_acc=0.9258 val_acc=0.6952 v_thresh=13.1143 (393s)
[exp5_perchannel_only] epoch 81/200 loss=0.3024 train_acc=0.9206 v_thresh=13.1143 (398s)
[exp5_perchannel_only] epoch 82/200 loss=0.3027 train_acc=0.9154 v_thresh=13.1143 (402s)
[exp5_perchannel_only] epoch 83/200 loss=0.2968 train_acc=0.9271 v_thresh=13.1143 (407s)
[exp5_perchannel_only] epoch 84/200 loss=0.3032 train_acc=0.9128 v_thresh=13.1144 (412s)
[exp5_perchannel_only] epoch 85/200 loss=0.2773 train_acc=0.9258 val_acc=0.6714 v_thresh=13.1144 (417s)
[exp5_perchannel_only] epoch 86/200 loss=0.3043 train_acc=0.9180 v_thresh=13.1144 (422s)
[exp5_perchannel_only] epoch 87/200 loss=0.3163 train_acc=0.9102 v_thresh=13.1144 (427s)
[exp5_perchannel_only] epoch 88/200 loss=0.3194 train_acc=0.9023 v_thresh=13.1144 (431s)
[exp5_perchannel_only] epoch 89/200 loss=0.2877 train_acc=0.9271 v_thresh=13.1144 (436s)
[exp5_perchannel_only] epoch 90/200 loss=0.2988 train_acc=0.9167 val_acc=0.6667 v_thresh=13.1144 (441s)
[exp5_perchannel_only] epoch 91/200 loss=0.2788 train_acc=0.9323 v_thresh=13.1144 (446s)
[exp5_perchannel_only] epoch 92/200 loss=0.2672 train_acc=0.9414 v_thresh=13.1144 (451s)
[exp5_perchannel_only] epoch 93/200 loss=0.2731 train_acc=0.9310 v_thresh=13.1143 (455s)
[exp5_perchannel_only] epoch 94/200 loss=0.2848 train_acc=0.9336 v_thresh=13.1144 (460s)
[exp5_perchannel_only] epoch 95/200 loss=0.2897 train_acc=0.9141 val_acc=0.7000 v_thresh=13.1144 (466s)
[exp5_perchannel_only] epoch 96/200 loss=0.2760 train_acc=0.9414 v_thresh=13.1144 (470s)
[exp5_perchannel_only] epoch 97/200 loss=0.2614 train_acc=0.9401 v_thresh=13.1144 (475s)
[exp5_perchannel_only] epoch 98/200 loss=0.2855 train_acc=0.9336 v_thresh=13.1144 (480s)
[exp5_perchannel_only] epoch 99/200 loss=0.2921 train_acc=0.9323 v_thresh=13.1144 (484s)
[exp5_perchannel_only] epoch 100/200 loss=0.2769 train_acc=0.9284 val_acc=0.7524 v_thresh=13.1144 (490s)
[exp5_perchannel_only] epoch 101/200 loss=0.2688 train_acc=0.9297 v_thresh=13.1144 (495s)
[exp5_perchannel_only] epoch 102/200 loss=0.2690 train_acc=0.9271 v_thresh=13.1144 (499s)
[exp5_perchannel_only] epoch 103/200 loss=0.2713 train_acc=0.9375 v_thresh=13.1144 (504s)
[exp5_perchannel_only] epoch 104/200 loss=0.2914 train_acc=0.9258 v_thresh=13.1144 (509s)
[exp5_perchannel_only] epoch 105/200 loss=0.2774 train_acc=0.9414 val_acc=0.7048 v_thresh=13.1144 (514s)
[exp5_perchannel_only] epoch 106/200 loss=0.2610 train_acc=0.9466 v_thresh=13.1144 (519s)
[exp5_perchannel_only] epoch 107/200 loss=0.2602 train_acc=0.9427 v_thresh=13.1144 (524s)
[exp5_perchannel_only] epoch 108/200 loss=0.2553 train_acc=0.9388 v_thresh=13.1144 (528s)
[exp5_perchannel_only] epoch 109/200 loss=0.2658 train_acc=0.9375 v_thresh=13.1144 (533s)
[exp5_perchannel_only] epoch 110/200 loss=0.2505 train_acc=0.9440 val_acc=0.7000 v_thresh=13.1144 (539s)
[exp5_perchannel_only] epoch 111/200 loss=0.2479 train_acc=0.9427 v_thresh=13.1144 (544s)
[exp5_perchannel_only] epoch 112/200 loss=0.2539 train_acc=0.9427 v_thresh=13.1144 (549s)
[exp5_perchannel_only] epoch 113/200 loss=0.2614 train_acc=0.9297 v_thresh=13.1144 (554s)
[exp5_perchannel_only] epoch 114/200 loss=0.2471 train_acc=0.9492 v_thresh=13.1144 (558s)
[exp5_perchannel_only] epoch 115/200 loss=0.2464 train_acc=0.9505 val_acc=0.6810 v_thresh=13.1143 (564s)
[exp5_perchannel_only] epoch 116/200 loss=0.2448 train_acc=0.9505 v_thresh=13.1143 (569s)
[exp5_perchannel_only] epoch 117/200 loss=0.2393 train_acc=0.9505 v_thresh=13.1143 (574s)
[exp5_perchannel_only] epoch 118/200 loss=0.2309 train_acc=0.9505 v_thresh=13.1143 (579s)
[exp5_perchannel_only] epoch 119/200 loss=0.2361 train_acc=0.9492 v_thresh=13.1143 (584s)
[exp5_perchannel_only] epoch 120/200 loss=0.2409 train_acc=0.9492 val_acc=0.6857 v_thresh=13.1143 (590s)
[exp5_perchannel_only] epoch 121/200 loss=0.2355 train_acc=0.9531 v_thresh=13.1143 (594s)
[exp5_perchannel_only] epoch 122/200 loss=0.2287 train_acc=0.9531 v_thresh=13.1143 (599s)
[exp5_perchannel_only] epoch 123/200 loss=0.2328 train_acc=0.9453 v_thresh=13.1143 (604s)
[exp5_perchannel_only] epoch 124/200 loss=0.2336 train_acc=0.9544 v_thresh=13.1143 (608s)
[exp5_perchannel_only] epoch 125/200 loss=0.2287 train_acc=0.9531 val_acc=0.6905 v_thresh=13.1143 (614s)
[exp5_perchannel_only] epoch 126/200 loss=0.2272 train_acc=0.9492 v_thresh=13.1144 (619s)
[exp5_perchannel_only] epoch 127/200 loss=0.2340 train_acc=0.9492 v_thresh=13.1144 (623s)
[exp5_perchannel_only] epoch 128/200 loss=0.2300 train_acc=0.9518 v_thresh=13.1144 (628s)
[exp5_perchannel_only] epoch 129/200 loss=0.2337 train_acc=0.9453 v_thresh=13.1144 (633s)
[exp5_perchannel_only] epoch 130/200 loss=0.2197 train_acc=0.9557 val_acc=0.7048 v_thresh=13.1144 (639s)
[exp5_perchannel_only] epoch 131/200 loss=0.2212 train_acc=0.9557 v_thresh=13.1144 (643s)
[exp5_perchannel_only] epoch 132/200 loss=0.2189 train_acc=0.9518 v_thresh=13.1144 (648s)
[exp5_perchannel_only] epoch 133/200 loss=0.2273 train_acc=0.9518 v_thresh=13.1144 (653s)
[exp5_perchannel_only] epoch 134/200 loss=0.2324 train_acc=0.9505 v_thresh=13.1144 (657s)
[exp5_perchannel_only] epoch 135/200 loss=0.2307 train_acc=0.9492 val_acc=0.6952 v_thresh=13.1144 (663s)
[exp5_perchannel_only] epoch 136/200 loss=0.2280 train_acc=0.9492 v_thresh=13.1144 (668s)
[exp5_perchannel_only] epoch 137/200 loss=0.2234 train_acc=0.9544 v_thresh=13.1144 (672s)
[exp5_perchannel_only] epoch 138/200 loss=0.2211 train_acc=0.9557 v_thresh=13.1144 (677s)
[exp5_perchannel_only] epoch 139/200 loss=0.2184 train_acc=0.9518 v_thresh=13.1144 (682s)
[exp5_perchannel_only] epoch 140/200 loss=0.2185 train_acc=0.9583 val_acc=0.6762 v_thresh=13.1144 (687s)
[exp5_perchannel_only] epoch 141/200 loss=0.2120 train_acc=0.9557 v_thresh=13.1143 (692s)
[exp5_perchannel_only] epoch 142/200 loss=0.2076 train_acc=0.9596 v_thresh=13.1143 (697s)
[exp5_perchannel_only] epoch 143/200 loss=0.2043 train_acc=0.9622 v_thresh=13.1143 (701s)
[exp5_perchannel_only] epoch 144/200 loss=0.2061 train_acc=0.9583 v_thresh=13.1143 (706s)
[exp5_perchannel_only] epoch 145/200 loss=0.2015 train_acc=0.9583 val_acc=0.6952 v_thresh=13.1143 (712s)
[exp5_perchannel_only] epoch 146/200 loss=0.2013 train_acc=0.9622 v_thresh=13.1143 (716s)
[exp5_perchannel_only] epoch 147/200 loss=0.2012 train_acc=0.9596 v_thresh=13.1143 (721s)
[exp5_perchannel_only] epoch 148/200 loss=0.2031 train_acc=0.9648 v_thresh=13.1143 (726s)
[exp5_perchannel_only] epoch 149/200 loss=0.1986 train_acc=0.9674 v_thresh=13.1143 (730s)
[exp5_perchannel_only] epoch 150/200 loss=0.1996 train_acc=0.9609 val_acc=0.6857 v_thresh=13.1143 (736s)
[exp5_perchannel_only] epoch 151/200 loss=0.2009 train_acc=0.9609 v_thresh=13.1143 (741s)
[exp5_perchannel_only] epoch 152/200 loss=0.1936 train_acc=0.9688 v_thresh=13.1143 (745s)
[exp5_perchannel_only] epoch 153/200 loss=0.1962 train_acc=0.9674 v_thresh=13.1143 (750s)
[exp5_perchannel_only] epoch 154/200 loss=0.1949 train_acc=0.9596 v_thresh=13.1143 (755s)
[exp5_perchannel_only] epoch 155/200 loss=0.1966 train_acc=0.9609 val_acc=0.7143 v_thresh=13.1143 (760s)
[exp5_perchannel_only] epoch 156/200 loss=0.1941 train_acc=0.9583 v_thresh=13.1143 (765s)
[exp5_perchannel_only] epoch 157/200 loss=0.1899 train_acc=0.9714 v_thresh=13.1143 (769s)
[exp5_perchannel_only] epoch 158/200 loss=0.1905 train_acc=0.9701 v_thresh=13.1143 (774s)
[exp5_perchannel_only] epoch 159/200 loss=0.1894 train_acc=0.9648 v_thresh=13.1143 (779s)
[exp5_perchannel_only] epoch 160/200 loss=0.1889 train_acc=0.9648 val_acc=0.7190 v_thresh=13.1143 (785s)
[exp5_perchannel_only] epoch 161/200 loss=0.1867 train_acc=0.9701 v_thresh=13.1143 (789s)
[exp5_perchannel_only] epoch 162/200 loss=0.1901 train_acc=0.9674 v_thresh=13.1143 (794s)
[exp5_perchannel_only] epoch 163/200 loss=0.1895 train_acc=0.9688 v_thresh=13.1143 (798s)
[exp5_perchannel_only] epoch 164/200 loss=0.1844 train_acc=0.9688 v_thresh=13.1143 (803s)
[exp5_perchannel_only] epoch 165/200 loss=0.1864 train_acc=0.9688 val_acc=0.7143 v_thresh=13.1143 (809s)
[exp5_perchannel_only] epoch 166/200 loss=0.1872 train_acc=0.9674 v_thresh=13.1143 (813s)
[exp5_perchannel_only] epoch 167/200 loss=0.1843 train_acc=0.9727 v_thresh=13.1144 (818s)
[exp5_perchannel_only] epoch 168/200 loss=0.1863 train_acc=0.9648 v_thresh=13.1144 (823s)
[exp5_perchannel_only] epoch 169/200 loss=0.1823 train_acc=0.9727 v_thresh=13.1144 (827s)
[exp5_perchannel_only] epoch 170/200 loss=0.1838 train_acc=0.9622 val_acc=0.7143 v_thresh=13.1144 (833s)
[exp5_perchannel_only] epoch 171/200 loss=0.1852 train_acc=0.9714 v_thresh=13.1144 (838s)
[exp5_perchannel_only] epoch 172/200 loss=0.1830 train_acc=0.9714 v_thresh=13.1144 (842s)
[exp5_perchannel_only] epoch 173/200 loss=0.1824 train_acc=0.9727 v_thresh=13.1144 (847s)
[exp5_perchannel_only] epoch 174/200 loss=0.1781 train_acc=0.9792 v_thresh=13.1144 (852s)
[exp5_perchannel_only] epoch 175/200 loss=0.1831 train_acc=0.9688 val_acc=0.7000 v_thresh=13.1144 (857s)
[exp5_perchannel_only] epoch 176/200 loss=0.1826 train_acc=0.9714 v_thresh=13.1144 (862s)
[exp5_perchannel_only] epoch 177/200 loss=0.1801 train_acc=0.9740 v_thresh=13.1144 (866s)
[exp5_perchannel_only] epoch 178/200 loss=0.1784 train_acc=0.9753 v_thresh=13.1144 (871s)
[exp5_perchannel_only] epoch 179/200 loss=0.1799 train_acc=0.9740 v_thresh=13.1144 (876s)
[exp5_perchannel_only] epoch 180/200 loss=0.1767 train_acc=0.9766 val_acc=0.7095 v_thresh=13.1144 (881s)
[exp5_perchannel_only] epoch 181/200 loss=0.1781 train_acc=0.9714 v_thresh=13.1144 (886s)
[exp5_perchannel_only] epoch 182/200 loss=0.1811 train_acc=0.9727 v_thresh=13.1144 (891s)
[exp5_perchannel_only] epoch 183/200 loss=0.1774 train_acc=0.9753 v_thresh=13.1144 (895s)
[exp5_perchannel_only] epoch 184/200 loss=0.1772 train_acc=0.9714 v_thresh=13.1144 (900s)
[exp5_perchannel_only] epoch 185/200 loss=0.1790 train_acc=0.9766 val_acc=0.7095 v_thresh=13.1144 (906s)
[exp5_perchannel_only] epoch 186/200 loss=0.1781 train_acc=0.9740 v_thresh=13.1144 (910s)
[exp5_perchannel_only] epoch 187/200 loss=0.1767 train_acc=0.9727 v_thresh=13.1144 (915s)
[exp5_perchannel_only] epoch 188/200 loss=0.1782 train_acc=0.9701 v_thresh=13.1144 (920s)
[exp5_perchannel_only] epoch 189/200 loss=0.1775 train_acc=0.9792 v_thresh=13.1144 (924s)
[exp5_perchannel_only] epoch 190/200 loss=0.1779 train_acc=0.9740 val_acc=0.6952 v_thresh=13.1144 (930s)
[exp5_perchannel_only] epoch 191/200 loss=0.1783 train_acc=0.9740 v_thresh=13.1144 (934s)
[exp5_perchannel_only] epoch 192/200 loss=0.1787 train_acc=0.9766 v_thresh=13.1144 (939s)
[exp5_perchannel_only] epoch 193/200 loss=0.1754 train_acc=0.9753 v_thresh=13.1144 (944s)
[exp5_perchannel_only] epoch 194/200 loss=0.1755 train_acc=0.9753 v_thresh=13.1144 (948s)
[exp5_perchannel_only] epoch 195/200 loss=0.1775 train_acc=0.9740 val_acc=0.7000 v_thresh=13.1144 (954s)
[exp5_perchannel_only] epoch 196/200 loss=0.1762 train_acc=0.9740 v_thresh=13.1144 (959s)
[exp5_perchannel_only] epoch 197/200 loss=0.1772 train_acc=0.9753 v_thresh=13.1144 (963s)
[exp5_perchannel_only] epoch 198/200 loss=0.1759 train_acc=0.9753 v_thresh=13.1144 (968s)
[exp5_perchannel_only] epoch 199/200 loss=0.1775 train_acc=0.9701 v_thresh=13.1144 (973s)
[exp5_perchannel_only] epoch 200/200 loss=0.1747 train_acc=0.9766 val_acc=0.6905 v_thresh=13.1144 (978s)
[exp5_perchannel_only] BEST val_acc=0.7524 at epoch 100 (selected without ever touching the test set)
[exp5_perchannel_only] wrote /home/ihs24/Desktop/CiM-HDC/phase1_firing_characterization/artifacts/dvs_accuracy/exp5_perchannel_only.json
