[nmnist] train=15000 test=10000 classes=10
[nmnist] epoch 1/100 loss=2.5458 train_acc=0.1199 v_thresh=0.9812 (9s)
[nmnist] epoch 2/100 loss=2.2651 train_acc=0.1820 v_thresh=0.9048 (16s)
[nmnist] epoch 3/100 loss=1.8418 train_acc=0.4026 v_thresh=0.7662 (23s)
[nmnist] epoch 4/100 loss=1.3468 train_acc=0.6207 v_thresh=0.6628 (30s)
[nmnist] epoch 5/100 loss=1.0206 train_acc=0.7437 v_thresh=0.5902 (37s)
[nmnist] epoch 6/100 loss=0.8271 train_acc=0.8009 v_thresh=0.5354 (45s)
[nmnist] epoch 7/100 loss=0.7122 train_acc=0.8307 v_thresh=0.4914 (53s)
[nmnist] epoch 8/100 loss=0.6256 train_acc=0.8528 v_thresh=0.4555 (59s)
[nmnist] epoch 9/100 loss=0.5666 train_acc=0.8616 v_thresh=0.4246 (66s)
[nmnist] epoch 10/100 loss=0.5128 train_acc=0.8755 v_thresh=0.3991 (74s)
[nmnist] epoch 11/100 loss=0.4708 train_acc=0.8862 v_thresh=0.3764 (81s)
[nmnist] epoch 12/100 loss=0.4378 train_acc=0.8926 v_thresh=0.3569 (89s)
[nmnist] epoch 13/100 loss=0.4141 train_acc=0.8958 v_thresh=0.3404 (96s)
[nmnist] epoch 14/100 loss=0.3891 train_acc=0.9018 v_thresh=0.3247 (104s)
[nmnist] epoch 15/100 loss=0.3668 train_acc=0.9090 v_thresh=0.3117 (111s)
[nmnist] epoch 16/100 loss=0.3503 train_acc=0.9109 v_thresh=0.2995 (119s)
[nmnist] epoch 17/100 loss=0.3375 train_acc=0.9147 v_thresh=0.2892 (126s)
[nmnist] epoch 18/100 loss=0.3255 train_acc=0.9156 v_thresh=0.2795 (134s)
[nmnist] epoch 19/100 loss=0.3131 train_acc=0.9193 v_thresh=0.2710 (141s)
[nmnist] epoch 20/100 loss=0.3021 train_acc=0.9223 v_thresh=0.2639 (149s)
[nmnist] epoch 21/100 loss=0.2915 train_acc=0.9253 v_thresh=0.2577 (157s)
[nmnist] epoch 22/100 loss=0.2825 train_acc=0.9264 v_thresh=0.2506 (163s)
[nmnist] epoch 23/100 loss=0.2773 train_acc=0.9277 v_thresh=0.2455 (171s)
[nmnist] epoch 24/100 loss=0.2701 train_acc=0.9292 v_thresh=0.2398 (178s)
[nmnist] epoch 25/100 loss=0.2605 train_acc=0.9319 v_thresh=0.2359 (187s)
[nmnist] epoch 26/100 loss=0.2540 train_acc=0.9354 v_thresh=0.2331 (195s)
[nmnist] epoch 27/100 loss=0.2500 train_acc=0.9352 v_thresh=0.2294 (203s)
[nmnist] epoch 28/100 loss=0.2440 train_acc=0.9374 v_thresh=0.2254 (211s)
[nmnist] epoch 29/100 loss=0.2389 train_acc=0.9399 v_thresh=0.2217 (218s)
[nmnist] epoch 30/100 loss=0.2325 train_acc=0.9394 v_thresh=0.2193 (226s)
[nmnist] epoch 31/100 loss=0.2288 train_acc=0.9438 v_thresh=0.2167 (233s)
[nmnist] epoch 32/100 loss=0.2254 train_acc=0.9422 v_thresh=0.2139 (240s)
[nmnist] epoch 33/100 loss=0.2222 train_acc=0.9449 v_thresh=0.2134 (248s)
[nmnist] epoch 34/100 loss=0.2199 train_acc=0.9448 v_thresh=0.2096 (256s)
[nmnist] epoch 35/100 loss=0.2138 train_acc=0.9470 v_thresh=0.2080 (264s)
[nmnist] epoch 36/100 loss=0.2119 train_acc=0.9456 v_thresh=0.2053 (271s)
[nmnist] epoch 37/100 loss=0.2083 train_acc=0.9491 v_thresh=0.2044 (279s)
[nmnist] epoch 38/100 loss=0.2070 train_acc=0.9487 v_thresh=0.2022 (287s)
[nmnist] epoch 39/100 loss=0.2033 train_acc=0.9496 v_thresh=0.2007 (294s)
[nmnist] epoch 40/100 loss=0.2019 train_acc=0.9491 v_thresh=0.1979 (300s)
[nmnist] epoch 41/100 loss=0.1973 train_acc=0.9513 v_thresh=0.1955 (307s)
[nmnist] epoch 42/100 loss=0.1969 train_acc=0.9504 v_thresh=0.1945 (314s)
[nmnist] epoch 43/100 loss=0.1941 train_acc=0.9529 v_thresh=0.1932 (321s)
[nmnist] epoch 44/100 loss=0.1921 train_acc=0.9515 v_thresh=0.1906 (328s)
[nmnist] epoch 45/100 loss=0.1902 train_acc=0.9525 v_thresh=0.1882 (337s)
[nmnist] epoch 46/100 loss=0.1881 train_acc=0.9553 v_thresh=0.1868 (344s)
[nmnist] epoch 47/100 loss=0.1847 train_acc=0.9551 v_thresh=0.1858 (352s)
[nmnist] epoch 48/100 loss=0.1847 train_acc=0.9558 v_thresh=0.1845 (358s)
[nmnist] epoch 49/100 loss=0.1824 train_acc=0.9561 v_thresh=0.1823 (365s)
[nmnist] epoch 50/100 loss=0.1809 train_acc=0.9561 v_thresh=0.1808 (373s)
[nmnist] epoch 51/100 loss=0.1794 train_acc=0.9563 v_thresh=0.1792 (380s)
[nmnist] epoch 52/100 loss=0.1795 train_acc=0.9553 v_thresh=0.1777 (388s)
[nmnist] epoch 53/100 loss=0.1754 train_acc=0.9579 v_thresh=0.1765 (395s)
[nmnist] epoch 54/100 loss=0.1738 train_acc=0.9581 v_thresh=0.1742 (403s)
[nmnist] epoch 55/100 loss=0.1727 train_acc=0.9585 v_thresh=0.1724 (411s)
[nmnist] epoch 56/100 loss=0.1704 train_acc=0.9587 v_thresh=0.1708 (419s)
[nmnist] epoch 57/100 loss=0.1700 train_acc=0.9598 v_thresh=0.1695 (427s)
[nmnist] epoch 58/100 loss=0.1701 train_acc=0.9589 v_thresh=0.1685 (435s)
[nmnist] epoch 59/100 loss=0.1688 train_acc=0.9577 v_thresh=0.1675 (442s)
[nmnist] epoch 60/100 loss=0.1643 train_acc=0.9603 v_thresh=0.1657 (449s)
[nmnist] epoch 61/100 loss=0.1632 train_acc=0.9606 v_thresh=0.1648 (457s)
[nmnist] epoch 62/100 loss=0.1622 train_acc=0.9617 v_thresh=0.1639 (465s)
[nmnist] epoch 63/100 loss=0.1618 train_acc=0.9604 v_thresh=0.1629 (471s)
[nmnist] epoch 64/100 loss=0.1610 train_acc=0.9618 v_thresh=0.1613 (479s)
[nmnist] epoch 65/100 loss=0.1578 train_acc=0.9621 v_thresh=0.1602 (487s)
[nmnist] epoch 66/100 loss=0.1575 train_acc=0.9631 v_thresh=0.1586 (495s)
[nmnist] epoch 67/100 loss=0.1571 train_acc=0.9616 v_thresh=0.1569 (503s)
[nmnist] epoch 68/100 loss=0.1551 train_acc=0.9643 v_thresh=0.1563 (511s)
[nmnist] epoch 69/100 loss=0.1536 train_acc=0.9633 v_thresh=0.1547 (519s)
[nmnist] epoch 70/100 loss=0.1534 train_acc=0.9637 v_thresh=0.1542 (527s)
[nmnist] epoch 71/100 loss=0.1512 train_acc=0.9643 v_thresh=0.1529 (535s)
[nmnist] epoch 72/100 loss=0.1502 train_acc=0.9642 v_thresh=0.1512 (544s)
[nmnist] epoch 73/100 loss=0.1492 train_acc=0.9651 v_thresh=0.1502 (552s)
[nmnist] epoch 74/100 loss=0.1490 train_acc=0.9648 v_thresh=0.1491 (559s)
[nmnist] epoch 75/100 loss=0.1484 train_acc=0.9647 v_thresh=0.1484 (567s)
[nmnist] epoch 76/100 loss=0.1467 train_acc=0.9653 v_thresh=0.1474 (574s)
[nmnist] epoch 77/100 loss=0.1465 train_acc=0.9652 v_thresh=0.1454 (582s)
[nmnist] epoch 78/100 loss=0.1442 train_acc=0.9662 v_thresh=0.1449 (589s)
[nmnist] epoch 79/100 loss=0.1438 train_acc=0.9669 v_thresh=0.1427 (598s)
[nmnist] epoch 80/100 loss=0.1418 train_acc=0.9673 v_thresh=0.1423 (605s)
[nmnist] epoch 81/100 loss=0.1426 train_acc=0.9663 v_thresh=0.1409 (613s)
[nmnist] epoch 82/100 loss=0.1410 train_acc=0.9657 v_thresh=0.1391 (622s)
[nmnist] epoch 83/100 loss=0.1406 train_acc=0.9655 v_thresh=0.1378 (630s)
[nmnist] epoch 84/100 loss=0.1406 train_acc=0.9673 v_thresh=0.1372 (638s)
[nmnist] epoch 85/100 loss=0.1389 train_acc=0.9672 v_thresh=0.1361 (647s)
[nmnist] epoch 86/100 loss=0.1380 train_acc=0.9668 v_thresh=0.1350 (656s)
[nmnist] epoch 87/100 loss=0.1378 train_acc=0.9673 v_thresh=0.1339 (664s)
[nmnist] epoch 88/100 loss=0.1362 train_acc=0.9677 v_thresh=0.1332 (672s)
[nmnist] epoch 89/100 loss=0.1369 train_acc=0.9675 v_thresh=0.1320 (679s)
[nmnist] epoch 90/100 loss=0.1343 train_acc=0.9690 v_thresh=0.1303 (687s)
[nmnist] epoch 91/100 loss=0.1348 train_acc=0.9691 v_thresh=0.1296 (695s)
[nmnist] epoch 92/100 loss=0.1337 train_acc=0.9686 v_thresh=0.1290 (703s)
[nmnist] epoch 93/100 loss=0.1325 train_acc=0.9699 v_thresh=0.1277 (710s)
[nmnist] epoch 94/100 loss=0.1325 train_acc=0.9688 v_thresh=0.1270 (718s)
[nmnist] epoch 95/100 loss=0.1313 train_acc=0.9688 v_thresh=0.1253 (726s)
[nmnist] epoch 96/100 loss=0.1314 train_acc=0.9691 v_thresh=0.1248 (734s)
[nmnist] epoch 97/100 loss=0.1298 train_acc=0.9693 v_thresh=0.1236 (740s)
[nmnist] epoch 98/100 loss=0.1298 train_acc=0.9688 v_thresh=0.1231 (747s)
[nmnist] epoch 99/100 loss=0.1279 train_acc=0.9697 v_thresh=0.1215 (754s)
[nmnist] epoch 100/100 loss=0.1285 train_acc=0.9704 v_thresh=0.1202 (762s)
[nmnist] FINAL test_acc=0.9491
fatal: not a git repository (or any of the parent directories): .git
[nmnist] wrote /home/ihs24/Desktop/CiM-HDC/phase1_firing_characterization/artifacts/rasters/nmnist_n20_T100_seed0.npz
[nmnist] wrote sidecar json
