[PASS] icarus_dvs_seed0_g8_c160: 240 samples, 0 mismatching, 0 access-estimate mismatches, 0 assertion messages, sim 2401.1s
[PASS] icarus_dvs_seed1_g8_c160: 240 samples, 0 mismatching, 0 access-estimate mismatches, 0 assertion messages, sim 2101.3s
[PASS] icarus_dvs_seed2_g8_c160: 240 samples, 0 mismatching, 0 access-estimate mismatches, 0 assertion messages, sim 2061.8s
[PASS] icarus_dvs_seed0_level4_real_gaps: 20 samples, 0 mismatching, 0 access-estimate mismatches, 0 assertion messages, sim 276.6s
[PASS] icarus_dvs_seed1_level4_real_gaps: 20 samples, 0 mismatching, 0 access-estimate mismatches, 0 assertion messages, sim 275.2s
[PASS] icarus_dvs_seed2_level4_real_gaps: 20 samples, 0 mismatching, 0 access-estimate mismatches, 0 assertion messages, sim 279.9s
[PASS] icarus_dvs_seed0_level4_shuffled_gaps: 48 samples, 0 mismatching, 0 access-estimate mismatches, 0 assertion messages, sim 476.1s
[PASS] icarus_dvs_seed0_level4_sorted_gaps: 48 samples, 0 mismatching, 0 access-estimate mismatches, 0 assertion messages, sim 472.7s
[PASS] icarus_dvs_seed1_level4_sorted_nogap: 48 samples, 0 mismatching, 0 access-estimate mismatches, 0 assertion messages, sim 382.2s
[PASS] icarus_nmnist_seed0_g8: 1000 samples, 0 mismatching, 0 access-estimate mismatches, 0 assertion messages, sim 1302.1s
[PASS] icarus_nmnist_seed0_g8_gaps: 200 samples, 0 mismatching, 0 access-estimate mismatches, 0 assertion messages, sim 265.9s
[PASS] icarus_nmnist_seed0_g64: 200 samples, 0 mismatching, 0 access-estimate mismatches, 0 assertion messages, sim 79.6s
[PASS] icarus_dvs_seed0_g4_c160: 48 samples, 0 mismatching, 0 access-estimate mismatches, 0 assertion messages, sim 582.7s
[PASS] icarus_dvs_seed0_g16_c160: 48 samples, 0 mismatching, 0 access-estimate mismatches, 0 assertion messages, sim 269.5s
[PASS] icarus_dvs_seed0_g32_c160: 48 samples, 0 mismatching, 0 access-estimate mismatches, 0 assertion messages, sim 225.7s
[PASS] icarus_dvs_seed0_g64_c160: 48 samples, 0 mismatching, 0 access-estimate mismatches, 0 assertion messages, sim 170.8s
[PASS] icarus_dvs_seed0_g8_c20: 48 samples, 0 mismatching, 0 access-estimate mismatches, 0 assertion messages, sim 2183.6s
[PASS] icarus_dvs_seed0_g64_c20: 48 samples, 0 mismatching, 0 access-estimate mismatches, 0 assertion messages, sim 610.8s
[PASS] icarus_dvs_seed0_g8_noskip: 48 samples, 0 mismatching, 0 access-estimate mismatches, 0 assertion messages, sim 431.3s
Traceback (most recent call last):
  File "/Users/rohankamath/Desktop/IIIT-Bangalore/Projects/Research-Projects/CiM-Based-Neuromorphic-Hyperdimensional-Computing/03_rtl/scripts/compare_sims.py", line 42, in <module>
    res = [compare(*p.split(":")) for p in sys.argv[1:]]
           ~~~~~~~^^^^^^^^^^^^^^^
  File "/Users/rohankamath/Desktop/IIIT-Bangalore/Projects/Research-Projects/CiM-Based-Neuromorphic-Hyperdimensional-Computing/03_rtl/scripts/compare_sims.py", line 21, in compare
    vm, vt = load(vtag); im, it = load(itag)
             ~~~~^^^^^^
  File "/Users/rohankamath/Desktop/IIIT-Bangalore/Projects/Research-Projects/CiM-Based-Neuromorphic-Hyperdimensional-Computing/03_rtl/scripts/compare_sims.py", line 16, in load
    ts[(rows[d["sample"]], d["t"])] = d
        ~~~~^^^^^^^^^^^^^
KeyError: 35
