[PASS] icarus_dvs_seed0_g8_c160: 240 samples, 0 mismatching, 0 access-estimate mismatches, 0 assertion messages, sim 2401.1s
[PASS] icarus_dvs_seed1_g8_c160: 240 samples, 0 mismatching, 0 access-estimate mismatches, 0 assertion messages, sim 2101.3s
[PASS] icarus_dvs_seed2_g8_c160: 240 samples, 0 mismatching, 0 access-estimate mismatches, 0 assertion messages, sim 2061.8s
[PASS] icarus_dvs_seed0_level4_real_gaps: 20 samples, 0 mismatching, 0 access-estimate mismatches, 0 assertion messages, sim 276.6s
[PASS] icarus_dvs_seed1_level4_real_gaps: 20 samples, 0 mismatching, 0 access-estimate mismatches, 0 assertion messages, sim 275.2s
[PASS] icarus_dvs_seed2_level4_real_gaps: 20 samples, 0 mismatching, 0 access-estimate mismatches, 0 assertion messages, sim 279.9s
[PASS] icarus_dvs_seed0_level4_shuffled_gaps: 48 samples, 0 mismatching, 0 access-estimate mismatches, 0 assertion messages, sim 476.1s
[PASS] icarus_dvs_seed0_level4_sorted_gaps: 48 samples, 0 mismatching, 0 access-estimate mismatches, 0 assertion messages, sim 472.7s
[PASS] icarus_dvs_seed1_level4_sorted_nogap: 48 samples, 0 mismatching, 0 access-estimate mismatches, 0 assertion messages, sim 382.2s
[PASS] icarus_nmnist_seed0_g8: 1000 samples, 0 mismatching, 0 access-estimate mismatches, 0 assertion messages, sim 1302.1s
[PASS] icarus_nmnist_seed0_g8_gaps: 200 samples, 0 mismatching, 0 access-estimate mismatches, 0 assertion messages, sim 265.9s
[PASS] icarus_nmnist_seed0_g64: 200 samples, 0 mismatching, 0 access-estimate mismatches, 0 assertion messages, sim 79.6s
[PASS] icarus_dvs_seed0_g4_c160: 48 samples, 0 mismatching, 0 access-estimate mismatches, 0 assertion messages, sim 582.7s
[PASS] sub_dvs_seed0_g4_c160: 48 samples, 0 mismatching, 0 access-estimate mismatches, 0 assertion messages, sim 14.3s
[PASS] icarus_dvs_seed0_g16_c160: 48 samples, 0 mismatching, 0 access-estimate mismatches, 0 assertion messages, sim 269.5s
[PASS] sub_dvs_seed0_g16_c160: 48 samples, 0 mismatching, 0 access-estimate mismatches, 0 assertion messages, sim 10.5s
[PASS] icarus_dvs_seed0_g32_c160: 48 samples, 0 mismatching, 0 access-estimate mismatches, 0 assertion messages, sim 225.7s
[PASS] sub_dvs_seed0_g32_c160: 48 samples, 0 mismatching, 0 access-estimate mismatches, 0 assertion messages, sim 12.0s
[PASS] icarus_dvs_seed0_g64_c160: 48 samples, 0 mismatching, 0 access-estimate mismatches, 0 assertion messages, sim 170.8s
[PASS] sub_dvs_seed0_g64_c160: 48 samples, 0 mismatching, 0 access-estimate mismatches, 0 assertion messages, sim 11.3s
[PASS] icarus_dvs_seed0_g8_c20: 48 samples, 0 mismatching, 0 access-estimate mismatches, 0 assertion messages, sim 2183.6s
[PASS] sub_dvs_seed0_g8_c20: 48 samples, 0 mismatching, 0 access-estimate mismatches, 0 assertion messages, sim 24.5s
[PASS] icarus_dvs_seed0_g64_c20: 48 samples, 0 mismatching, 0 access-estimate mismatches, 0 assertion messages, sim 610.8s
[PASS] sub_dvs_seed0_g64_c20: 48 samples, 0 mismatching, 0 access-estimate mismatches, 0 assertion messages, sim 14.5s
[PASS] icarus_dvs_seed0_g8_noskip: 48 samples, 0 mismatching, 0 access-estimate mismatches, 0 assertion messages, sim 431.3s
[PASS] sub_dvs_seed0_g8_noskip: 48 samples, 0 mismatching, 0 access-estimate mismatches, 0 assertion messages, sim 12.4s
AGREE: icarus_dvs_seed0_g8_c160 vs dvs_seed0_g8_c160: 240 samples, 24000 timesteps, 0 disagreements
AGREE: icarus_dvs_seed1_g8_c160 vs dvs_seed1_g8_c160: 240 samples, 24000 timesteps, 0 disagreements
AGREE: icarus_dvs_seed2_g8_c160 vs dvs_seed2_g8_c160: 240 samples, 24000 timesteps, 0 disagreements
AGREE: icarus_dvs_seed0_level4_real_gaps vs dvs_seed0_level4_real_gaps: 20 samples, 2000 timesteps, 0 disagreements
AGREE: icarus_dvs_seed1_level4_real_gaps vs dvs_seed1_level4_real_gaps: 20 samples, 2000 timesteps, 0 disagreements
AGREE: icarus_dvs_seed2_level4_real_gaps vs dvs_seed2_level4_real_gaps: 20 samples, 2000 timesteps, 0 disagreements
AGREE: icarus_dvs_seed0_level4_shuffled_gaps vs dvs_seed0_level4_shuffled_gaps: 48 samples, 4800 timesteps, 0 disagreements
AGREE: icarus_dvs_seed0_level4_sorted_gaps vs dvs_seed0_level4_sorted_gaps: 48 samples, 4800 timesteps, 0 disagreements
AGREE: icarus_dvs_seed1_level4_sorted_nogap vs dvs_seed1_level4_sorted_nogap: 48 samples, 4800 timesteps, 0 disagreements
AGREE: icarus_nmnist_seed0_g8 vs nmnist_seed0_g8: 1000 samples, 100000 timesteps, 0 disagreements
AGREE: icarus_nmnist_seed0_g8_gaps vs nmnist_seed0_g8_gaps: 200 samples, 20000 timesteps, 0 disagreements
AGREE: icarus_nmnist_seed0_g64 vs nmnist_seed0_g64: 200 samples, 20000 timesteps, 0 disagreements
AGREE: icarus_dvs_seed0_g4_c160 vs sub_dvs_seed0_g4_c160: 48 samples, 4800 timesteps, 0 disagreements
AGREE: icarus_dvs_seed0_g16_c160 vs sub_dvs_seed0_g16_c160: 48 samples, 4800 timesteps, 0 disagreements
AGREE: icarus_dvs_seed0_g32_c160 vs sub_dvs_seed0_g32_c160: 48 samples, 4800 timesteps, 0 disagreements
AGREE: icarus_dvs_seed0_g64_c160 vs sub_dvs_seed0_g64_c160: 48 samples, 4800 timesteps, 0 disagreements
AGREE: icarus_dvs_seed0_g8_c20 vs sub_dvs_seed0_g8_c20: 48 samples, 4800 timesteps, 0 disagreements
AGREE: icarus_dvs_seed0_g64_c20 vs sub_dvs_seed0_g64_c20: 48 samples, 4800 timesteps, 0 disagreements
AGREE: icarus_dvs_seed0_g8_noskip vs sub_dvs_seed0_g8_noskip: 48 samples, 4800 timesteps, 0 disagreements
